2026-02-18 14:33:38,263 - Clicking element: ('xpath', "//span[text()='Price']")
2026-02-18 14:33:40,655 - Clicking element: ('xpath', "//span[text()='Price']")
2026-02-18 14:33:40,724 - Clicking element: ('xpath', "//span[text()='Price']")
2026-02-18 14:33:40,766 - Clicking element: ('xpath', "//span[text()='Price']")
2026-02-18 14:33:40,812 - Clicking element: ('xpath', "//span[text()='Price']")
2026-02-18 14:33:40,859 - Clicking element: ('xpath', "//span[text()='Price']")
2026-02-18 14:33:40,906 - Clicking element: ('xpath', "//span[text()='Price']")
2026-02-18 14:33:40,969 - Clicking element: ('xpath', "//span[text()='Price']")
2026-02-18 14:33:41,062 - Clicking element: ('xpath', "//span[text()='Price']")
2026-02-18 14:33:41,190 - Clicking element: ('xpath', "//span[text()='Price']")
2026-02-18 14:33:41,231 - Clicking element: ('xpath', "//span[text()='Price']")
2026-02-18 14:33:41,278 - Clicking element: ('xpath', "//span[text()='Price']")
2026-02-18 14:33:41,336 - Clicking element: ('xpath', "//span[text()='Price']")
2026-02-18 14:33:41,381 - Clicking element: ('xpath', "//span[text()='Price']")
2026-02-18 14:33:41,428 - Clicking element: ('xpath', "//span[text()='Price']")
2026-02-18 14:33:41,475 - Clicking element: ('xpath', "//span[text()='Price']")
2026-02-18 14:33:41,521 - Clicking element: ('xpath', "//span[text()='Price']")
2026-02-18 14:33:41,568 - Clicking element: ('xpath', "//span[text()='Price']")
2026-02-18 14:33:41,615 - Clicking element: ('xpath', "//span[text()='Price']")
2026-02-18 14:33:41,662 - Clicking element: ('xpath', "//span[text()='Price']")
2026-02-18 14:33:41,709 - Clicking element: ('xpath', "//span[text()='Price']")
2026-02-18 14:33:41,756 - Clicking element: ('xpath', "//span[text()='Price']")
2026-02-18 14:33:41,803 - Clicking element: ('xpath', "//span[text()='Price']")
2026-02-18 14:33:41,850 - Clicking element: ('xpath', "//span[text()='Price']")
2026-02-18 14:33:41,896 - Clicking element: ('xpath', "//span[text()='Price']")
2026-02-18 14:33:41,943 - Clicking element: ('xpath', "//span[text()='Price']")
2026-02-18 14:33:41,974 - Clicking element: ('xpath', "//span[text()='Price']")
2026-02-18 14:33:42,037 - Clicking element: ('xpath', "//span[text()='Price']")
2026-02-18 14:33:42,084 - Clicking element: ('xpath', "//span[text()='Price']")
2026-02-18 14:33:42,115 - Clicking element: ('xpath', "//span[text()='Price']")
2026-02-18 14:33:42,162 - Clicking element: ('xpath', "//span[text()='Price']")
2026-02-18 14:33:42,209 - Clicking element: ('xpath', "//span[text()='Price']")
2026-02-18 14:33:42,256 - Clicking element: ('xpath', "//span[text()='Price']")
2026-02-18 14:33:42,287 - Clicking element: ('xpath', "//span[text()='Price']")
2026-02-18 14:33:42,318 - Clicking element: ('xpath', "//span[text()='Price']")
2026-02-18 14:33:42,365 - Clicking element: ('xpath', "//span[text()='Price']")
2026-02-18 14:33:42,396 - Clicking element: ('xpath', "//span[text()='Price']")
2026-02-18 14:33:42,443 - Clicking element: ('xpath', "//span[text()='Price']")
2026-02-18 14:33:42,490 - Clicking element: ('xpath', "//span[text()='Price']")
2026-02-18 14:33:42,521 - Clicking element: ('xpath', "//span[text()='Price']")
2026-02-18 14:33:42,568 - Clicking element: ('xpath', "//span[text()='Price']")
2026-02-18 14:33:42,615 - Clicking element: ('xpath', "//span[text()='Price']")
2026-02-18 14:33:42,662 - Clicking element: ('xpath', "//span[text()='Price']")
2026-02-18 14:33:42,693 - Clicking element: ('xpath', "//span[text()='Price']")
2026-02-18 14:33:42,740 - Clicking element: ('xpath', "//span[text()='Price']")
2026-02-18 14:33:42,771 - Clicking element: ('xpath', "//span[text()='Price']")
2026-02-18 14:33:42,802 - Clicking element: ('xpath', "//span[text()='Price']")
2026-02-18 14:33:42,849 - Clicking element: ('xpath', "//span[text()='Price']")
2026-02-18 14:33:42,896 - Clicking element: ('xpath', "//span[text()='Price']")
2026-02-18 14:33:42,943 - Clicking element: ('xpath', "//span[text()='Price']")
2026-02-18 14:33:42,974 - Clicking element: ('xpath', "//span[text()='Price']")
2026-02-18 14:33:43,005 - Clicking element: ('xpath', "//span[text()='Price']")
2026-02-18 14:33:43,052 - Clicking element: ('xpath', "//span[text()='Price']")
2026-02-18 14:33:43,084 - Clicking element: ('xpath', "//span[text()='Price']")
2026-02-18 14:33:43,130 - Clicking element: ('xpath', "//span[text()='Price']")
2026-02-18 14:33:43,162 - Clicking element: ('xpath', "//span[text()='Price']")
2026-02-18 14:33:43,193 - Clicking element: ('xpath', "//span[text()='Price']")
2026-02-18 14:33:43,240 - Clicking element: ('xpath', "//span[text()='Price']")
2026-02-18 14:33:43,287 - Clicking element: ('xpath', "//span[text()='Price']")
2026-02-18 14:33:43,318 - Clicking element: ('xpath', "//span[text()='Price']")
2026-02-18 14:33:43,349 - Clicking element: ('xpath', "//span[text()='Price']")
2026-02-18 14:33:43,396 - Clicking element: ('xpath', "//span[text()='Price']")
2026-02-18 14:33:43,427 - Clicking element: ('xpath', "//span[text()='Price']")
2026-02-18 14:33:43,474 - Clicking element: ('xpath', "//span[text()='Price']")
2026-02-18 14:33:43,505 - Clicking element: ('xpath', "//span[text()='Price']")
2026-02-18 14:33:43,552 - Clicking element: ('xpath', "//span[text()='Price']")
2026-02-18 14:33:43,583 - Clicking element: ('xpath', "//span[text()='Price']")
2026-02-18 14:33:43,630 - Clicking element: ('xpath', "//span[text()='Price']")
2026-02-18 14:33:43,662 - Clicking element: ('xpath', "//span[text()='Price']")
2026-02-18 14:33:43,708 - Clicking element: ('xpath', "//span[text()='Price']")
2026-02-18 14:33:43,740 - Clicking element: ('xpath', "//span[text()='Price']")
2026-02-18 14:33:43,787 - Clicking element: ('xpath', "//span[text()='Price']")
2026-02-18 14:33:43,818 - Clicking element: ('xpath', "//span[text()='Price']")
2026-02-18 14:33:43,849 - Clicking element: ('xpath', "//span[text()='Price']")
2026-02-18 14:33:43,896 - Clicking element: ('xpath', "//span[text()='Price']")
2026-02-18 14:33:43,927 - Clicking element: ('xpath', "//span[text()='Price']")
2026-02-18 14:33:43,974 - Clicking element: ('xpath', "//span[text()='Price']")
2026-02-18 14:33:44,005 - Clicking element: ('xpath', "//span[text()='Price']")
2026-02-18 14:33:44,052 - Clicking element: ('xpath', "//span[text()='Price']")
2026-02-18 14:33:44,083 - Clicking element: ('xpath', "//span[text()='Price']")
2026-02-18 14:33:44,115 - Clicking element: ('xpath', "//span[text()='Price']")
2026-02-18 14:33:44,161 - Clicking element: ('xpath', "//span[text()='Price']")
2026-02-18 14:33:44,193 - Clicking element: ('xpath', "//span[text()='Price']")
2026-02-18 14:33:44,240 - Clicking element: ('xpath', "//span[text()='Price']")
2026-02-18 14:33:44,286 - Clicking element: ('xpath', "//span[text()='Price']")
2026-02-18 14:33:44,318 - Clicking element: ('xpath', "//span[text()='Price']")
2026-02-18 14:33:44,349 - Clicking element: ('xpath', "//span[text()='Price']")
2026-02-18 14:33:44,396 - Clicking element: ('xpath', "//span[text()='Price']")
2026-02-18 14:33:44,443 - Clicking element: ('xpath', "//span[text()='Price']")
2026-02-18 14:33:44,474 - Clicking element: ('xpath', "//span[text()='Price']")
2026-02-18 14:33:44,505 - Clicking element: ('xpath', "//span[text()='Price']")
2026-02-18 14:33:44,552 - Clicking element: ('xpath', "//span[text()='Price']")
2026-02-18 14:33:44,583 - Clicking element: ('xpath', "//span[text()='Price']")
2026-02-18 14:33:44,630 - Clicking element: ('xpath', "//span[text()='Price']")
2026-02-18 14:33:44,661 - Clicking element: ('xpath', "//span[text()='Price']")
2026-02-18 14:33:44,708 - Clicking element: ('xpath', "//span[text()='Price']")
2026-02-18 14:33:44,739 - Clicking element: ('xpath', "//span[text()='Price']")
2026-02-18 14:33:44,786 - Clicking element: ('xpath', "//span[text()='Price']")
2026-02-18 14:33:44,818 - Clicking element: ('xpath', "//span[text()='Price']")
2026-02-18 14:33:44,849 - Clicking element: ('xpath', "//span[text()='Price']")
2026-02-18 14:33:44,896 - Clicking element: ('xpath', "//span[text()='Price']")
2026-02-18 14:33:44,927 - Clicking element: ('xpath', "//span[text()='Price']")
2026-02-18 14:33:44,974 - Clicking element: ('xpath', "//span[text()='Price']")
2026-02-18 14:33:45,005 - Clicking element: ('xpath', "//span[text()='Price']")
2026-02-18 14:33:45,036 - Clicking element: ('xpath', "//span[text()='Price']")
2026-02-18 14:33:45,083 - Clicking element: ('xpath', "//span[text()='Price']")
2026-02-18 14:33:45,114 - Clicking element: ('xpath', "//span[text()='Price']")
2026-02-18 14:33:45,161 - Clicking element: ('xpath', "//span[text()='Price']")
2026-02-18 14:33:45,208 - Clicking element: ('xpath', "//span[text()='Price']")
2026-02-18 14:33:45,239 - Clicking element: ('xpath', "//span[text()='Price']")
2026-02-18 14:33:45,271 - Clicking element: ('xpath', "//span[text()='Price']")
2026-02-18 14:33:45,302 - Clicking element: ('xpath', "//span[text()='Price']")
2026-02-18 14:33:45,349 - Clicking element: ('xpath', "//span[text()='Price']")
2026-02-18 14:33:45,380 - Clicking element: ('xpath', "//span[text()='Price']")
2026-02-18 14:33:45,411 - Clicking element: ('xpath', "//span[text()='Price']")
2026-02-18 14:33:45,458 - Clicking element: ('xpath', "//span[text()='Price']")
2026-02-18 14:33:45,489 - Clicking element: ('xpath', "//span[text()='Price']")
2026-02-18 14:33:45,521 - Clicking element: ('xpath', "//span[text()='Price']")
2026-02-18 14:33:45,552 - Clicking element: ('xpath', "//span[text()='Price']")
2026-02-18 14:33:45,599 - Clicking element: ('xpath', "//span[text()='Price']")
2026-02-18 14:33:45,630 - Clicking element: ('xpath', "//span[text()='Price']")
2026-02-18 14:33:45,677 - Clicking element: ('xpath', "//span[text()='Price']")
2026-02-18 14:33:45,708 - Clicking element: ('xpath', "//span[text()='Price']")
2026-02-18 14:33:45,739 - Clicking element: ('xpath', "//span[text()='Price']")
2026-02-18 14:33:45,786 - Clicking element: ('xpath', "//span[text()='Price']")
2026-02-18 14:33:45,817 - Clicking element: ('xpath', "//span[text()='Price']")
2026-02-18 14:33:45,849 - Clicking element: ('xpath', "//span[text()='Price']")
2026-02-18 14:33:45,895 - Clicking element: ('xpath', "//span[text()='Price']")
2026-02-18 14:33:45,927 - Clicking element: ('xpath', "//span[text()='Price']")
2026-02-18 14:33:45,974 - Clicking element: ('xpath', "//span[text()='Price']")
2026-02-18 14:33:46,005 - Clicking element: ('xpath', "//span[text()='Price']")
2026-02-18 14:33:46,036 - Clicking element: ('xpath', "//span[text()='Price']")
2026-02-18 14:33:46,083 - Clicking element: ('xpath', "//span[text()='Price']")
2026-02-18 14:33:46,114 - Clicking element: ('xpath', "//span[text()='Price']")
2026-02-18 14:33:46,161 - Clicking element: ('xpath', "//span[text()='Price']")
2026-02-18 14:33:46,192 - Clicking element: ('xpath', "//span[text()='Price']")
2026-02-18 14:33:46,223 - Clicking element: ('xpath', "//span[text()='Price']")
2026-02-18 14:33:46,270 - Clicking element: ('xpath', "//span[text()='Price']")
2026-02-18 14:33:46,317 - Clicking element: ('xpath', "//span[text()='Price']")
2026-02-18 14:33:46,348 - Clicking element: ('xpath', "//span[text()='Price']")
2026-02-18 14:33:46,395 - Clicking element: ('xpath', "//span[text()='Price']")
2026-02-18 14:33:46,427 - Clicking element: ('xpath', "//span[text()='Price']")
2026-02-18 14:33:46,473 - Clicking element: ('xpath', "//span[text()='Price']")
2026-02-18 14:33:46,505 - Clicking element: ('xpath', "//span[text()='Price']")
2026-02-18 14:33:46,536 - Clicking element: ('xpath', "//span[text()='Price']")
2026-02-18 14:33:46,583 - Clicking element: ('xpath', "//span[text()='Price']")
2026-02-18 14:33:46,630 - Clicking element: ('xpath', "//span[text()='Price']")
2026-02-18 14:33:46,661 - Clicking element: ('xpath', "//span[text()='Price']")
2026-02-18 14:33:46,708 - Clicking element: ('xpath', "//span[text()='Price']")
2026-02-18 14:33:46,739 - Clicking element: ('xpath', "//span[text()='Price']")
2026-02-18 14:33:46,786 - Clicking element: ('xpath', "//span[text()='Price']")
2026-02-18 14:33:46,817 - Clicking element: ('xpath', "//span[text()='Price']")
2026-02-18 14:33:46,848 - Clicking element: ('xpath', "//span[text()='Price']")
2026-02-18 14:33:46,895 - Clicking element: ('xpath', "//span[text()='Price']")
2026-02-18 14:33:46,926 - Clicking element: ('xpath', "//span[text()='Price']")
2026-02-18 14:33:46,973 - Clicking element: ('xpath', "//span[text()='Price']")
2026-02-18 14:33:47,005 - Clicking element: ('xpath', "//span[text()='Price']")
2026-02-18 14:33:47,036 - Clicking element: ('xpath', "//span[text()='Price']")
2026-02-18 14:33:47,083 - Clicking element: ('xpath', "//span[text()='Price']")
2026-02-18 14:33:47,114 - Clicking element: ('xpath', "//span[text()='Price']")
2026-02-18 14:33:47,161 - Clicking element: ('xpath', "//span[text()='Price']")
2026-02-18 14:33:47,208 - Clicking element: ('xpath', "//span[text()='Price']")
2026-02-18 14:33:47,254 - Clicking element: ('xpath', "//span[text()='Price']")
2026-02-18 14:33:47,286 - Clicking element: ('xpath', "//span[text()='Price']")
2026-02-18 14:33:47,317 - Clicking element: ('xpath', "//span[text()='Price']")
2026-02-18 14:33:47,364 - Clicking element: ('xpath', "//span[text()='Price']")
2026-02-18 14:33:47,395 - Clicking element: ('xpath', "//span[text()='Price']")
2026-02-18 14:33:47,426 - Clicking element: ('xpath', "//span[text()='Price']")
2026-02-18 14:33:47,473 - Clicking element: ('xpath', "//span[text()='Price']")
2026-02-18 14:33:47,504 - Clicking element: ('xpath', "//span[text()='Price']")
2026-02-18 14:33:47,536 - Clicking element: ('xpath', "//span[text()='Price']")
2026-02-18 14:33:47,583 - Clicking element: ('xpath', "//span[text()='Price']")
2026-02-18 14:33:47,614 - Clicking element: ('xpath', "//span[text()='Price']")
2026-02-18 14:33:47,661 - Clicking element: ('xpath', "//span[text()='Price']")
2026-02-18 14:33:47,692 - Clicking element: ('xpath', "//span[text()='Price']")
2026-02-18 14:33:47,739 - Clicking element: ('xpath', "//span[text()='Price']")
2026-02-18 14:33:47,770 - Clicking element: ('xpath', "//span[text()='Price']")
2026-02-18 14:33:47,817 - Clicking element: ('xpath', "//span[text()='Price']")
2026-02-18 14:33:47,911 - Clicking element: ('xpath', "//span[text()='Price']")
2026-02-18 14:33:47,957 - Clicking element: ('xpath', "//span[text()='Price']")
2026-02-18 14:33:48,004 - Clicking element: ('xpath', "//span[text()='Price']")
2026-02-18 14:33:48,036 - Clicking element: ('xpath', "//span[text()='Price']")
2026-02-18 14:33:48,082 - Clicking element: ('xpath', "//span[text()='Price']")
2026-02-18 14:33:48,114 - Clicking element: ('xpath', "//span[text()='Price']")
2026-02-18 14:33:48,145 - Clicking element: ('xpath', "//span[text()='Price']")
2026-02-18 14:33:48,192 - Clicking element: ('xpath', "//span[text()='Price']")
2026-02-18 14:33:48,223 - Clicking element: ('xpath', "//span[text()='Price']")
2026-02-18 14:33:48,254 - Clicking element: ('xpath', "//span[text()='Price']")
2026-02-18 14:33:48,301 - Clicking element: ('xpath', "//span[text()='Price']")
2026-02-18 14:33:48,332 - Clicking element: ('xpath', "//span[text()='Price']")
2026-02-18 14:33:48,379 - Clicking element: ('xpath', "//span[text()='Price']")
2026-02-18 14:33:48,410 - Clicking element: ('xpath', "//span[text()='Price']")
2026-02-18 14:33:48,442 - Clicking element: ('xpath', "//span[text()='Price']")
2026-02-18 14:33:48,489 - Clicking element: ('xpath', "//span[text()='Price']")
2026-02-18 14:33:48,520 - Clicking element: ('xpath', "//span[text()='Price']")
2026-02-18 14:33:48,551 - Clicking element: ('xpath', "//span[text()='Price']")
2026-02-18 14:33:48,598 - Clicking element: ('xpath', "//span[text()='Price']")
2026-02-18 14:33:48,629 - Clicking element: ('xpath', "//span[text()='Price']")
2026-02-18 14:33:48,660 - Clicking element: ('xpath', "//span[text()='Price']")
2026-02-18 14:33:48,707 - Clicking element: ('xpath', "//span[text()='Price']")
2026-02-18 14:33:48,739 - Clicking element: ('xpath', "//span[text()='Price']")
2026-02-18 14:33:48,770 - Clicking element: ('xpath', "//span[text()='Price']")
2026-02-18 14:33:48,801 - Clicking element: ('xpath', "//span[text()='Price']")
2026-02-18 14:33:48,832 - Clicking element: ('xpath', "//span[text()='Price']")
2026-02-18 14:33:48,879 - Clicking element: ('xpath', "//span[text()='Price']")
2026-02-18 14:33:48,910 - Clicking element: ('xpath', "//span[text()='Price']")
2026-02-18 14:33:48,957 - Clicking element: ('xpath', "//span[text()='Price']")
2026-02-18 14:33:48,988 - Clicking element: ('xpath', "//span[text()='Price']")
2026-02-18 14:33:49,035 - Clicking element: ('xpath', "//span[text()='Price']")
2026-02-18 14:33:49,067 - Clicking element: ('xpath', "//span[text()='Price']")
2026-02-18 14:33:49,113 - Clicking element: ('xpath', "//span[text()='Price']")
2026-02-18 14:33:49,145 - Clicking element: ('xpath', "//span[text()='Price']")
2026-02-18 14:33:49,176 - Clicking element: ('xpath', "//span[text()='Price']")
2026-02-18 14:33:49,207 - Clicking element: ('xpath', "//span[text()='Price']")
2026-02-18 14:33:49,238 - Clicking element: ('xpath', "//span[text()='Price']")
2026-02-18 14:33:49,285 - Clicking element: ('xpath', "//span[text()='Price']")
2026-02-18 14:33:49,317 - Clicking element: ('xpath', "//span[text()='Price']")
2026-02-18 14:33:49,348 - Clicking element: ('xpath', "//span[text()='Price']")
2026-02-18 14:33:49,395 - Clicking element: ('xpath', "//span[text()='Price']")
2026-02-18 14:33:49,426 - Clicking element: ('xpath', "//span[text()='Price']")
2026-02-18 14:33:49,457 - Clicking element: ('xpath', "//span[text()='Price']")
2026-02-18 14:33:49,488 - Clicking element: ('xpath', "//span[text()='Price']")
2026-02-18 14:33:49,535 - Clicking element: ('xpath', "//span[text()='Price']")
2026-02-18 14:33:49,566 - Clicking element: ('xpath', "//span[text()='Price']")
2026-02-18 14:33:49,598 - Clicking element: ('xpath', "//span[text()='Price']")
2026-02-18 14:33:49,629 - Clicking element: ('xpath', "//span[text()='Price']")
2026-02-18 14:33:49,660 - Clicking element: ('xpath', "//span[text()='Price']")
2026-02-18 14:33:49,707 - Clicking element: ('xpath', "//span[text()='Price']")
2026-02-18 14:33:49,738 - Clicking element: ('xpath', "//span[text()='Price']")
2026-02-18 14:33:49,770 - Clicking element: ('xpath', "//span[text()='Price']")
2026-02-18 14:33:49,801 - Clicking element: ('xpath', "//span[text()='Price']")
2026-02-18 14:33:49,832 - Clicking element: ('xpath', "//span[text()='Price']")
2026-02-18 14:33:49,863 - Clicking element: ('xpath', "//span[text()='Price']")
2026-02-18 14:33:49,910 - Clicking element: ('xpath', "//span[text()='Price']")
2026-02-18 14:33:49,941 - Clicking element: ('xpath', "//span[text()='Price']")
2026-02-18 14:33:49,973 - Clicking element: ('xpath', "//span[text()='Price']")
2026-02-18 14:33:50,004 - Clicking element: ('xpath', "//span[text()='Price']")
2026-02-18 14:33:50,051 - Clicking element: ('xpath', "//span[text()='Price']")
2026-02-18 14:33:50,082 - Clicking element: ('xpath', "//span[text()='Price']")
2026-02-18 14:33:50,113 - Clicking element: ('xpath', "//span[text()='Price']")
2026-02-18 14:33:50,144 - Clicking element: ('xpath', "//span[text()='Price']")
2026-02-18 14:33:50,176 - Clicking element: ('xpath', "//span[text()='Price']")
2026-02-18 14:33:50,223 - Clicking element: ('xpath', "//span[text()='Price']")
2026-02-18 14:33:50,254 - Clicking element: ('xpath', "//span[text()='Price']")
2026-02-18 14:33:50,285 - Clicking element: ('xpath', "//span[text()='Price']")
2026-02-18 14:33:50,316 - Clicking element: ('xpath', "//span[text()='Price']")
2026-02-18 14:33:50,348 - Clicking element: ('xpath', "//span[text()='Price']")
2026-02-18 14:33:50,379 - Clicking element: ('xpath', "//span[text()='Price']")
2026-02-18 14:33:50,410 - Clicking element: ('xpath', "//span[text()='Price']")
2026-02-18 14:33:50,457 - Clicking element: ('xpath', "//span[text()='Price']")
2026-02-18 14:33:50,488 - Clicking element: ('xpath', "//span[text()='Price']")
2026-02-18 14:33:50,519 - Clicking element: ('xpath', "//span[text()='Price']")
2026-02-18 14:33:50,551 - Clicking element: ('xpath', "//span[text()='Price']")
2026-02-18 14:33:50,597 - Clicking element: ('xpath', "//span[text()='Price']")
2026-02-18 14:33:50,629 - Clicking element: ('xpath', "//span[text()='Price']")
2026-02-18 14:33:50,676 - Clicking element: ('xpath', "//span[text()='Price']")
2026-02-18 14:33:50,707 - Clicking element: ('xpath', "//span[text()='Price']")
2026-02-18 14:33:50,738 - Clicking element: ('xpath', "//span[text()='Price']")
2026-02-18 14:33:50,769 - Clicking element: ('xpath', "//span[text()='Price']")
2026-02-18 14:33:50,801 - Clicking element: ('xpath', "//span[text()='Price']")
2026-02-18 14:33:50,832 - Clicking element: ('xpath', "//span[text()='Price']")
2026-02-18 14:33:50,879 - Clicking element: ('xpath', "//span[text()='Price']")
2026-02-18 14:33:50,910 - Clicking element: ('xpath', "//span[text()='Price']")
2026-02-18 14:33:50,957 - Clicking element: ('xpath', "//span[text()='Price']")
2026-02-18 14:33:50,988 - Clicking element: ('xpath', "//span[text()='Price']")
2026-02-18 14:33:51,019 - Clicking element: ('xpath', "//span[text()='Price']")
2026-02-18 14:33:51,050 - Clicking element: ('xpath', "//span[text()='Price']")
2026-02-18 14:33:51,082 - Clicking element: ('xpath', "//span[text()='Price']")
2026-02-18 14:33:51,113 - Clicking element: ('xpath', "//span[text()='Price']")
2026-02-18 14:33:51,160 - Clicking element: ('xpath', "//span[text()='Price']")
2026-02-18 14:33:51,191 - Clicking element: ('xpath', "//span[text()='Price']")
2026-02-18 14:33:51,222 - Clicking element: ('xpath', "//span[text()='Price']")
2026-02-18 14:33:51,254 - Clicking element: ('xpath', "//span[text()='Price']")
2026-02-18 14:33:51,300 - Clicking element: ('xpath', "//span[text()='Price']")
2026-02-18 14:33:51,332 - Clicking element: ('xpath', "//span[text()='Price']")
2026-02-18 14:33:51,363 - Clicking element: ('xpath', "//span[text()='Price']")
2026-02-18 14:33:51,394 - Clicking element: ('xpath', "//span[text()='Price']")
2026-02-18 14:33:51,441 - Clicking element: ('xpath', "//span[text()='Price']")
2026-02-18 14:33:51,472 - Clicking element: ('xpath', "//span[text()='Price']")
2026-02-18 14:33:51,503 - Clicking element: ('xpath', "//span[text()='Price']")
2026-02-18 14:33:51,550 - Clicking element: ('xpath', "//span[text()='Price']")
2026-02-18 14:33:51,582 - Clicking element: ('xpath', "//span[text()='Price']")
2026-02-18 14:33:51,613 - Clicking element: ('xpath', "//span[text()='Price']")
2026-02-18 14:33:51,660 - Clicking element: ('xpath', "//span[text()='Price']")
2026-02-18 14:33:51,691 - Clicking element: ('xpath', "//span[text()='Price']")
2026-02-18 14:33:51,722 - Clicking element: ('xpath', "//span[text()='Price']")
2026-02-18 14:33:51,753 - Clicking element: ('xpath', "//span[text()='Price']")
2026-02-18 14:33:51,800 - Clicking element: ('xpath', "//span[text()='Price']")
2026-02-18 14:33:51,847 - Clicking element: ('xpath', "//span[text()='Price']")
2026-02-18 14:33:51,894 - Clicking element: ('xpath', "//span[text()='Price']")
2026-02-18 14:33:51,925 - Clicking element: ('xpath', "//span[text()='Price']")
2026-02-18 14:33:51,972 - Clicking element: ('xpath', "//span[text()='Price']")
2026-02-18 14:33:52,003 - Clicking element: ('xpath', "//span[text()='Price']")
2026-02-18 14:33:52,035 - Clicking element: ('xpath', "//span[text()='Price']")
2026-02-18 14:33:52,081 - Clicking element: ('xpath', "//span[text()='Price']")
2026-02-18 14:33:52,113 - Clicking element: ('xpath', "//span[text()='Price']")
2026-02-18 14:33:52,144 - Clicking element: ('xpath', "//span[text()='Price']")
2026-02-18 14:33:52,191 - Clicking element: ('xpath', "//span[text()='Price']")
2026-02-18 14:33:52,222 - Clicking element: ('xpath', "//span[text()='Price']")
2026-02-18 14:33:52,253 - Clicking element: ('xpath', "//span[text()='Price']")
2026-02-18 14:33:52,300 - Clicking element: ('xpath', "//span[text()='Price']")
2026-02-18 14:33:52,331 - Clicking element: ('xpath', "//span[text()='Price']")
2026-02-18 14:33:52,378 - Clicking element: ('xpath', "//span[text()='Price']")
2026-02-18 14:33:52,410 - Clicking element: ('xpath', "//span[text()='Price']")
2026-02-18 14:33:52,441 - Clicking element: ('xpath', "//span[text()='Price']")
2026-02-18 14:33:52,472 - Clicking element: ('xpath', "//span[text()='Price']")
2026-02-18 14:33:52,519 - Clicking element: ('xpath', "//span[text()='Price']")
2026-02-18 14:33:52,550 - Clicking element: ('xpath', "//span[text()='Price']")
2026-02-18 14:33:52,581 - Clicking element: ('xpath', "//span[text()='Price']")
2026-02-18 14:33:52,628 - Clicking element: ('xpath', "//span[text()='Price']")
2026-02-18 14:33:52,675 - Clicking element: ('xpath', "//span[text()='Price']")
2026-02-18 14:33:52,706 - Clicking element: ('xpath', "//span[text()='Price']")
2026-02-18 14:33:52,738 - Clicking element: ('xpath', "//span[text()='Price']")
2026-02-18 14:33:52,769 - Clicking element: ('xpath', "//span[text()='Price']")
2026-02-18 14:33:52,800 - Clicking element: ('xpath', "//span[text()='Price']")
2026-02-18 14:33:52,847 - Clicking element: ('xpath', "//span[text()='Price']")
2026-02-18 14:33:52,878 - Clicking element: ('xpath', "//span[text()='Price']")
2026-02-18 14:33:52,909 - Clicking element: ('xpath', "//span[text()='Price']")
2026-02-18 14:33:52,941 - Clicking element: ('xpath', "//span[text()='Price']")
2026-02-18 14:33:52,988 - Clicking element: ('xpath', "//span[text()='Price']")
2026-02-18 14:33:53,019 - Clicking element: ('xpath', "//span[text()='Price']")
2026-02-18 14:33:53,050 - Clicking element: ('xpath', "//span[text()='Price']")
2026-02-18 14:33:53,081 - Clicking element: ('xpath', "//span[text()='Price']")
2026-02-18 14:33:53,128 - Clicking element: ('xpath', "//span[text()='Price']")
2026-02-18 14:33:53,159 - Clicking element: ('xpath', "//span[text()='Price']")
2026-02-18 14:33:53,206 - Clicking element: ('xpath', "//span[text()='Price']")
2026-02-18 14:33:53,237 - Clicking element: ('xpath', "//span[text()='Price']")
2026-02-18 14:33:53,269 - Clicking element: ('xpath', "//span[text()='Price']")
2026-02-18 14:33:53,316 - Clicking element: ('xpath', "//span[text()='Price']")
2026-02-18 14:33:53,347 - Clicking element: ('xpath', "//span[text()='Price']")
2026-02-18 14:33:53,378 - Clicking element: ('xpath', "//span[text()='Price']")
2026-02-18 14:33:53,409 - Clicking element: ('xpath', "//span[text()='Price']")
2026-02-18 14:33:53,456 - Clicking element: ('xpath', "//span[text()='Price']")
2026-02-18 14:33:53,487 - Clicking element: ('xpath', "//span[text()='Price']")
2026-02-18 14:33:53,519 - Clicking element: ('xpath', "//span[text()='Price']")
2026-02-18 14:33:53,550 - Clicking element: ('xpath', "//span[text()='Price']")
2026-02-18 14:33:53,597 - Clicking element: ('xpath', "//span[text()='Price']")
2026-02-18 14:33:53,628 - Clicking element: ('xpath', "//span[text()='Price']")
2026-02-18 14:33:53,675 - Clicking element: ('xpath', "//span[text()='Price']")
2026-02-18 14:33:53,706 - Clicking element: ('xpath', "//span[text()='Price']")
2026-02-18 14:33:53,737 - Clicking element: ('xpath', "//span[text()='Price']")
2026-02-18 14:33:53,784 - Clicking element: ('xpath', "//span[text()='Price']")
2026-02-18 14:33:53,815 - Clicking element: ('xpath', "//span[text()='Price']")
2026-02-18 14:33:53,847 - Clicking element: ('xpath', "//span[text()='Price']")
2026-02-18 14:33:53,894 - Clicking element: ('xpath', "//span[text()='Price']")
2026-02-18 14:33:53,925 - Clicking element: ('xpath', "//span[text()='Price']")
2026-02-18 14:33:53,972 - Clicking element: ('xpath', "//span[text()='Price']")
2026-02-18 14:33:54,003 - Clicking element: ('xpath', "//span[text()='Price']")
2026-02-18 14:33:54,034 - Clicking element: ('xpath', "//span[text()='Price']")
2026-02-18 14:33:54,065 - Clicking element: ('xpath', "//span[text()='Price']")
2026-02-18 14:33:54,112 - Clicking element: ('xpath', "//span[text()='Price']")
2026-02-18 14:33:54,143 - Clicking element: ('xpath', "//span[text()='Price']")
2026-02-18 14:33:54,175 - Clicking element: ('xpath', "//span[text()='Price']")
2026-02-18 14:33:54,206 - Clicking element: ('xpath', "//span[text()='Price']")
2026-02-18 14:33:54,253 - Clicking element: ('xpath', "//span[text()='Price']")
2026-02-18 14:33:54,284 - Clicking element: ('xpath', "//span[text()='Price']")
2026-02-18 14:33:54,315 - Clicking element: ('xpath', "//span[text()='Price']")
2026-02-18 14:33:54,362 - Clicking element: ('xpath', "//span[text()='Price']")
2026-02-18 14:33:54,393 - Clicking element: ('xpath', "//span[text()='Price']")
2026-02-18 14:33:54,440 - Clicking element: ('xpath', "//span[text()='Price']")
2026-02-18 14:33:54,472 - Clicking element: ('xpath', "//span[text()='Price']")
2026-02-18 14:33:54,518 - Clicking element: ('xpath', "//span[text()='Price']")
2026-02-18 14:33:54,550 - Clicking element: ('xpath', "//span[text()='Price']")
2026-02-18 14:33:54,581 - Clicking element: ('xpath', "//span[text()='Price']")
2026-02-18 14:33:54,612 - Clicking element: ('xpath', "//span[text()='Price']")
2026-02-18 14:33:54,659 - Clicking element: ('xpath', "//span[text()='Price']")
2026-02-18 14:33:54,690 - Clicking element: ('xpath', "//span[text()='Price']")
2026-02-18 14:33:54,721 - Clicking element: ('xpath', "//span[text()='Price']")
2026-02-18 14:33:54,768 - Clicking element: ('xpath', "//span[text()='Price']")
2026-02-18 14:33:54,800 - Clicking element: ('xpath', "//span[text()='Price']")
2026-02-18 14:33:54,831 - Clicking element: ('xpath', "//span[text()='Price']")
2026-02-18 14:33:54,878 - Clicking element: ('xpath', "//span[text()='Price']")
2026-02-18 14:33:54,909 - Clicking element: ('xpath', "//span[text()='Price']")
2026-02-18 14:33:54,940 - Clicking element: ('xpath', "//span[text()='Price']")
2026-02-18 14:33:54,971 - Clicking element: ('xpath', "//span[text()='Price']")
2026-02-18 14:33:55,018 - Clicking element: ('xpath', "//span[text()='Price']")
2026-02-18 14:33:55,050 - Clicking element: ('xpath', "//span[text()='Price']")
2026-02-18 14:33:55,081 - Clicking element: ('xpath', "//span[text()='Price']")
2026-02-18 14:33:55,112 - Clicking element: ('xpath', "//span[text()='Price']")
2026-02-18 14:33:55,159 - Clicking element: ('xpath', "//span[text()='Price']")
2026-02-18 14:33:55,190 - Clicking element: ('xpath', "//span[text()='Price']")
2026-02-18 14:33:55,221 - Clicking element: ('xpath', "//span[text()='Price']")
2026-02-18 14:33:55,253 - Clicking element: ('xpath', "//span[text()='Price']")
2026-02-18 14:33:55,299 - Clicking element: ('xpath', "//span[text()='Price']")
2026-02-18 14:33:55,331 - Clicking element: ('xpath', "//span[text()='Price']")
2026-02-18 14:33:55,362 - Clicking element: ('xpath', "//span[text()='Price']")
2026-02-18 14:33:55,393 - Clicking element: ('xpath', "//span[text()='Price']")
2026-02-18 14:33:55,424 - Clicking element: ('xpath', "//span[text()='Price']")
2026-02-18 14:33:55,471 - Clicking element: ('xpath', "//span[text()='Price']")
2026-02-18 14:33:55,503 - Clicking element: ('xpath', "//span[text()='Price']")
2026-02-18 14:33:55,534 - Clicking element: ('xpath', "//span[text()='Price']")
2026-02-18 14:33:55,581 - Clicking element: ('xpath', "//span[text()='Price']")
2026-02-18 14:33:55,612 - Clicking element: ('xpath', "//span[text()='Price']")
2026-02-18 14:33:55,643 - Clicking element: ('xpath', "//span[text()='Price']")
2026-02-18 14:33:55,690 - Clicking element: ('xpath', "//span[text()='Price']")
2026-02-18 14:33:55,721 - Clicking element: ('xpath', "//span[text()='Price']")
2026-02-18 14:33:55,768 - Clicking element: ('xpath', "//span[text()='Price']")
2026-02-18 14:33:55,799 - Clicking element: ('xpath', "//span[text()='Price']")
2026-02-18 14:33:55,831 - Clicking element: ('xpath', "//span[text()='Price']")
2026-02-18 14:33:55,862 - Clicking element: ('xpath', "//span[text()='Price']")
2026-02-18 14:33:55,893 - Clicking element: ('xpath', "//span[text()='Price']")
2026-02-18 14:33:55,940 - Clicking element: ('xpath', "//span[text()='Price']")
2026-02-18 14:33:55,971 - Clicking element: ('xpath', "//span[text()='Price']")
2026-02-18 14:33:56,002 - Clicking element: ('xpath', "//span[text()='Price']")
2026-02-18 14:33:56,049 - Clicking element: ('xpath', "//span[text()='Price']")
2026-02-18 14:33:56,081 - Clicking element: ('xpath', "//span[text()='Price']")
2026-02-18 14:33:56,112 - Clicking element: ('xpath', "//span[text()='Price']")
2026-02-18 14:33:56,143 - Clicking element: ('xpath', "//span[text()='Price']")
2026-02-18 14:33:56,190 - Clicking element: ('xpath', "//span[text()='Price']")
2026-02-18 14:33:56,221 - Clicking element: ('xpath', "//span[text()='Price']")
2026-02-18 14:33:56,252 - Clicking element: ('xpath', "//span[text()='Price']")
2026-02-18 14:33:56,284 - Clicking element: ('xpath', "//span[text()='Price']")
2026-02-18 14:33:56,330 - Clicking element: ('xpath', "//span[text()='Price']")
2026-02-18 14:33:56,362 - Clicking element: ('xpath', "//span[text()='Price']")
2026-02-18 14:33:56,409 - Clicking element: ('xpath', "//span[text()='Price']")
2026-02-18 14:33:56,440 - Clicking element: ('xpath', "//span[text()='Price']")
2026-02-18 14:33:56,471 - Clicking element: ('xpath', "//span[text()='Price']")
2026-02-18 14:33:56,502 - Clicking element: ('xpath', "//span[text()='Price']")
2026-02-18 14:33:56,549 - Clicking element: ('xpath', "//span[text()='Price']")
2026-02-18 14:33:56,580 - Clicking element: ('xpath', "//span[text()='Price']")
2026-02-18 14:33:56,612 - Clicking element: ('xpath', "//span[text()='Price']")
2026-02-18 14:33:56,643 - Clicking element: ('xpath', "//span[text()='Price']")
2026-02-18 14:33:56,674 - Clicking element: ('xpath', "//span[text()='Price']")
2026-02-18 14:33:56,721 - Clicking element: ('xpath', "//span[text()='Price']")
2026-02-18 14:33:56,752 - Clicking element: ('xpath', "//span[text()='Price']")
2026-02-18 14:33:56,784 - Clicking element: ('xpath', "//span[text()='Price']")
2026-02-18 14:33:56,830 - Clicking element: ('xpath', "//span[text()='Price']")
2026-02-18 14:33:56,862 - Clicking element: ('xpath', "//span[text()='Price']")
2026-02-18 14:33:56,893 - Clicking element: ('xpath', "//span[text()='Price']")
2026-02-18 14:33:56,924 - Clicking element: ('xpath', "//span[text()='Price']")
2026-02-18 14:33:56,971 - Clicking element: ('xpath', "//span[text()='Price']")
2026-02-18 14:33:57,002 - Clicking element: ('xpath', "//span[text()='Price']")
2026-02-18 14:33:57,033 - Clicking element: ('xpath', "//span[text()='Price']")
2026-02-18 14:33:57,065 - Clicking element: ('xpath', "//span[text()='Price']")
2026-02-18 14:33:57,112 - Clicking element: ('xpath', "//span[text()='Price']")
2026-02-18 14:33:57,143 - Clicking element: ('xpath', "//span[text()='Price']")
2026-02-18 14:33:57,174 - Clicking element: ('xpath', "//span[text()='Price']")
2026-02-18 14:33:57,205 - Clicking element: ('xpath', "//span[text()='Price']")
2026-02-18 14:33:57,237 - Clicking element: ('xpath', "//span[text()='Price']")
2026-02-18 14:33:57,268 - Clicking element: ('xpath', "//span[text()='Price']")
2026-02-18 14:33:57,315 - Clicking element: ('xpath', "//span[text()='Price']")
2026-02-18 14:33:57,346 - Clicking element: ('xpath', "//span[text()='Price']")
2026-02-18 14:33:57,377 - Clicking element: ('xpath', "//span[text()='Price']")
2026-02-18 14:33:57,424 - Clicking element: ('xpath', "//span[text()='Price']")
2026-02-18 14:33:57,455 - Clicking element: ('xpath', "//span[text()='Price']")
2026-02-18 14:33:57,502 - Clicking element: ('xpath', "//span[text()='Price']")
2026-02-18 14:33:57,533 - Clicking element: ('xpath', "//span[text()='Price']")
2026-02-18 14:33:57,580 - Clicking element: ('xpath', "//span[text()='Price']")
2026-02-18 14:33:57,611 - Clicking element: ('xpath', "//span[text()='Price']")
2026-02-18 14:33:57,643 - Clicking element: ('xpath', "//span[text()='Price']")
2026-02-18 14:33:57,674 - Clicking element: ('xpath', "//span[text()='Price']")
2026-02-18 14:33:57,721 - Clicking element: ('xpath', "//span[text()='Price']")
2026-02-18 14:33:57,752 - Clicking element: ('xpath', "//span[text()='Price']")
2026-02-18 14:33:57,783 - Clicking element: ('xpath', "//span[text()='Price']")
2026-02-18 14:33:57,815 - Clicking element: ('xpath', "//span[text()='Price']")
2026-02-18 14:33:57,861 - Clicking element: ('xpath', "//span[text()='Price']")
2026-02-18 14:33:57,893 - Clicking element: ('xpath', "//span[text()='Price']")
2026-02-18 14:33:57,924 - Clicking element: ('xpath', "//span[text()='Price']")
2026-02-18 14:33:57,971 - Clicking element: ('xpath', "//span[text()='Price']")
2026-02-18 14:33:58,002 - Clicking element: ('xpath', "//span[text()='Price']")
2026-02-18 14:33:58,033 - Clicking element: ('xpath', "//span[text()='Price']")
2026-02-18 14:33:58,064 - Clicking element: ('xpath', "//span[text()='Price']")
2026-02-18 14:33:58,111 - Clicking element: ('xpath', "//span[text()='Price']")
2026-02-18 14:33:58,143 - Clicking element: ('xpath', "//span[text()='Price']")
2026-02-18 14:33:58,174 - Clicking element: ('xpath', "//span[text()='Price']")
2026-02-18 14:33:58,221 - Clicking element: ('xpath', "//span[text()='Price']")
2026-02-18 14:33:58,252 - Clicking element: ('xpath', "//span[text()='Price']")
2026-02-18 14:33:58,283 - Clicking element: ('xpath', "//span[text()='Price']")
2026-02-18 14:33:58,314 - Clicking element: ('xpath', "//span[text()='Price']")
2026-02-18 14:33:58,346 - Clicking element: ('xpath', "//span[text()='Price']")
2026-02-18 14:33:58,393 - Clicking element: ('xpath', "//span[text()='Price']")
2026-02-18 14:33:58,424 - Clicking element: ('xpath', "//span[text()='Price']")
2026-02-18 14:33:58,455 - Clicking element: ('xpath', "//span[text()='Price']")
2026-02-18 14:33:58,627 - Clicking element: ('xpath', "//span[text()='Price']")
2026-02-18 14:33:58,658 - Clicking element: ('xpath', "//span[text()='Price']")
2026-02-18 14:33:58,689 - Clicking element: ('xpath', "//span[text()='Price']")
2026-02-18 14:33:58,736 - Clicking element: ('xpath', "//span[text()='Price']")
2026-02-18 14:33:58,767 - Clicking element: ('xpath', "//span[text()='Price']")
2026-02-18 14:33:58,799 - Clicking element: ('xpath', "//span[text()='Price']")
2026-02-18 14:33:58,830 - Clicking element: ('xpath', "//span[text()='Price']")
2026-02-18 14:33:58,877 - Clicking element: ('xpath', "//span[text()='Price']")
2026-02-18 14:33:58,908 - Clicking element: ('xpath', "//span[text()='Price']")
2026-02-18 14:33:58,955 - Clicking element: ('xpath', "//span[text()='Price']")
2026-02-18 14:33:58,986 - Clicking element: ('xpath', "//span[text()='Price']")
2026-02-18 14:33:59,033 - Clicking element: ('xpath', "//span[text()='Price']")
2026-02-18 14:33:59,064 - Clicking element: ('xpath', "//span[text()='Price']")
2026-02-18 14:33:59,095 - Clicking element: ('xpath', "//span[text()='Price']")
2026-02-18 14:33:59,127 - Clicking element: ('xpath', "//span[text()='Price']")
2026-02-18 14:33:59,158 - Clicking element: ('xpath', "//span[text()='Price']")
2026-02-18 14:33:59,205 - Clicking element: ('xpath', "//span[text()='Price']")
2026-02-18 14:33:59,236 - Clicking element: ('xpath', "//span[text()='Price']")
2026-02-18 14:33:59,267 - Clicking element: ('xpath', "//span[text()='Price']")
2026-02-18 14:33:59,299 - Clicking element: ('xpath', "//span[text()='Price']")
2026-02-18 14:33:59,345 - Clicking element: ('xpath', "//span[text()='Price']")
2026-02-18 14:33:59,377 - Clicking element: ('xpath', "//span[text()='Price']")
2026-02-18 14:33:59,424 - Clicking element: ('xpath', "//span[text()='Price']")
2026-02-18 14:33:59,455 - Clicking element: ('xpath', "//span[text()='Price']")
2026-02-18 14:33:59,486 - Clicking element: ('xpath', "//span[text()='Price']")
2026-02-18 14:33:59,517 - Clicking element: ('xpath', "//span[text()='Price']")
2026-02-18 14:33:59,548 - Clicking element: ('xpath', "//span[text()='Price']")
2026-02-18 14:33:59,580 - Clicking element: ('xpath', "//span[text()='Price']")
2026-02-18 14:33:59,627 - Clicking element: ('xpath', "//span[text()='Price']")
2026-02-18 14:33:59,658 - Clicking element: ('xpath', "//span[text()='Price']")
2026-02-18 14:33:59,689 - Clicking element: ('xpath', "//span[text()='Price']")
2026-02-18 14:33:59,720 - Clicking element: ('xpath', "//span[text()='Price']")
2026-02-18 14:33:59,752 - Clicking element: ('xpath', "//span[text()='Price']")
2026-02-18 14:33:59,783 - Clicking element: ('xpath', "//span[text()='Price']")
2026-02-18 14:33:59,830 - Clicking element: ('xpath', "//span[text()='Price']")
2026-02-18 14:33:59,861 - Clicking element: ('xpath', "//span[text()='Price']")
2026-02-18 14:33:59,892 - Clicking element: ('xpath', "//span[text()='Price']")
2026-02-18 14:33:59,939 - Clicking element: ('xpath', "//span[text()='Price']")
2026-02-18 14:33:59,970 - Clicking element: ('xpath', "//span[text()='Price']")
2026-02-18 14:34:00,001 - Clicking element: ('xpath', "//span[text()='Price']")
2026-02-18 14:34:00,064 - Clicking element: ('xpath', "//span[text()='Price']")
2026-02-18 14:34:00,095 - Clicking element: ('xpath', "//span[text()='Price']")
2026-02-18 14:34:00,126 - Clicking element: ('xpath', "//span[text()='Price']")
2026-02-18 14:34:00,173 - Clicking element: ('xpath', "//span[text()='Price']")
2026-02-18 14:34:00,205 - Clicking element: ('xpath', "//span[text()='Price']")
2026-02-18 14:34:00,236 - Clicking element: ('xpath', "//span[text()='Price']")
2026-02-18 14:34:00,283 - Clicking element: ('xpath', "//span[text()='Price']")
2026-02-18 14:34:00,314 - Clicking element: ('xpath', "//span[text()='Price']")
2026-02-18 14:34:00,345 - Clicking element: ('xpath', "//span[text()='Price']")
2026-02-18 14:34:00,392 - Clicking element: ('xpath', "//span[text()='Price']")
2026-02-18 14:34:00,423 - Clicking element: ('xpath', "//span[text()='Price']")
2026-02-18 14:34:00,455 - Clicking element: ('xpath', "//span[text()='Price']")
2026-02-18 14:34:00,501 - Clicking element: ('xpath', "//span[text()='Price']")
2026-02-18 14:34:00,533 - Clicking element: ('xpath', "//span[text()='Price']")
2026-02-18 14:34:00,564 - Clicking element: ('xpath', "//span[text()='Price']")
2026-02-18 14:34:00,595 - Clicking element: ('xpath', "//span[text()='Price']")
2026-02-18 14:34:00,642 - Clicking element: ('xpath', "//span[text()='Price']")
2026-02-18 14:34:00,673 - Clicking element: ('xpath', "//span[text()='Price']")
2026-02-18 14:34:00,704 - Clicking element: ('xpath', "//span[text()='Price']")
2026-02-18 14:34:00,736 - Clicking element: ('xpath', "//span[text()='Price']")
2026-02-18 14:34:00,767 - Clicking element: ('xpath', "//span[text()='Price']")
2026-02-18 14:34:00,798 - Clicking element: ('xpath', "//span[text()='Price']")
2026-02-18 14:34:00,845 - Clicking element: ('xpath', "//span[text()='Price']")
2026-02-18 14:34:00,876 - Clicking element: ('xpath', "//span[text()='Price']")
2026-02-18 14:34:00,908 - Clicking element: ('xpath', "//span[text()='Price']")
2026-02-18 14:34:00,939 - Clicking element: ('xpath', "//span[text()='Price']")
2026-02-18 14:34:00,986 - Clicking element: ('xpath', "//span[text()='Price']")
2026-02-18 14:34:01,017 - Clicking element: ('xpath', "//span[text()='Price']")
2026-02-18 14:34:01,048 - Clicking element: ('xpath', "//span[text()='Price']")
2026-02-18 14:34:01,095 - Clicking element: ('xpath', "//span[text()='Price']")
2026-02-18 14:34:01,126 - Clicking element: ('xpath', "//span[text()='Price']")
2026-02-18 14:34:01,157 - Clicking element: ('xpath', "//span[text()='Price']")
2026-02-18 14:34:01,189 - Clicking element: ('xpath', "//span[text()='Price']")
2026-02-18 14:34:01,220 - Clicking element: ('xpath', "//span[text()='Price']")
2026-02-18 14:34:01,267 - Clicking element: ('xpath', "//span[text()='Price']")
2026-02-18 14:34:01,298 - Clicking element: ('xpath', "//span[text()='Price']")
2026-02-18 14:34:01,329 - Clicking element: ('xpath', "//span[text()='Price']")
2026-02-18 14:34:01,361 - Clicking element: ('xpath', "//span[text()='Price']")
2026-02-18 14:34:01,392 - Clicking element: ('xpath', "//span[text()='Price']")
2026-02-18 14:34:01,439 - Clicking element: ('xpath', "//span[text()='Price']")
2026-02-18 14:34:01,470 - Clicking element: ('xpath', "//span[text()='Price']")
2026-02-18 14:34:01,501 - Clicking element: ('xpath', "//span[text()='Price']")
2026-02-18 14:34:01,548 - Clicking element: ('xpath', "//span[text()='Price']")
2026-02-18 14:34:01,579 - Clicking element: ('xpath', "//span[text()='Price']")
2026-02-18 14:34:01,626 - Clicking element: ('xpath', "//span[text()='Price']")
2026-02-18 14:34:01,657 - Clicking element: ('xpath', "//span[text()='Price']")
2026-02-18 14:34:01,704 - Clicking element: ('xpath', "//span[text()='Price']")
2026-02-18 14:34:01,735 - Clicking element: ('xpath', "//span[text()='Price']")
2026-02-18 14:34:01,767 - Clicking element: ('xpath', "//span[text()='Price']")
2026-02-18 14:34:01,798 - Clicking element: ('xpath', "//span[text()='Price']")
2026-02-18 14:34:01,829 - Clicking element: ('xpath', "//span[text()='Price']")
2026-02-18 14:34:01,860 - Clicking element: ('xpath', "//span[text()='Price']")
2026-02-18 14:34:01,907 - Clicking element: ('xpath', "//span[text()='Price']")
2026-02-18 14:34:01,939 - Clicking element: ('xpath', "//span[text()='Price']")
2026-02-18 14:34:01,970 - Clicking element: ('xpath', "//span[text()='Price']")
2026-02-18 14:34:02,017 - Clicking element: ('xpath', "//span[text()='Price']")
2026-02-18 14:34:02,048 - Clicking element: ('xpath', "//span[text()='Price']")
2026-02-18 14:34:02,079 - Clicking element: ('xpath', "//span[text()='Price']")
2026-02-18 14:34:02,110 - Clicking element: ('xpath', "//span[text()='Price']")
2026-02-18 14:34:02,142 - Clicking element: ('xpath', "//span[text()='Price']")
2026-02-18 14:34:02,188 - Clicking element: ('xpath', "//span[text()='Price']")
2026-02-18 14:34:02,220 - Clicking element: ('xpath', "//span[text()='Price']")
2026-02-18 14:34:02,251 - Clicking element: ('xpath', "//span[text()='Price']")
2026-02-18 14:34:02,298 - Clicking element: ('xpath', "//span[text()='Price']")
2026-02-18 14:34:02,329 - Clicking element: ('xpath', "//span[text()='Price']")
2026-02-18 14:34:02,360 - Clicking element: ('xpath', "//span[text()='Price']")
2026-02-18 14:34:02,407 - Clicking element: ('xpath', "//span[text()='Price']")
2026-02-18 14:34:02,438 - Clicking element: ('xpath', "//span[text()='Price']")
2026-02-18 14:34:02,485 - Clicking element: ('xpath', "//span[text()='Price']")
2026-02-18 14:34:02,517 - Clicking element: ('xpath', "//span[text()='Price']")
2026-02-18 14:34:02,548 - Clicking element: ('xpath', "//span[text()='Price']")
2026-02-18 14:34:02,595 - Clicking element: ('xpath', "//span[text()='Price']")
2026-02-18 14:34:02,626 - Clicking element: ('xpath', "//span[text()='Price']")
2026-02-18 14:34:02,673 - Clicking element: ('xpath', "//span[text()='Price']")
2026-02-18 14:34:02,704 - Clicking element: ('xpath', "//span[text()='Price']")
2026-02-18 14:34:02,735 - Clicking element: ('xpath', "//span[text()='Price']")
2026-02-18 14:34:02,766 - Clicking element: ('xpath', "//span[text()='Price']")
2026-02-18 14:34:02,813 - Clicking element: ('xpath', "//span[text()='Price']")
2026-02-18 14:34:02,845 - Clicking element: ('xpath', "//span[text()='Price']")
2026-02-18 14:34:02,876 - Clicking element: ('xpath', "//span[text()='Price']")
2026-02-18 14:34:02,907 - Clicking element: ('xpath', "//span[text()='Price']")
2026-02-18 14:34:02,938 - Clicking element: ('xpath', "//span[text()='Price']")
2026-02-18 14:34:02,985 - Clicking element: ('xpath', "//span[text()='Price']")
2026-02-18 14:34:03,016 - Clicking element: ('xpath', "//span[text()='Price']")
2026-02-18 14:34:03,048 - Clicking element: ('xpath', "//span[text()='Price']")
2026-02-18 14:34:03,079 - Clicking element: ('xpath', "//span[text()='Price']")
2026-02-18 14:34:03,110 - Clicking element: ('xpath', "//span[text()='Price']")
2026-02-18 14:34:03,141 - Clicking element: ('xpath', "//span[text()='Price']")
2026-02-18 14:34:03,173 - Clicking element: ('xpath', "//span[text()='Price']")
2026-02-18 14:34:03,219 - Clicking element: ('xpath', "//span[text()='Price']")
2026-02-18 14:34:03,251 - Clicking element: ('xpath', "//span[text()='Price']")
2026-02-18 14:34:03,298 - Clicking element: ('xpath', "//span[text()='Price']")
2026-02-18 14:34:03,329 - Clicking element: ('xpath', "//span[text()='Price']")
2026-02-18 14:34:03,360 - Clicking element: ('xpath', "//span[text()='Price']")
2026-02-18 14:34:03,391 - Clicking element: ('xpath', "//span[text()='Price']")
2026-02-18 14:34:03,423 - Clicking element: ('xpath', "//span[text()='Price']")
2026-02-18 14:34:03,454 - Clicking element: ('xpath', "//span[text()='Price']")
2026-02-18 14:34:03,501 - Clicking element: ('xpath', "//span[text()='Price']")
2026-02-18 14:34:03,532 - Clicking element: ('xpath', "//span[text()='Price']")
2026-02-18 14:34:03,563 - Clicking element: ('xpath', "//span[text()='Price']")
2026-02-18 14:34:03,610 - Clicking element: ('xpath', "//span[text()='Price']")
2026-02-18 14:34:03,641 - Clicking element: ('xpath', "//span[text()='Price']")
2026-02-18 14:34:03,673 - Clicking element: ('xpath', "//span[text()='Price']")
2026-02-18 14:34:03,704 - Clicking element: ('xpath', "//span[text()='Price']")
2026-02-18 14:34:03,751 - Clicking element: ('xpath', "//span[text()='Price']")
2026-02-18 14:34:03,782 - Clicking element: ('xpath', "//span[text()='Price']")
2026-02-18 14:34:03,813 - Clicking element: ('xpath', "//span[text()='Price']")
2026-02-18 14:34:03,844 - Clicking element: ('xpath', "//span[text()='Price']")
2026-02-18 14:34:03,876 - Clicking element: ('xpath', "//span[text()='Price']")
2026-02-18 14:34:03,907 - Clicking element: ('xpath', "//span[text()='Price']")
2026-02-18 14:34:03,954 - Clicking element: ('xpath', "//span[text()='Price']")
2026-02-18 14:34:03,985 - Clicking element: ('xpath', "//span[text()='Price']")
2026-02-18 14:34:04,016 - Clicking element: ('xpath', "//span[text()='Price']")
2026-02-18 14:34:04,063 - Clicking element: ('xpath', "//span[text()='Price']")
2026-02-18 14:34:04,094 - Clicking element: ('xpath', "//span[text()='Price']")
2026-02-18 14:34:04,126 - Clicking element: ('xpath', "//span[text()='Price']")
2026-02-18 14:34:04,172 - Clicking element: ('xpath', "//span[text()='Price']")
2026-02-18 14:34:04,204 - Clicking element: ('xpath', "//span[text()='Price']")
2026-02-18 14:34:04,235 - Clicking element: ('xpath', "//span[text()='Price']")
2026-02-18 14:34:04,282 - Clicking element: ('xpath', "//span[text()='Price']")
2026-02-18 14:34:04,313 - Clicking element: ('xpath', "//span[text()='Price']")
2026-02-18 14:34:04,344 - Clicking element: ('xpath', "//span[text()='Price']")
2026-02-18 14:34:04,375 - Clicking element: ('xpath', "//span[text()='Price']")
2026-02-18 14:34:04,422 - Clicking element: ('xpath', "//span[text()='Price']")
2026-02-18 14:34:04,454 - Clicking element: ('xpath', "//span[text()='Price']")
2026-02-18 14:34:04,485 - Clicking element: ('xpath', "//span[text()='Price']")
2026-02-18 14:34:04,532 - Clicking element: ('xpath', "//span[text()='Price']")
2026-02-18 14:34:04,563 - Clicking element: ('xpath', "//span[text()='Price']")
2026-02-18 14:34:04,594 - Clicking element: ('xpath', "//span[text()='Price']")
2026-02-18 14:34:04,641 - Clicking element: ('xpath', "//span[text()='Price']")
2026-02-18 14:34:04,672 - Clicking element: ('xpath', "//span[text()='Price']")
2026-02-18 14:34:04,704 - Clicking element: ('xpath', "//span[text()='Price']")
2026-02-18 14:34:04,750 - Clicking element: ('xpath', "//span[text()='Price']")
2026-02-18 14:34:04,782 - Clicking element: ('xpath', "//span[text()='Price']")
2026-02-18 14:34:04,813 - Clicking element: ('xpath', "//span[text()='Price']")
2026-02-18 14:34:04,844 - Clicking element: ('xpath', "//span[text()='Price']")
2026-02-18 14:34:04,891 - Clicking element: ('xpath', "//span[text()='Price']")
2026-02-18 14:34:04,922 - Clicking element: ('xpath', "//span[text()='Price']")
2026-02-18 14:34:04,953 - Clicking element: ('xpath', "//span[text()='Price']")
2026-02-18 14:34:04,985 - Clicking element: ('xpath', "//span[text()='Price']")
2026-02-18 14:34:05,016 - Clicking element: ('xpath', "//span[text()='Price']")
2026-02-18 14:34:05,063 - Clicking element: ('xpath', "//span[text()='Price']")
2026-02-18 14:34:05,094 - Clicking element: ('xpath', "//span[text()='Price']")
2026-02-18 14:34:05,125 - Clicking element: ('xpath', "//span[text()='Price']")
2026-02-18 14:34:05,172 - Clicking element: ('xpath', "//span[text()='Price']")
2026-02-18 14:34:05,203 - Clicking element: ('xpath', "//span[text()='Price']")
2026-02-18 14:34:05,235 - Clicking element: ('xpath', "//span[text()='Price']")
2026-02-18 14:34:05,266 - Clicking element: ('xpath', "//span[text()='Price']")
2026-02-18 14:34:05,313 - Clicking element: ('xpath', "//span[text()='Price']")
2026-02-18 14:34:05,344 - Clicking element: ('xpath', "//span[text()='Price']")
2026-02-18 14:34:05,375 - Clicking element: ('xpath', "//span[text()='Price']")
2026-02-18 14:34:05,422 - Clicking element: ('xpath', "//span[text()='Price']")
2026-02-18 14:34:05,453 - Clicking element: ('xpath', "//span[text()='Price']")
2026-02-18 14:34:05,485 - Clicking element: ('xpath', "//span[text()='Price']")
2026-02-18 14:34:05,516 - Clicking element: ('xpath', "//span[text()='Price']")
2026-02-18 14:34:05,547 - Clicking element: ('xpath', "//span[text()='Price']")
2026-02-18 14:34:05,578 - Clicking element: ('xpath', "//span[text()='Price']")
2026-02-18 14:34:05,625 - Clicking element: ('xpath', "//span[text()='Price']")
2026-02-18 14:34:05,656 - Clicking element: ('xpath', "//span[text()='Price']")
2026-02-18 14:34:05,703 - Clicking element: ('xpath', "//span[text()='Price']")
2026-02-18 14:34:05,735 - Clicking element: ('xpath', "//span[text()='Price']")
2026-02-18 14:34:05,766 - Clicking element: ('xpath', "//span[text()='Price']")
2026-02-18 14:34:05,797 - Clicking element: ('xpath', "//span[text()='Price']")
2026-02-18 14:34:05,844 - Clicking element: ('xpath', "//span[text()='Price']")
2026-02-18 14:34:05,875 - Clicking element: ('xpath', "//span[text()='Price']")
2026-02-18 14:34:05,922 - Clicking element: ('xpath', "//span[text()='Price']")
2026-02-18 14:34:05,953 - Clicking element: ('xpath', "//span[text()='Price']")
2026-02-18 14:34:05,984 - Clicking element: ('xpath', "//span[text()='Price']")
2026-02-18 14:34:06,016 - Clicking element: ('xpath', "//span[text()='Price']")
2026-02-18 14:34:06,047 - Clicking element: ('xpath', "//span[text()='Price']")
2026-02-18 14:34:06,094 - Clicking element: ('xpath', "//span[text()='Price']")
2026-02-18 14:34:06,125 - Clicking element: ('xpath', "//span[text()='Price']")
2026-02-18 14:34:06,156 - Clicking element: ('xpath', "//span[text()='Price']")
2026-02-18 14:34:06,188 - Clicking element: ('xpath', "//span[text()='Price']")
2026-02-18 14:34:06,219 - Clicking element: ('xpath', "//span[text()='Price']")
2026-02-18 14:34:06,250 - Clicking element: ('xpath', "//span[text()='Price']")
2026-02-18 14:34:06,297 - Clicking element: ('xpath', "//span[text()='Price']")
2026-02-18 14:34:06,328 - Clicking element: ('xpath', "//span[text()='Price']")
2026-02-18 14:34:06,359 - Clicking element: ('xpath', "//span[text()='Price']")
2026-02-18 14:34:06,406 - Clicking element: ('xpath', "//span[text()='Price']")
2026-02-18 14:34:06,437 - Clicking element: ('xpath', "//span[text()='Price']")
2026-02-18 14:34:06,469 - Clicking element: ('xpath', "//span[text()='Price']")
2026-02-18 14:34:06,516 - Clicking element: ('xpath', "//span[text()='Price']")
2026-02-18 14:34:06,547 - Clicking element: ('xpath', "//span[text()='Price']")
2026-02-18 14:34:06,578 - Clicking element: ('xpath', "//span[text()='Price']")
2026-02-18 14:34:06,609 - Clicking element: ('xpath', "//span[text()='Price']")
2026-02-18 14:34:06,641 - Clicking element: ('xpath', "//span[text()='Price']")
2026-02-18 14:34:06,687 - Clicking element: ('xpath', "//span[text()='Price']")
2026-02-18 14:34:06,719 - Clicking element: ('xpath', "//span[text()='Price']")
2026-02-18 14:34:06,750 - Clicking element: ('xpath', "//span[text()='Price']")
2026-02-18 14:34:06,797 - Clicking element: ('xpath', "//span[text()='Price']")
2026-02-18 14:34:06,828 - Clicking element: ('xpath', "//span[text()='Price']")
2026-02-18 14:34:06,859 - Clicking element: ('xpath', "//span[text()='Price']")
2026-02-18 14:34:06,891 - Clicking element: ('xpath', "//span[text()='Price']")
2026-02-18 14:34:06,922 - Clicking element: ('xpath', "//span[text()='Price']")
2026-02-18 14:34:06,969 - Clicking element: ('xpath', "//span[text()='Price']")
2026-02-18 14:34:07,000 - Clicking element: ('xpath', "//span[text()='Price']")
2026-02-18 14:34:07,031 - Clicking element: ('xpath', "//span[text()='Price']")
2026-02-18 14:34:07,062 - Clicking element: ('xpath', "//span[text()='Price']")
2026-02-18 14:34:07,094 - Clicking element: ('xpath', "//span[text()='Price']")
2026-02-18 14:34:07,140 - Clicking element: ('xpath', "//span[text()='Price']")
2026-02-18 14:34:07,187 - Clicking element: ('xpath', "//span[text()='Price']")
2026-02-18 14:34:07,219 - Clicking element: ('xpath', "//span[text()='Price']")
2026-02-18 14:34:07,265 - Clicking element: ('xpath', "//span[text()='Price']")
2026-02-18 14:34:07,297 - Clicking element: ('xpath', "//span[text()='Price']")
2026-02-18 14:34:07,344 - Clicking element: ('xpath', "//span[text()='Price']")
2026-02-18 14:34:07,375 - Clicking element: ('xpath', "//span[text()='Price']")
2026-02-18 14:34:07,422 - Clicking element: ('xpath', "//span[text()='Price']")
2026-02-18 14:34:07,453 - Clicking element: ('xpath', "//span[text()='Price']")
2026-02-18 14:34:07,484 - Clicking element: ('xpath', "//span[text()='Price']")
2026-02-18 14:34:07,531 - Clicking element: ('xpath', "//span[text()='Price']")
2026-02-18 14:34:07,562 - Clicking element: ('xpath', "//span[text()='Price']")
2026-02-18 14:34:07,593 - Clicking element: ('xpath', "//span[text()='Price']")
2026-02-18 14:34:07,625 - Clicking element: ('xpath', "//span[text()='Price']")
2026-02-18 14:34:07,672 - Clicking element: ('xpath', "//span[text()='Price']")
2026-02-18 14:34:07,703 - Clicking element: ('xpath', "//span[text()='Price']")
2026-02-18 14:34:07,734 - Clicking element: ('xpath', "//span[text()='Price']")
2026-02-18 14:34:07,765 - Clicking element: ('xpath', "//span[text()='Price']")
2026-02-18 14:34:07,812 - Clicking element: ('xpath', "//span[text()='Price']")
2026-02-18 14:34:07,843 - Clicking element: ('xpath', "//span[text()='Price']")
2026-02-18 14:34:07,875 - Clicking element: ('xpath', "//span[text()='Price']")
2026-02-18 14:34:07,906 - Clicking element: ('xpath', "//span[text()='Price']")
2026-02-18 14:34:07,937 - Clicking element: ('xpath', "//span[text()='Price']")
2026-02-18 14:34:07,968 - Clicking element: ('xpath', "//span[text()='Price']")
2026-02-18 14:34:08,015 - Clicking element: ('xpath', "//span[text()='Price']")
2026-02-18 14:34:08,046 - Clicking element: ('xpath', "//span[text()='Price']")
2026-02-18 14:34:08,078 - Clicking element: ('xpath', "//span[text()='Price']")
2026-02-18 14:34:08,125 - Clicking element: ('xpath', "//span[text()='Price']")
2026-02-18 14:34:08,156 - Clicking element: ('xpath', "//span[text()='Price']")
2026-02-18 14:34:08,187 - Clicking element: ('xpath', "//span[text()='Price']")
2026-02-18 14:34:08,218 - Clicking element: ('xpath', "//span[text()='Price']")
2026-02-18 14:34:08,250 - Clicking element: ('xpath', "//span[text()='Price']")
2026-02-18 14:34:08,281 - Clicking element: ('xpath', "//span[text()='Price']")
2026-02-18 14:34:08,328 - Clicking element: ('xpath', "//span[text()='Price']")
2026-02-18 14:34:08,359 - Clicking element: ('xpath', "//span[text()='Price']")
2026-02-18 14:34:08,406 - Clicking element: ('xpath', "//span[text()='Price']")
2026-02-18 14:34:08,437 - Clicking element: ('xpath', "//span[text()='Price']")
2026-02-18 14:34:08,468 - Clicking element: ('xpath', "//span[text()='Price']")
2026-02-18 14:34:08,515 - Clicking element: ('xpath', "//span[text()='Price']")
2026-02-18 14:34:08,546 - Clicking element: ('xpath', "//span[text()='Price']")
2026-02-18 14:34:08,578 - Clicking element: ('xpath', "//span[text()='Price']")
2026-02-18 14:34:08,624 - Clicking element: ('xpath', "//span[text()='Price']")
2026-02-18 14:34:08,656 - Clicking element: ('xpath', "//span[text()='Price']")
2026-02-18 14:34:08,687 - Clicking element: ('xpath', "//span[text()='Price']")
2026-02-18 14:34:08,718 - Clicking element: ('xpath', "//span[text()='Price']")
2026-02-18 14:34:08,749 - Clicking element: ('xpath', "//span[text()='Price']")
2026-02-18 14:34:08,781 - Clicking element: ('xpath', "//span[text()='Price']")
2026-02-18 14:34:08,812 - Clicking element: ('xpath', "//span[text()='Price']")
2026-02-18 14:34:08,843 - Clicking element: ('xpath', "//span[text()='Price']")
2026-02-18 14:34:08,874 - Clicking element: ('xpath', "//span[text()='Price']")
2026-02-18 14:34:08,906 - Clicking element: ('xpath', "//span[text()='Price']")
2026-02-18 14:34:08,953 - Clicking element: ('xpath', "//span[text()='Price']")
2026-02-18 14:34:08,984 - Clicking element: ('xpath', "//span[text()='Price']")
2026-02-18 14:34:09,015 - Clicking element: ('xpath', "//span[text()='Price']")
2026-02-18 14:34:09,062 - Clicking element: ('xpath', "//span[text()='Price']")
2026-02-18 14:34:09,093 - Clicking element: ('xpath', "//span[text()='Price']")
2026-02-18 14:34:09,140 - Clicking element: ('xpath', "//span[text()='Price']")
2026-02-18 14:34:09,171 - Clicking element: ('xpath', "//span[text()='Price']")
2026-02-18 14:34:09,202 - Clicking element: ('xpath', "//span[text()='Price']")
2026-02-18 14:34:09,234 - Clicking element: ('xpath', "//span[text()='Price']")
2026-02-18 14:34:09,265 - Clicking element: ('xpath', "//span[text()='Price']")
2026-02-18 14:34:09,343 - Clicking element: ('xpath', "//span[text()='Price']")
2026-02-18 14:34:09,406 - Clicking element: ('xpath', "//span[text()='Price']")
2026-02-18 14:34:09,452 - Clicking element: ('xpath', "//span[text()='Price']")
2026-02-18 14:34:09,484 - Clicking element: ('xpath', "//span[text()='Price']")
2026-02-18 14:34:09,515 - Clicking element: ('xpath', "//span[text()='Price']")
2026-02-18 14:34:09,546 - Clicking element: ('xpath', "//span[text()='Price']")
2026-02-18 14:34:09,593 - Clicking element: ('xpath', "//span[text()='Price']")
2026-02-18 14:34:09,624 - Clicking element: ('xpath', "//span[text()='Price']")
2026-02-18 14:34:09,655 - Clicking element: ('xpath', "//span[text()='Price']")
2026-02-18 14:34:09,702 - Clicking element: ('xpath', "//span[text()='Price']")
2026-02-18 14:34:09,734 - Clicking element: ('xpath', "//span[text()='Price']")
2026-02-18 14:34:09,765 - Clicking element: ('xpath', "//span[text()='Price']")
2026-02-18 14:34:09,796 - Clicking element: ('xpath', "//span[text()='Price']")
2026-02-18 14:34:09,843 - Clicking element: ('xpath', "//span[text()='Price']")
2026-02-18 14:34:09,874 - Clicking element: ('xpath', "//span[text()='Price']")
2026-02-18 14:34:09,905 - Clicking element: ('xpath', "//span[text()='Price']")
2026-02-18 14:34:09,937 - Clicking element: ('xpath', "//span[text()='Price']")
2026-02-18 14:34:09,968 - Clicking element: ('xpath', "//span[text()='Price']")
2026-02-18 14:34:09,999 - Clicking element: ('xpath', "//span[text()='Price']")
2026-02-18 14:34:10,030 - Clicking element: ('xpath', "//span[text()='Price']")
2026-02-18 14:34:10,077 - Clicking element: ('xpath', "//span[text()='Price']")
2026-02-18 14:34:10,108 - Clicking element: ('xpath', "//span[text()='Price']")
2026-02-18 14:34:10,140 - Clicking element: ('xpath', "//span[text()='Price']")
2026-02-18 14:34:10,171 - Clicking element: ('xpath', "//span[text()='Price']")
2026-02-18 14:34:10,218 - Clicking element: ('xpath', "//span[text()='Price']")
2026-02-18 14:34:10,249 - Clicking element: ('xpath', "//span[text()='Price']")
2026-02-18 14:34:10,280 - Clicking element: ('xpath', "//span[text()='Price']")
2026-02-18 14:34:10,327 - Clicking element: ('xpath', "//span[text()='Price']")
2026-02-18 14:34:10,358 - Clicking element: ('xpath', "//span[text()='Price']")
2026-02-18 14:34:10,390 - Clicking element: ('xpath', "//span[text()='Price']")
2026-02-18 14:34:10,421 - Clicking element: ('xpath', "//span[text()='Price']")
2026-02-18 14:34:10,452 - Clicking element: ('xpath', "//span[text()='Price']")
2026-02-18 14:34:10,499 - Clicking element: ('xpath', "//span[text()='Price']")
2026-02-18 14:34:10,530 - Clicking element: ('xpath', "//span[text()='Price']")
2026-02-18 14:34:10,562 - Clicking element: ('xpath', "//span[text()='Price']")
2026-02-18 14:34:10,593 - Clicking element: ('xpath', "//span[text()='Price']")
2026-02-18 14:34:10,640 - Clicking element: ('xpath', "//span[text()='Price']")
2026-02-18 14:34:10,671 - Clicking element: ('xpath', "//span[text()='Price']")
2026-02-18 14:34:10,702 - Clicking element: ('xpath', "//span[text()='Price']")
2026-02-18 14:34:10,733 - Clicking element: ('xpath', "//span[text()='Price']")
2026-02-18 14:34:10,765 - Clicking element: ('xpath', "//span[text()='Price']")
2026-02-18 14:34:10,811 - Clicking element: ('xpath', "//span[text()='Price']")
2026-02-18 14:34:10,843 - Clicking element: ('xpath', "//span[text()='Price']")
2026-02-18 14:34:10,874 - Clicking element: ('xpath', "//span[text()='Price']")
2026-02-18 14:34:10,921 - Clicking element: ('xpath', "//span[text()='Price']")
2026-02-18 14:34:10,952 - Clicking element: ('xpath', "//span[text()='Price']")
2026-02-18 14:34:10,983 - Clicking element: ('xpath', "//span[text()='Price']")
2026-02-18 14:34:11,015 - Clicking element: ('xpath', "//span[text()='Price']")
2026-02-18 14:34:11,046 - Clicking element: ('xpath', "//span[text()='Price']")
2026-02-18 14:34:11,077 - Clicking element: ('xpath', "//span[text()='Price']")
2026-02-18 14:34:11,124 - Clicking element: ('xpath', "//span[text()='Price']")
2026-02-18 14:34:11,155 - Clicking element: ('xpath', "//span[text()='Price']")
2026-02-18 14:34:11,186 - Clicking element: ('xpath', "//span[text()='Price']")
2026-02-18 14:34:11,218 - Clicking element: ('xpath', "//span[text()='Price']")
2026-02-18 14:34:11,249 - Clicking element: ('xpath', "//span[text()='Price']")
2026-02-18 14:34:11,296 - Clicking element: ('xpath', "//span[text()='Price']")
2026-02-18 14:34:11,327 - Clicking element: ('xpath', "//span[text()='Price']")
2026-02-18 14:34:11,358 - Clicking element: ('xpath', "//span[text()='Price']")
2026-02-18 14:34:11,389 - Clicking element: ('xpath', "//span[text()='Price']")
2026-02-18 14:34:11,421 - Clicking element: ('xpath', "//span[text()='Price']")
2026-02-18 14:34:11,452 - Clicking element: ('xpath', "//span[text()='Price']")
2026-02-18 14:34:11,483 - Clicking element: ('xpath', "//span[text()='Price']")
2026-02-18 14:34:11,530 - Clicking element: ('xpath', "//span[text()='Price']")
2026-02-18 14:34:11,561 - Clicking element: ('xpath', "//span[text()='Price']")
2026-02-18 14:34:11,608 - Clicking element: ('xpath', "//span[text()='Price']")
2026-02-18 14:34:11,639 - Clicking element: ('xpath', "//span[text()='Price']")
2026-02-18 14:34:11,671 - Clicking element: ('xpath', "//span[text()='Price']")
2026-02-18 14:34:11,717 - Clicking element: ('xpath', "//span[text()='Price']")
2026-02-18 14:34:11,749 - Clicking element: ('xpath', "//span[text()='Price']")
2026-02-18 14:34:11,780 - Clicking element: ('xpath', "//span[text()='Price']")
2026-02-18 14:34:11,811 - Clicking element: ('xpath', "//span[text()='Price']")
2026-02-18 14:34:11,858 - Clicking element: ('xpath', "//span[text()='Price']")
2026-02-18 14:34:11,889 - Clicking element: ('xpath', "//span[text()='Price']")
2026-02-18 14:34:11,921 - Clicking element: ('xpath', "//span[text()='Price']")
2026-02-18 14:34:11,967 - Clicking element: ('xpath', "//span[text()='Price']")
2026-02-18 14:34:11,999 - Clicking element: ('xpath', "//span[text()='Price']")
2026-02-18 14:34:12,030 - Clicking element: ('xpath', "//span[text()='Price']")
2026-02-18 14:34:12,077 - Clicking element: ('xpath', "//span[text()='Price']")
2026-02-18 14:34:12,108 - Clicking element: ('xpath', "//span[text()='Price']")
2026-02-18 14:34:12,139 - Clicking element: ('xpath', "//span[text()='Price']")
2026-02-18 14:34:12,171 - Clicking element: ('xpath', "//span[text()='Price']")
2026-02-18 14:34:12,217 - Clicking element: ('xpath', "//span[text()='Price']")
2026-02-18 14:34:12,249 - Clicking element: ('xpath', "//span[text()='Price']")
2026-02-18 14:34:12,280 - Clicking element: ('xpath', "//span[text()='Price']")
2026-02-18 14:34:12,311 - Clicking element: ('xpath', "//span[text()='Price']")
2026-02-18 14:34:12,342 - Clicking element: ('xpath', "//span[text()='Price']")
2026-02-18 14:34:12,389 - Clicking element: ('xpath', "//span[text()='Price']")
2026-02-18 14:34:12,420 - Clicking element: ('xpath', "//span[text()='Price']")
2026-02-18 14:34:12,452 - Clicking element: ('xpath', "//span[text()='Price']")
2026-02-18 14:34:12,483 - Clicking element: ('xpath', "//span[text()='Price']")
2026-02-18 14:34:12,514 - Clicking element: ('xpath', "//span[text()='Price']")
2026-02-18 14:34:12,545 - Clicking element: ('xpath', "//span[text()='Price']")
2026-02-18 14:34:12,592 - Clicking element: ('xpath', "//span[text()='Price']")
2026-02-18 14:34:12,624 - Clicking element: ('xpath', "//span[text()='Price']")
2026-02-18 14:34:12,655 - Clicking element: ('xpath', "//span[text()='Price']")
2026-02-18 14:34:12,686 - Clicking element: ('xpath', "//span[text()='Price']")
2026-02-18 14:34:12,717 - Clicking element: ('xpath', "//span[text()='Price']")
2026-02-18 14:34:12,749 - Clicking element: ('xpath', "//span[text()='Price']")
2026-02-18 14:34:12,795 - Clicking element: ('xpath', "//span[text()='Price']")
2026-02-18 14:34:12,827 - Clicking element: ('xpath', "//span[text()='Price']")
2026-02-18 14:34:12,858 - Clicking element: ('xpath', "//span[text()='Price']")
2026-02-18 14:34:12,889 - Clicking element: ('xpath', "//span[text()='Price']")
2026-02-18 14:34:12,920 - Clicking element: ('xpath', "//span[text()='Price']")
2026-02-18 14:34:12,952 - Clicking element: ('xpath', "//span[text()='Price']")
2026-02-18 14:34:12,983 - Clicking element: ('xpath', "//span[text()='Price']")
2026-02-18 14:34:13,014 - Clicking element: ('xpath', "//span[text()='Price']")
2026-02-18 14:34:13,045 - Clicking element: ('xpath', "//span[text()='Price']")
2026-02-18 14:34:13,077 - Clicking element: ('xpath', "//span[text()='Price']")
2026-02-18 14:34:13,123 - Clicking element: ('xpath', "//span[text()='Price']")
2026-02-18 14:34:13,155 - Clicking element: ('xpath', "//span[text()='Price']")
2026-02-18 14:34:13,186 - Clicking element: ('xpath', "//span[text()='Price']")
2026-02-18 14:34:13,233 - Clicking element: ('xpath', "//span[text()='Price']")
2026-02-18 14:34:13,264 - Clicking element: ('xpath', "//span[text()='Price']")
2026-02-18 14:34:13,295 - Clicking element: ('xpath', "//span[text()='Price']")
2026-02-18 14:34:13,326 - Clicking element: ('xpath', "//span[text()='Price']")
2026-02-18 14:34:13,373 - Clicking element: ('xpath', "//span[text()='Price']")
2026-02-18 14:34:13,405 - Clicking element: ('xpath', "//span[text()='Price']")
2026-02-18 14:34:13,436 - Clicking element: ('xpath', "//span[text()='Price']")
2026-02-18 14:34:13,467 - Clicking element: ('xpath', "//span[text()='Price']")
2026-02-18 14:34:13,498 - Clicking element: ('xpath', "//span[text()='Price']")
2026-02-18 14:34:13,530 - Clicking element: ('xpath', "//span[text()='Price']")
2026-02-18 14:34:13,576 - Clicking element: ('xpath', "//span[text()='Price']")
2026-02-18 14:34:13,608 - Clicking element: ('xpath', "//span[text()='Price']")
2026-02-18 14:34:13,639 - Clicking element: ('xpath', "//span[text()='Price']")
2026-02-18 14:34:13,670 - Clicking element: ('xpath', "//span[text()='Price']")
2026-02-18 14:34:13,717 - Clicking element: ('xpath', "//span[text()='Price']")
2026-02-18 14:34:13,748 - Clicking element: ('xpath', "//span[text()='Price']")
2026-02-18 14:34:13,780 - Clicking element: ('xpath', "//span[text()='Price']")
2026-02-18 14:34:13,811 - Clicking element: ('xpath', "//span[text()='Price']")
2026-02-18 14:34:13,842 - Clicking element: ('xpath', "//span[text()='Price']")
2026-02-18 14:34:13,873 - Clicking element: ('xpath', "//span[text()='Price']")
2026-02-18 14:34:13,920 - Clicking element: ('xpath', "//span[text()='Price']")
2026-02-18 14:34:13,951 - Clicking element: ('xpath', "//span[text()='Price']")
2026-02-18 14:34:13,983 - Clicking element: ('xpath', "//span[text()='Price']")
2026-02-18 14:34:14,014 - Clicking element: ('xpath', "//span[text()='Price']")
2026-02-18 14:34:14,045 - Clicking element: ('xpath', "//span[text()='Price']")
2026-02-18 14:34:14,076 - Clicking element: ('xpath', "//span[text()='Price']")
2026-02-18 14:34:14,123 - Clicking element: ('xpath', "//span[text()='Price']")
2026-02-18 14:34:14,154 - Clicking element: ('xpath', "//span[text()='Price']")
2026-02-18 14:34:14,201 - Clicking element: ('xpath', "//span[text()='Price']")
2026-02-18 14:34:14,233 - Clicking element: ('xpath', "//span[text()='Price']")
2026-02-18 14:34:14,264 - Clicking element: ('xpath', "//span[text()='Price']")
2026-02-18 14:34:14,311 - Clicking element: ('xpath', "//span[text()='Price']")
2026-02-18 14:34:14,342 - Clicking element: ('xpath', "//span[text()='Price']")
2026-02-18 14:34:14,373 - Clicking element: ('xpath', "//span[text()='Price']")
2026-02-18 14:34:14,404 - Clicking element: ('xpath', "//span[text()='Price']")
2026-02-18 14:34:14,436 - Clicking element: ('xpath', "//span[text()='Price']")
2026-02-18 14:34:14,482 - Clicking element: ('xpath', "//span[text()='Price']")
2026-02-18 14:34:14,514 - Clicking element: ('xpath', "//span[text()='Price']")
2026-02-18 14:34:14,545 - Clicking element: ('xpath', "//span[text()='Price']")
2026-02-18 14:34:14,592 - Clicking element: ('xpath', "//span[text()='Price']")
2026-02-18 14:34:14,623 - Clicking element: ('xpath', "//span[text()='Price']")
2026-02-18 14:34:14,654 - Clicking element: ('xpath', "//span[text()='Price']")
2026-02-18 14:34:14,686 - Clicking element: ('xpath', "//span[text()='Price']")
2026-02-18 14:34:14,717 - Clicking element: ('xpath', "//span[text()='Price']")
2026-02-18 14:34:38,282 - Clicking element: ('xpath', "//span[text()='Departure Time']")
2026-02-18 14:34:40,466 - Clicking element: ('xpath', "//span[text()='Departure Time']")
2026-02-18 14:34:40,513 - Clicking element: ('xpath', "//span[text()='Departure Time']")
2026-02-18 14:34:40,544 - Clicking element: ('xpath', "//span[text()='Departure Time']")
2026-02-18 14:34:40,591 - Clicking element: ('xpath', "//span[text()='Departure Time']")
2026-02-18 14:34:40,622 - Clicking element: ('xpath', "//span[text()='Departure Time']")
2026-02-18 14:34:40,654 - Clicking element: ('xpath', "//span[text()='Departure Time']")
2026-02-18 14:34:40,700 - Clicking element: ('xpath', "//span[text()='Departure Time']")
2026-02-18 14:34:40,747 - Clicking element: ('xpath', "//span[text()='Departure Time']")
2026-02-18 14:34:40,779 - Clicking element: ('xpath', "//span[text()='Departure Time']")
2026-02-18 14:34:40,825 - Clicking element: ('xpath', "//span[text()='Departure Time']")
2026-02-18 14:34:40,872 - Clicking element: ('xpath', "//span[text()='Departure Time']")
2026-02-18 14:34:40,903 - Clicking element: ('xpath', "//span[text()='Departure Time']")
2026-02-18 14:34:40,950 - Clicking element: ('xpath', "//span[text()='Departure Time']")
2026-02-18 14:34:40,982 - Clicking element: ('xpath', "//span[text()='Departure Time']")
2026-02-18 14:34:41,028 - Clicking element: ('xpath', "//span[text()='Departure Time']")
2026-02-18 14:34:41,075 - Clicking element: ('xpath', "//span[text()='Departure Time']")
2026-02-18 14:34:41,122 - Clicking element: ('xpath', "//span[text()='Departure Time']")
2026-02-18 14:34:41,169 - Clicking element: ('xpath', "//span[text()='Departure Time']")
2026-02-18 14:34:41,216 - Clicking element: ('xpath', "//span[text()='Departure Time']")
2026-02-18 14:34:41,263 - Clicking element: ('xpath', "//span[text()='Departure Time']")
2026-02-18 14:34:41,294 - Clicking element: ('xpath', "//span[text()='Departure Time']")
2026-02-18 14:34:41,341 - Clicking element: ('xpath', "//span[text()='Departure Time']")
2026-02-18 14:34:41,388 - Clicking element: ('xpath', "//span[text()='Departure Time']")
2026-02-18 14:34:41,419 - Clicking element: ('xpath', "//span[text()='Departure Time']")
2026-02-18 14:34:41,450 - Clicking element: ('xpath', "//span[text()='Departure Time']")
2026-02-18 14:34:41,497 - Clicking element: ('xpath', "//span[text()='Departure Time']")
2026-02-18 14:34:41,528 - Clicking element: ('xpath', "//span[text()='Departure Time']")
2026-02-18 14:34:41,575 - Clicking element: ('xpath', "//span[text()='Departure Time']")
2026-02-18 14:34:41,624 - Clicking element: ('xpath', "//span[text()='Departure Time']")
2026-02-18 14:34:41,661 - Clicking element: ('xpath', "//span[text()='Departure Time']")
2026-02-18 14:34:41,682 - Clicking element: ('xpath', "//span[text()='Departure Time']")
2026-02-18 14:34:41,714 - Clicking element: ('xpath', "//span[text()='Departure Time']")
2026-02-18 14:34:41,760 - Clicking element: ('xpath', "//span[text()='Departure Time']")
2026-02-18 14:34:41,792 - Clicking element: ('xpath', "//span[text()='Departure Time']")
2026-02-18 14:34:41,823 - Clicking element: ('xpath', "//span[text()='Departure Time']")
2026-02-18 14:34:41,885 - Clicking element: ('xpath', "//span[text()='Departure Time']")
2026-02-18 14:34:41,917 - Clicking element: ('xpath', "//span[text()='Departure Time']")
2026-02-18 14:34:41,964 - Clicking element: ('xpath', "//span[text()='Departure Time']")
2026-02-18 14:34:41,995 - Clicking element: ('xpath', "//span[text()='Departure Time']")
2026-02-18 14:34:42,042 - Clicking element: ('xpath', "//span[text()='Departure Time']")
2026-02-18 14:34:42,073 - Clicking element: ('xpath', "//span[text()='Departure Time']")
2026-02-18 14:34:42,120 - Clicking element: ('xpath', "//span[text()='Departure Time']")
2026-02-18 14:34:42,151 - Clicking element: ('xpath', "//span[text()='Departure Time']")
2026-02-18 14:34:42,198 - Clicking element: ('xpath', "//span[text()='Departure Time']")
2026-02-18 14:34:42,245 - Clicking element: ('xpath', "//span[text()='Departure Time']")
2026-02-18 14:34:42,276 - Clicking element: ('xpath', "//span[text()='Departure Time']")
2026-02-18 14:34:42,323 - Clicking element: ('xpath', "//span[text()='Departure Time']")
2026-02-18 14:34:42,354 - Clicking element: ('xpath', "//span[text()='Departure Time']")
2026-02-18 14:34:42,401 - Clicking element: ('xpath', "//span[text()='Departure Time']")
2026-02-18 14:34:42,448 - Clicking element: ('xpath', "//span[text()='Departure Time']")
2026-02-18 14:34:42,479 - Clicking element: ('xpath', "//span[text()='Departure Time']")
2026-02-18 14:34:42,526 - Clicking element: ('xpath', "//span[text()='Departure Time']")
2026-02-18 14:34:42,557 - Clicking element: ('xpath', "//span[text()='Departure Time']")
2026-02-18 14:34:42,604 - Clicking element: ('xpath', "//span[text()='Departure Time']")
2026-02-18 14:34:42,635 - Clicking element: ('xpath', "//span[text()='Departure Time']")
2026-02-18 14:34:42,682 - Clicking element: ('xpath', "//span[text()='Departure Time']")
2026-02-18 14:34:42,713 - Clicking element: ('xpath', "//span[text()='Departure Time']")
2026-02-18 14:34:42,760 - Clicking element: ('xpath', "//span[text()='Departure Time']")
2026-02-18 14:34:42,791 - Clicking element: ('xpath', "//span[text()='Departure Time']")
2026-02-18 14:34:42,838 - Clicking element: ('xpath', "//span[text()='Departure Time']")
2026-02-18 14:34:42,885 - Clicking element: ('xpath', "//span[text()='Departure Time']")
2026-02-18 14:34:42,916 - Clicking element: ('xpath', "//span[text()='Departure Time']")
2026-02-18 14:34:42,963 - Clicking element: ('xpath', "//span[text()='Departure Time']")
2026-02-18 14:34:43,010 - Clicking element: ('xpath', "//span[text()='Departure Time']")
2026-02-18 14:34:43,057 - Clicking element: ('xpath', "//span[text()='Departure Time']")
2026-02-18 14:34:43,088 - Clicking element: ('xpath', "//span[text()='Departure Time']")
2026-02-18 14:34:43,119 - Clicking element: ('xpath', "//span[text()='Departure Time']")
2026-02-18 14:34:43,166 - Clicking element: ('xpath', "//span[text()='Departure Time']")
2026-02-18 14:34:43,213 - Clicking element: ('xpath', "//span[text()='Departure Time']")
2026-02-18 14:34:43,244 - Clicking element: ('xpath', "//span[text()='Departure Time']")
2026-02-18 14:34:43,291 - Clicking element: ('xpath', "//span[text()='Departure Time']")
2026-02-18 14:34:43,323 - Clicking element: ('xpath', "//span[text()='Departure Time']")
2026-02-18 14:34:43,369 - Clicking element: ('xpath', "//span[text()='Departure Time']")
2026-02-18 14:34:43,401 - Clicking element: ('xpath', "//span[text()='Departure Time']")
2026-02-18 14:34:43,448 - Clicking element: ('xpath', "//span[text()='Departure Time']")
2026-02-18 14:34:43,494 - Clicking element: ('xpath', "//span[text()='Departure Time']")
2026-02-18 14:34:43,526 - Clicking element: ('xpath', "//span[text()='Departure Time']")
2026-02-18 14:34:43,572 - Clicking element: ('xpath', "//span[text()='Departure Time']")
2026-02-18 14:34:43,604 - Clicking element: ('xpath', "//span[text()='Departure Time']")
2026-02-18 14:34:43,651 - Clicking element: ('xpath', "//span[text()='Departure Time']")
2026-02-18 14:34:43,682 - Clicking element: ('xpath', "//span[text()='Departure Time']")
2026-02-18 14:34:43,729 - Clicking element: ('xpath', "//span[text()='Departure Time']")
2026-02-18 14:34:43,760 - Clicking element: ('xpath', "//span[text()='Departure Time']")
2026-02-18 14:34:43,807 - Clicking element: ('xpath', "//span[text()='Departure Time']")
2026-02-18 14:34:43,838 - Clicking element: ('xpath', "//span[text()='Departure Time']")
2026-02-18 14:34:43,885 - Clicking element: ('xpath', "//span[text()='Departure Time']")
2026-02-18 14:34:43,916 - Clicking element: ('xpath', "//span[text()='Departure Time']")
2026-02-18 14:34:43,963 - Clicking element: ('xpath', "//span[text()='Departure Time']")
2026-02-18 14:34:43,994 - Clicking element: ('xpath', "//span[text()='Departure Time']")
2026-02-18 14:34:44,041 - Clicking element: ('xpath', "//span[text()='Departure Time']")
2026-02-18 14:34:44,072 - Clicking element: ('xpath', "//span[text()='Departure Time']")
2026-02-18 14:34:44,104 - Clicking element: ('xpath', "//span[text()='Departure Time']")
2026-02-18 14:34:44,135 - Clicking element: ('xpath', "//span[text()='Departure Time']")
2026-02-18 14:34:44,182 - Clicking element: ('xpath', "//span[text()='Departure Time']")
2026-02-18 14:34:44,213 - Clicking element: ('xpath', "//span[text()='Departure Time']")
2026-02-18 14:34:44,260 - Clicking element: ('xpath', "//span[text()='Departure Time']")
2026-02-18 14:34:44,291 - Clicking element: ('xpath', "//span[text()='Departure Time']")
2026-02-18 14:34:44,338 - Clicking element: ('xpath', "//span[text()='Departure Time']")
2026-02-18 14:34:44,369 - Clicking element: ('xpath', "//span[text()='Departure Time']")
2026-02-18 14:34:44,416 - Clicking element: ('xpath', "//span[text()='Departure Time']")
2026-02-18 14:34:44,447 - Clicking element: ('xpath', "//span[text()='Departure Time']")
2026-02-18 14:34:44,494 - Clicking element: ('xpath', "//span[text()='Departure Time']")
2026-02-18 14:34:44,525 - Clicking element: ('xpath', "//span[text()='Departure Time']")
2026-02-18 14:34:44,572 - Clicking element: ('xpath', "//span[text()='Departure Time']")
2026-02-18 14:34:44,604 - Clicking element: ('xpath', "//span[text()='Departure Time']")
2026-02-18 14:34:44,635 - Clicking element: ('xpath', "//span[text()='Departure Time']")
2026-02-18 14:34:44,682 - Clicking element: ('xpath', "//span[text()='Departure Time']")
2026-02-18 14:34:44,713 - Clicking element: ('xpath', "//span[text()='Departure Time']")
2026-02-18 14:34:44,744 - Clicking element: ('xpath', "//span[text()='Departure Time']")
2026-02-18 14:34:44,775 - Clicking element: ('xpath', "//span[text()='Departure Time']")
2026-02-18 14:34:44,807 - Clicking element: ('xpath', "//span[text()='Departure Time']")
2026-02-18 14:34:44,853 - Clicking element: ('xpath', "//span[text()='Departure Time']")
2026-02-18 14:34:44,885 - Clicking element: ('xpath', "//span[text()='Departure Time']")
2026-02-18 14:34:44,916 - Clicking element: ('xpath', "//span[text()='Departure Time']")
2026-02-18 14:34:44,963 - Clicking element: ('xpath', "//span[text()='Departure Time']")
2026-02-18 14:34:44,994 - Clicking element: ('xpath', "//span[text()='Departure Time']")
2026-02-18 14:34:45,025 - Clicking element: ('xpath', "//span[text()='Departure Time']")
2026-02-18 14:34:45,072 - Clicking element: ('xpath', "//span[text()='Departure Time']")
2026-02-18 14:34:45,119 - Clicking element: ('xpath', "//span[text()='Departure Time']")
2026-02-18 14:34:45,166 - Clicking element: ('xpath', "//span[text()='Departure Time']")
2026-02-18 14:34:45,213 - Clicking element: ('xpath', "//span[text()='Departure Time']")
2026-02-18 14:34:45,244 - Clicking element: ('xpath', "//span[text()='Departure Time']")
2026-02-18 14:34:45,275 - Clicking element: ('xpath', "//span[text()='Departure Time']")
2026-02-18 14:34:45,322 - Clicking element: ('xpath', "//span[text()='Departure Time']")
2026-02-18 14:34:45,353 - Clicking element: ('xpath', "//span[text()='Departure Time']")
2026-02-18 14:34:45,400 - Clicking element: ('xpath', "//span[text()='Departure Time']")
2026-02-18 14:34:45,431 - Clicking element: ('xpath', "//span[text()='Departure Time']")
2026-02-18 14:34:45,463 - Clicking element: ('xpath', "//span[text()='Departure Time']")
2026-02-18 14:34:45,494 - Clicking element: ('xpath', "//span[text()='Departure Time']")
2026-02-18 14:34:45,541 - Clicking element: ('xpath', "//span[text()='Departure Time']")
2026-02-18 14:34:45,572 - Clicking element: ('xpath', "//span[text()='Departure Time']")
2026-02-18 14:34:45,603 - Clicking element: ('xpath', "//span[text()='Departure Time']")
2026-02-18 14:34:45,650 - Clicking element: ('xpath', "//span[text()='Departure Time']")
2026-02-18 14:34:45,681 - Clicking element: ('xpath', "//span[text()='Departure Time']")
2026-02-18 14:34:45,728 - Clicking element: ('xpath', "//span[text()='Departure Time']")
2026-02-18 14:34:45,759 - Clicking element: ('xpath', "//span[text()='Departure Time']")
2026-02-18 14:34:45,806 - Clicking element: ('xpath', "//span[text()='Departure Time']")
2026-02-18 14:34:45,838 - Clicking element: ('xpath', "//span[text()='Departure Time']")
2026-02-18 14:34:45,884 - Clicking element: ('xpath', "//span[text()='Departure Time']")
2026-02-18 14:34:45,931 - Clicking element: ('xpath', "//span[text()='Departure Time']")
2026-02-18 14:34:46,009 - Clicking element: ('xpath', "//span[text()='Departure Time']")
2026-02-18 14:34:46,056 - Clicking element: ('xpath', "//span[text()='Departure Time']")
2026-02-18 14:34:46,088 - Clicking element: ('xpath', "//span[text()='Departure Time']")
2026-02-18 14:34:46,134 - Clicking element: ('xpath', "//span[text()='Departure Time']")
2026-02-18 14:34:46,181 - Clicking element: ('xpath', "//span[text()='Departure Time']")
2026-02-18 14:34:46,213 - Clicking element: ('xpath', "//span[text()='Departure Time']")
2026-02-18 14:34:46,244 - Clicking element: ('xpath', "//span[text()='Departure Time']")
2026-02-18 14:34:46,291 - Clicking element: ('xpath', "//span[text()='Departure Time']")
2026-02-18 14:34:46,322 - Clicking element: ('xpath', "//span[text()='Departure Time']")
2026-02-18 14:34:46,369 - Clicking element: ('xpath', "//span[text()='Departure Time']")
2026-02-18 14:34:46,400 - Clicking element: ('xpath', "//span[text()='Departure Time']")
2026-02-18 14:34:46,431 - Clicking element: ('xpath', "//span[text()='Departure Time']")
2026-02-18 14:34:46,462 - Clicking element: ('xpath', "//span[text()='Departure Time']")
2026-02-18 14:34:46,494 - Clicking element: ('xpath', "//span[text()='Departure Time']")
2026-02-18 14:34:46,525 - Clicking element: ('xpath', "//span[text()='Departure Time']")
2026-02-18 14:34:46,556 - Clicking element: ('xpath', "//span[text()='Departure Time']")
2026-02-18 14:34:46,603 - Clicking element: ('xpath', "//span[text()='Departure Time']")
2026-02-18 14:34:46,634 - Clicking element: ('xpath', "//span[text()='Departure Time']")
2026-02-18 14:34:46,681 - Clicking element: ('xpath', "//span[text()='Departure Time']")
2026-02-18 14:34:46,712 - Clicking element: ('xpath', "//span[text()='Departure Time']")
2026-02-18 14:34:46,744 - Clicking element: ('xpath', "//span[text()='Departure Time']")
2026-02-18 14:34:46,775 - Clicking element: ('xpath', "//span[text()='Departure Time']")
2026-02-18 14:34:46,806 - Clicking element: ('xpath', "//span[text()='Departure Time']")
2026-02-18 14:34:46,837 - Clicking element: ('xpath', "//span[text()='Departure Time']")
2026-02-18 14:34:46,884 - Clicking element: ('xpath', "//span[text()='Departure Time']")
2026-02-18 14:34:46,915 - Clicking element: ('xpath', "//span[text()='Departure Time']")
2026-02-18 14:34:46,962 - Clicking element: ('xpath', "//span[text()='Departure Time']")
2026-02-18 14:34:46,994 - Clicking element: ('xpath', "//span[text()='Departure Time']")
2026-02-18 14:34:47,025 - Clicking element: ('xpath', "//span[text()='Departure Time']")
2026-02-18 14:34:47,056 - Clicking element: ('xpath', "//span[text()='Departure Time']")
2026-02-18 14:34:47,087 - Clicking element: ('xpath', "//span[text()='Departure Time']")
2026-02-18 14:34:47,134 - Clicking element: ('xpath', "//span[text()='Departure Time']")
2026-02-18 14:34:47,165 - Clicking element: ('xpath', "//span[text()='Departure Time']")
2026-02-18 14:34:47,197 - Clicking element: ('xpath', "//span[text()='Departure Time']")
2026-02-18 14:34:47,228 - Clicking element: ('xpath', "//span[text()='Departure Time']")
2026-02-18 14:34:47,275 - Clicking element: ('xpath', "//span[text()='Departure Time']")
2026-02-18 14:34:47,306 - Clicking element: ('xpath', "//span[text()='Departure Time']")
2026-02-18 14:34:47,337 - Clicking element: ('xpath', "//span[text()='Departure Time']")
2026-02-18 14:34:47,368 - Clicking element: ('xpath', "//span[text()='Departure Time']")
2026-02-18 14:34:47,400 - Clicking element: ('xpath', "//span[text()='Departure Time']")
2026-02-18 14:34:47,431 - Clicking element: ('xpath', "//span[text()='Departure Time']")
2026-02-18 14:34:47,478 - Clicking element: ('xpath', "//span[text()='Departure Time']")
2026-02-18 14:34:47,509 - Clicking element: ('xpath', "//span[text()='Departure Time']")
2026-02-18 14:34:47,556 - Clicking element: ('xpath', "//span[text()='Departure Time']")
2026-02-18 14:34:47,587 - Clicking element: ('xpath', "//span[text()='Departure Time']")
2026-02-18 14:34:47,618 - Clicking element: ('xpath', "//span[text()='Departure Time']")
2026-02-18 14:34:47,650 - Clicking element: ('xpath', "//span[text()='Departure Time']")
2026-02-18 14:34:47,697 - Clicking element: ('xpath', "//span[text()='Departure Time']")
2026-02-18 14:34:47,728 - Clicking element: ('xpath', "//span[text()='Departure Time']")
2026-02-18 14:34:47,759 - Clicking element: ('xpath', "//span[text()='Departure Time']")
2026-02-18 14:34:47,790 - Clicking element: ('xpath', "//span[text()='Departure Time']")
2026-02-18 14:34:47,821 - Clicking element: ('xpath', "//span[text()='Departure Time']")
2026-02-18 14:34:47,853 - Clicking element: ('xpath', "//span[text()='Departure Time']")
2026-02-18 14:34:47,900 - Clicking element: ('xpath', "//span[text()='Departure Time']")
2026-02-18 14:34:47,931 - Clicking element: ('xpath', "//span[text()='Departure Time']")
2026-02-18 14:34:47,962 - Clicking element: ('xpath', "//span[text()='Departure Time']")
2026-02-18 14:34:48,009 - Clicking element: ('xpath', "//span[text()='Departure Time']")
2026-02-18 14:34:48,040 - Clicking element: ('xpath', "//span[text()='Departure Time']")
2026-02-18 14:34:48,071 - Clicking element: ('xpath', "//span[text()='Departure Time']")
2026-02-18 14:34:48,103 - Clicking element: ('xpath', "//span[text()='Departure Time']")
2026-02-18 14:34:48,134 - Clicking element: ('xpath', "//span[text()='Departure Time']")
2026-02-18 14:34:48,181 - Clicking element: ('xpath', "//span[text()='Departure Time']")
2026-02-18 14:34:48,212 - Clicking element: ('xpath', "//span[text()='Departure Time']")
2026-02-18 14:34:48,259 - Clicking element: ('xpath', "//span[text()='Departure Time']")
2026-02-18 14:34:48,337 - Clicking element: ('xpath', "//span[text()='Departure Time']")
2026-02-18 14:34:48,431 - Clicking element: ('xpath', "//span[text()='Departure Time']")
2026-02-18 14:34:48,462 - Clicking element: ('xpath', "//span[text()='Departure Time']")
2026-02-18 14:34:48,493 - Clicking element: ('xpath', "//span[text()='Departure Time']")
2026-02-18 14:34:48,540 - Clicking element: ('xpath', "//span[text()='Departure Time']")
2026-02-18 14:34:48,571 - Clicking element: ('xpath', "//span[text()='Departure Time']")
2026-02-18 14:34:48,618 - Clicking element: ('xpath', "//span[text()='Departure Time']")
2026-02-18 14:34:48,649 - Clicking element: ('xpath', "//span[text()='Departure Time']")
2026-02-18 14:34:48,681 - Clicking element: ('xpath', "//span[text()='Departure Time']")
2026-02-18 14:34:48,728 - Clicking element: ('xpath', "//span[text()='Departure Time']")
2026-02-18 14:34:48,759 - Clicking element: ('xpath', "//span[text()='Departure Time']")
2026-02-18 14:34:48,806 - Clicking element: ('xpath', "//span[text()='Departure Time']")
2026-02-18 14:34:48,837 - Clicking element: ('xpath', "//span[text()='Departure Time']")
2026-02-18 14:34:48,868 - Clicking element: ('xpath', "//span[text()='Departure Time']")
2026-02-18 14:34:48,915 - Clicking element: ('xpath', "//span[text()='Departure Time']")
2026-02-18 14:34:48,946 - Clicking element: ('xpath', "//span[text()='Departure Time']")
2026-02-18 14:34:48,977 - Clicking element: ('xpath', "//span[text()='Departure Time']")
2026-02-18 14:34:49,009 - Clicking element: ('xpath', "//span[text()='Departure Time']")
2026-02-18 14:34:49,056 - Clicking element: ('xpath', "//span[text()='Departure Time']")
2026-02-18 14:34:49,087 - Clicking element: ('xpath', "//span[text()='Departure Time']")
2026-02-18 14:34:49,118 - Clicking element: ('xpath', "//span[text()='Departure Time']")
2026-02-18 14:34:49,165 - Clicking element: ('xpath', "//span[text()='Departure Time']")
2026-02-18 14:34:49,196 - Clicking element: ('xpath', "//span[text()='Departure Time']")
2026-02-18 14:34:49,227 - Clicking element: ('xpath', "//span[text()='Departure Time']")
2026-02-18 14:34:49,274 - Clicking element: ('xpath', "//span[text()='Departure Time']")
2026-02-18 14:34:49,306 - Clicking element: ('xpath', "//span[text()='Departure Time']")
2026-02-18 14:34:49,337 - Clicking element: ('xpath', "//span[text()='Departure Time']")
2026-02-18 14:34:49,384 - Clicking element: ('xpath', "//span[text()='Departure Time']")
2026-02-18 14:34:49,415 - Clicking element: ('xpath', "//span[text()='Departure Time']")
2026-02-18 14:34:49,446 - Clicking element: ('xpath', "//span[text()='Departure Time']")
2026-02-18 14:34:49,477 - Clicking element: ('xpath', "//span[text()='Departure Time']")
2026-02-18 14:34:49,524 - Clicking element: ('xpath', "//span[text()='Departure Time']")
2026-02-18 14:34:49,555 - Clicking element: ('xpath', "//span[text()='Departure Time']")
2026-02-18 14:34:49,587 - Clicking element: ('xpath', "//span[text()='Departure Time']")
2026-02-18 14:34:49,618 - Clicking element: ('xpath', "//span[text()='Departure Time']")
2026-02-18 14:34:49,665 - Clicking element: ('xpath', "//span[text()='Departure Time']")
2026-02-18 14:34:49,696 - Clicking element: ('xpath', "//span[text()='Departure Time']")
2026-02-18 14:34:49,727 - Clicking element: ('xpath', "//span[text()='Departure Time']")
2026-02-18 14:34:49,759 - Clicking element: ('xpath', "//span[text()='Departure Time']")
2026-02-18 14:34:49,805 - Clicking element: ('xpath', "//span[text()='Departure Time']")
2026-02-18 14:34:49,837 - Clicking element: ('xpath', "//span[text()='Departure Time']")
2026-02-18 14:34:49,868 - Clicking element: ('xpath', "//span[text()='Departure Time']")
2026-02-18 14:34:49,899 - Clicking element: ('xpath', "//span[text()='Departure Time']")
2026-02-18 14:34:49,977 - Clicking element: ('xpath', "//span[text()='Departure Time']")
2026-02-18 14:34:50,024 - Clicking element: ('xpath', "//span[text()='Departure Time']")
2026-02-18 14:34:50,071 - Clicking element: ('xpath', "//span[text()='Departure Time']")
2026-02-18 14:34:50,102 - Clicking element: ('xpath', "//span[text()='Departure Time']")
2026-02-18 14:34:50,133 - Clicking element: ('xpath', "//span[text()='Departure Time']")
2026-02-18 14:34:50,180 - Clicking element: ('xpath', "//span[text()='Departure Time']")
2026-02-18 14:34:50,212 - Clicking element: ('xpath', "//span[text()='Departure Time']")
2026-02-18 14:34:50,243 - Clicking element: ('xpath', "//span[text()='Departure Time']")
2026-02-18 14:34:50,274 - Clicking element: ('xpath', "//span[text()='Departure Time']")
2026-02-18 14:34:50,305 - Clicking element: ('xpath', "//span[text()='Departure Time']")
2026-02-18 14:34:50,352 - Clicking element: ('xpath', "//span[text()='Departure Time']")
2026-02-18 14:34:50,383 - Clicking element: ('xpath', "//span[text()='Departure Time']")
2026-02-18 14:34:50,415 - Clicking element: ('xpath', "//span[text()='Departure Time']")
2026-02-18 14:34:50,462 - Clicking element: ('xpath', "//span[text()='Departure Time']")
2026-02-18 14:34:50,493 - Clicking element: ('xpath', "//span[text()='Departure Time']")
2026-02-18 14:34:50,524 - Clicking element: ('xpath', "//span[text()='Departure Time']")
2026-02-18 14:34:50,571 - Clicking element: ('xpath', "//span[text()='Departure Time']")
2026-02-18 14:34:50,602 - Clicking element: ('xpath', "//span[text()='Departure Time']")
2026-02-18 14:34:50,633 - Clicking element: ('xpath', "//span[text()='Departure Time']")
2026-02-18 14:34:50,680 - Clicking element: ('xpath', "//span[text()='Departure Time']")
2026-02-18 14:34:50,711 - Clicking element: ('xpath', "//span[text()='Departure Time']")
2026-02-18 14:34:50,758 - Clicking element: ('xpath', "//span[text()='Departure Time']")
2026-02-18 14:34:50,790 - Clicking element: ('xpath', "//span[text()='Departure Time']")
2026-02-18 14:34:50,821 - Clicking element: ('xpath', "//span[text()='Departure Time']")
2026-02-18 14:34:50,868 - Clicking element: ('xpath', "//span[text()='Departure Time']")
2026-02-18 14:34:50,899 - Clicking element: ('xpath', "//span[text()='Departure Time']")
2026-02-18 14:34:50,930 - Clicking element: ('xpath', "//span[text()='Departure Time']")
2026-02-18 14:34:50,961 - Clicking element: ('xpath', "//span[text()='Departure Time']")
2026-02-18 14:34:50,993 - Clicking element: ('xpath', "//span[text()='Departure Time']")
2026-02-18 14:34:51,024 - Clicking element: ('xpath', "//span[text()='Departure Time']")
2026-02-18 14:34:51,071 - Clicking element: ('xpath', "//span[text()='Departure Time']")
2026-02-18 14:34:51,102 - Clicking element: ('xpath', "//span[text()='Departure Time']")
2026-02-18 14:34:51,133 - Clicking element: ('xpath', "//span[text()='Departure Time']")
2026-02-18 14:34:51,164 - Clicking element: ('xpath', "//span[text()='Departure Time']")
2026-02-18 14:34:51,211 - Clicking element: ('xpath', "//span[text()='Departure Time']")
2026-02-18 14:34:51,243 - Clicking element: ('xpath', "//span[text()='Departure Time']")
2026-02-18 14:34:51,274 - Clicking element: ('xpath', "//span[text()='Departure Time']")
2026-02-18 14:34:51,305 - Clicking element: ('xpath', "//span[text()='Departure Time']")
2026-02-18 14:34:51,352 - Clicking element: ('xpath', "//span[text()='Departure Time']")
2026-02-18 14:34:51,383 - Clicking element: ('xpath', "//span[text()='Departure Time']")
2026-02-18 14:34:51,414 - Clicking element: ('xpath', "//span[text()='Departure Time']")
2026-02-18 14:34:51,461 - Clicking element: ('xpath', "//span[text()='Departure Time']")
2026-02-18 14:34:51,493 - Clicking element: ('xpath', "//span[text()='Departure Time']")
2026-02-18 14:34:51,539 - Clicking element: ('xpath', "//span[text()='Departure Time']")
2026-02-18 14:34:51,571 - Clicking element: ('xpath', "//span[text()='Departure Time']")
2026-02-18 14:34:51,617 - Clicking element: ('xpath', "//span[text()='Departure Time']")
2026-02-18 14:34:51,649 - Clicking element: ('xpath', "//span[text()='Departure Time']")
2026-02-18 14:34:51,680 - Clicking element: ('xpath', "//span[text()='Departure Time']")
2026-02-18 14:34:51,727 - Clicking element: ('xpath', "//span[text()='Departure Time']")
2026-02-18 14:34:51,758 - Clicking element: ('xpath', "//span[text()='Departure Time']")
2026-02-18 14:34:51,789 - Clicking element: ('xpath', "//span[text()='Departure Time']")
2026-02-18 14:34:51,821 - Clicking element: ('xpath', "//span[text()='Departure Time']")
2026-02-18 14:34:51,852 - Clicking element: ('xpath', "//span[text()='Departure Time']")
2026-02-18 14:34:51,883 - Clicking element: ('xpath', "//span[text()='Departure Time']")
2026-02-18 14:34:51,914 - Clicking element: ('xpath', "//span[text()='Departure Time']")
2026-02-18 14:34:51,946 - Clicking element: ('xpath', "//span[text()='Departure Time']")
2026-02-18 14:34:51,992 - Clicking element: ('xpath', "//span[text()='Departure Time']")
2026-02-18 14:34:52,024 - Clicking element: ('xpath', "//span[text()='Departure Time']")
2026-02-18 14:34:52,070 - Clicking element: ('xpath', "//span[text()='Departure Time']")
2026-02-18 14:34:52,102 - Clicking element: ('xpath', "//span[text()='Departure Time']")
2026-02-18 14:34:52,133 - Clicking element: ('xpath', "//span[text()='Departure Time']")
2026-02-18 14:34:52,164 - Clicking element: ('xpath', "//span[text()='Departure Time']")
2026-02-18 14:34:52,195 - Clicking element: ('xpath', "//span[text()='Departure Time']")
2026-02-18 14:34:52,227 - Clicking element: ('xpath', "//span[text()='Departure Time']")
2026-02-18 14:34:52,274 - Clicking element: ('xpath', "//span[text()='Departure Time']")
2026-02-18 14:34:52,305 - Clicking element: ('xpath', "//span[text()='Departure Time']")
2026-02-18 14:34:52,336 - Clicking element: ('xpath', "//span[text()='Departure Time']")
2026-02-18 14:34:52,367 - Clicking element: ('xpath', "//span[text()='Departure Time']")
2026-02-18 14:34:52,399 - Clicking element: ('xpath', "//span[text()='Departure Time']")
2026-02-18 14:34:52,430 - Clicking element: ('xpath', "//span[text()='Departure Time']")
2026-02-18 14:34:52,477 - Clicking element: ('xpath', "//span[text()='Departure Time']")
2026-02-18 14:34:52,508 - Clicking element: ('xpath', "//span[text()='Departure Time']")
2026-02-18 14:34:52,555 - Clicking element: ('xpath', "//span[text()='Departure Time']")
2026-02-18 14:34:52,586 - Clicking element: ('xpath', "//span[text()='Departure Time']")
2026-02-18 14:34:52,633 - Clicking element: ('xpath', "//span[text()='Departure Time']")
2026-02-18 14:34:52,664 - Clicking element: ('xpath', "//span[text()='Departure Time']")
2026-02-18 14:34:52,695 - Clicking element: ('xpath', "//span[text()='Departure Time']")
2026-02-18 14:34:52,727 - Clicking element: ('xpath', "//span[text()='Departure Time']")
2026-02-18 14:34:52,773 - Clicking element: ('xpath', "//span[text()='Departure Time']")
2026-02-18 14:34:52,805 - Clicking element: ('xpath', "//span[text()='Departure Time']")
2026-02-18 14:34:52,836 - Clicking element: ('xpath', "//span[text()='Departure Time']")
2026-02-18 14:34:52,883 - Clicking element: ('xpath', "//span[text()='Departure Time']")
2026-02-18 14:34:52,914 - Clicking element: ('xpath', "//span[text()='Departure Time']")
2026-02-18 14:34:52,945 - Clicking element: ('xpath', "//span[text()='Departure Time']")
2026-02-18 14:34:52,992 - Clicking element: ('xpath', "//span[text()='Departure Time']")
2026-02-18 14:34:53,023 - Clicking element: ('xpath', "//span[text()='Departure Time']")
2026-02-18 14:34:53,055 - Clicking element: ('xpath', "//span[text()='Departure Time']")
2026-02-18 14:34:53,086 - Clicking element: ('xpath', "//span[text()='Departure Time']")
2026-02-18 14:34:53,117 - Clicking element: ('xpath', "//span[text()='Departure Time']")
2026-02-18 14:34:53,148 - Clicking element: ('xpath', "//span[text()='Departure Time']")
2026-02-18 14:34:53,195 - Clicking element: ('xpath', "//span[text()='Departure Time']")
2026-02-18 14:34:53,226 - Clicking element: ('xpath', "//span[text()='Departure Time']")
2026-02-18 14:34:53,258 - Clicking element: ('xpath', "//span[text()='Departure Time']")
2026-02-18 14:34:53,289 - Clicking element: ('xpath', "//span[text()='Departure Time']")
2026-02-18 14:34:53,336 - Clicking element: ('xpath', "//span[text()='Departure Time']")
2026-02-18 14:34:53,367 - Clicking element: ('xpath', "//span[text()='Departure Time']")
2026-02-18 14:34:53,398 - Clicking element: ('xpath', "//span[text()='Departure Time']")
2026-02-18 14:34:53,430 - Clicking element: ('xpath', "//span[text()='Departure Time']")
2026-02-18 14:34:53,461 - Clicking element: ('xpath', "//span[text()='Departure Time']")
2026-02-18 14:34:53,492 - Clicking element: ('xpath', "//span[text()='Departure Time']")
2026-02-18 14:34:53,539 - Clicking element: ('xpath', "//span[text()='Departure Time']")
2026-02-18 14:34:53,570 - Clicking element: ('xpath', "//span[text()='Departure Time']")
2026-02-18 14:34:53,601 - Clicking element: ('xpath', "//span[text()='Departure Time']")
2026-02-18 14:34:53,648 - Clicking element: ('xpath', "//span[text()='Departure Time']")
2026-02-18 14:34:53,679 - Clicking element: ('xpath', "//span[text()='Departure Time']")
2026-02-18 14:34:53,711 - Clicking element: ('xpath', "//span[text()='Departure Time']")
2026-02-18 14:34:53,742 - Clicking element: ('xpath', "//span[text()='Departure Time']")
2026-02-18 14:34:53,773 - Clicking element: ('xpath', "//span[text()='Departure Time']")
2026-02-18 14:34:53,820 - Clicking element: ('xpath', "//span[text()='Departure Time']")
2026-02-18 14:34:53,851 - Clicking element: ('xpath', "//span[text()='Departure Time']")
2026-02-18 14:34:53,883 - Clicking element: ('xpath', "//span[text()='Departure Time']")
2026-02-18 14:34:53,914 - Clicking element: ('xpath', "//span[text()='Departure Time']")
2026-02-18 14:34:53,945 - Clicking element: ('xpath', "//span[text()='Departure Time']")
2026-02-18 14:34:53,976 - Clicking element: ('xpath', "//span[text()='Departure Time']")
2026-02-18 14:34:54,023 - Clicking element: ('xpath', "//span[text()='Departure Time']")
2026-02-18 14:34:54,054 - Clicking element: ('xpath', "//span[text()='Departure Time']")
2026-02-18 14:34:54,101 - Clicking element: ('xpath', "//span[text()='Departure Time']")
2026-02-18 14:34:54,133 - Clicking element: ('xpath', "//span[text()='Departure Time']")
2026-02-18 14:34:54,164 - Clicking element: ('xpath', "//span[text()='Departure Time']")
2026-02-18 14:34:54,195 - Clicking element: ('xpath', "//span[text()='Departure Time']")
2026-02-18 14:34:54,226 - Clicking element: ('xpath', "//span[text()='Departure Time']")
2026-02-18 14:34:54,257 - Clicking element: ('xpath', "//span[text()='Departure Time']")
2026-02-18 14:34:54,304 - Clicking element: ('xpath', "//span[text()='Departure Time']")
2026-02-18 14:34:54,336 - Clicking element: ('xpath', "//span[text()='Departure Time']")
2026-02-18 14:34:54,367 - Clicking element: ('xpath', "//span[text()='Departure Time']")
2026-02-18 14:34:54,398 - Clicking element: ('xpath', "//span[text()='Departure Time']")
2026-02-18 14:34:54,429 - Clicking element: ('xpath', "//span[text()='Departure Time']")
2026-02-18 14:34:54,461 - Clicking element: ('xpath', "//span[text()='Departure Time']")
2026-02-18 14:34:54,492 - Clicking element: ('xpath', "//span[text()='Departure Time']")
2026-02-18 14:34:54,539 - Clicking element: ('xpath', "//span[text()='Departure Time']")
2026-02-18 14:34:54,570 - Clicking element: ('xpath', "//span[text()='Departure Time']")
2026-02-18 14:34:54,601 - Clicking element: ('xpath', "//span[text()='Departure Time']")
2026-02-18 14:34:54,648 - Clicking element: ('xpath', "//span[text()='Departure Time']")
2026-02-18 14:34:54,679 - Clicking element: ('xpath', "//span[text()='Departure Time']")
2026-02-18 14:34:54,726 - Clicking element: ('xpath', "//span[text()='Departure Time']")
2026-02-18 14:34:54,757 - Clicking element: ('xpath', "//span[text()='Departure Time']")
2026-02-18 14:34:54,789 - Clicking element: ('xpath', "//span[text()='Departure Time']")
2026-02-18 14:34:54,820 - Clicking element: ('xpath', "//span[text()='Departure Time']")
2026-02-18 14:34:54,851 - Clicking element: ('xpath', "//span[text()='Departure Time']")
2026-02-18 14:34:54,898 - Clicking element: ('xpath', "//span[text()='Departure Time']")
2026-02-18 14:34:54,929 - Clicking element: ('xpath', "//span[text()='Departure Time']")
2026-02-18 14:34:54,960 - Clicking element: ('xpath', "//span[text()='Departure Time']")
2026-02-18 14:34:55,007 - Clicking element: ('xpath', "//span[text()='Departure Time']")
2026-02-18 14:34:55,039 - Clicking element: ('xpath', "//span[text()='Departure Time']")
2026-02-18 14:34:55,070 - Clicking element: ('xpath', "//span[text()='Departure Time']")
2026-02-18 14:34:55,101 - Clicking element: ('xpath', "//span[text()='Departure Time']")
2026-02-18 14:34:55,132 - Clicking element: ('xpath', "//span[text()='Departure Time']")
2026-02-18 14:34:55,179 - Clicking element: ('xpath', "//span[text()='Departure Time']")
2026-02-18 14:34:55,210 - Clicking element: ('xpath', "//span[text()='Departure Time']")
2026-02-18 14:34:55,242 - Clicking element: ('xpath', "//span[text()='Departure Time']")
2026-02-18 14:34:55,273 - Clicking element: ('xpath', "//span[text()='Departure Time']")
2026-02-18 14:34:55,320 - Clicking element: ('xpath', "//span[text()='Departure Time']")
2026-02-18 14:34:55,351 - Clicking element: ('xpath', "//span[text()='Departure Time']")
2026-02-18 14:34:55,382 - Clicking element: ('xpath', "//span[text()='Departure Time']")
2026-02-18 14:34:55,429 - Clicking element: ('xpath', "//span[text()='Departure Time']")
2026-02-18 14:34:55,460 - Clicking element: ('xpath', "//span[text()='Departure Time']")
2026-02-18 14:34:55,492 - Clicking element: ('xpath', "//span[text()='Departure Time']")
2026-02-18 14:34:55,523 - Clicking element: ('xpath', "//span[text()='Departure Time']")
2026-02-18 14:34:55,570 - Clicking element: ('xpath', "//span[text()='Departure Time']")
2026-02-18 14:34:55,601 - Clicking element: ('xpath', "//span[text()='Departure Time']")
2026-02-18 14:34:55,632 - Clicking element: ('xpath', "//span[text()='Departure Time']")
2026-02-18 14:34:55,679 - Clicking element: ('xpath', "//span[text()='Departure Time']")
2026-02-18 14:34:55,710 - Clicking element: ('xpath', "//span[text()='Departure Time']")
2026-02-18 14:34:55,742 - Clicking element: ('xpath', "//span[text()='Departure Time']")
2026-02-18 14:34:55,788 - Clicking element: ('xpath', "//span[text()='Departure Time']")
2026-02-18 14:34:55,820 - Clicking element: ('xpath', "//span[text()='Departure Time']")
2026-02-18 14:34:55,851 - Clicking element: ('xpath', "//span[text()='Departure Time']")
2026-02-18 14:34:55,882 - Clicking element: ('xpath', "//span[text()='Departure Time']")
2026-02-18 14:34:55,929 - Clicking element: ('xpath', "//span[text()='Departure Time']")
2026-02-18 14:34:55,960 - Clicking element: ('xpath', "//span[text()='Departure Time']")
2026-02-18 14:34:55,991 - Clicking element: ('xpath', "//span[text()='Departure Time']")
2026-02-18 14:34:56,038 - Clicking element: ('xpath', "//span[text()='Departure Time']")
2026-02-18 14:34:56,070 - Clicking element: ('xpath', "//span[text()='Departure Time']")
2026-02-18 14:34:56,101 - Clicking element: ('xpath', "//span[text()='Departure Time']")
2026-02-18 14:34:56,148 - Clicking element: ('xpath', "//span[text()='Departure Time']")
2026-02-18 14:34:56,179 - Clicking element: ('xpath', "//span[text()='Departure Time']")
2026-02-18 14:34:56,210 - Clicking element: ('xpath', "//span[text()='Departure Time']")
2026-02-18 14:34:56,241 - Clicking element: ('xpath', "//span[text()='Departure Time']")
2026-02-18 14:34:56,288 - Clicking element: ('xpath', "//span[text()='Departure Time']")
2026-02-18 14:34:56,319 - Clicking element: ('xpath', "//span[text()='Departure Time']")
2026-02-18 14:34:56,351 - Clicking element: ('xpath', "//span[text()='Departure Time']")
2026-02-18 14:34:56,382 - Clicking element: ('xpath', "//span[text()='Departure Time']")
2026-02-18 14:34:56,413 - Clicking element: ('xpath', "//span[text()='Departure Time']")
2026-02-18 14:34:56,444 - Clicking element: ('xpath', "//span[text()='Departure Time']")
2026-02-18 14:34:56,491 - Clicking element: ('xpath', "//span[text()='Departure Time']")
2026-02-18 14:34:56,523 - Clicking element: ('xpath', "//span[text()='Departure Time']")
2026-02-18 14:34:56,569 - Clicking element: ('xpath', "//span[text()='Departure Time']")
2026-02-18 14:34:56,601 - Clicking element: ('xpath', "//span[text()='Departure Time']")
2026-02-18 14:34:56,632 - Clicking element: ('xpath', "//span[text()='Departure Time']")
2026-02-18 14:34:56,679 - Clicking element: ('xpath', "//span[text()='Departure Time']")
2026-02-18 14:34:56,710 - Clicking element: ('xpath', "//span[text()='Departure Time']")
2026-02-18 14:34:56,741 - Clicking element: ('xpath', "//span[text()='Departure Time']")
2026-02-18 14:34:56,773 - Clicking element: ('xpath', "//span[text()='Departure Time']")
2026-02-18 14:34:56,819 - Clicking element: ('xpath', "//span[text()='Departure Time']")
2026-02-18 14:34:56,851 - Clicking element: ('xpath', "//span[text()='Departure Time']")
2026-02-18 14:34:56,882 - Clicking element: ('xpath', "//span[text()='Departure Time']")
2026-02-18 14:34:56,913 - Clicking element: ('xpath', "//span[text()='Departure Time']")
2026-02-18 14:34:56,944 - Clicking element: ('xpath', "//span[text()='Departure Time']")
2026-02-18 14:34:56,976 - Clicking element: ('xpath', "//span[text()='Departure Time']")
2026-02-18 14:34:57,022 - Clicking element: ('xpath', "//span[text()='Departure Time']")
2026-02-18 14:34:57,054 - Clicking element: ('xpath', "//span[text()='Departure Time']")
2026-02-18 14:34:57,085 - Clicking element: ('xpath', "//span[text()='Departure Time']")
2026-02-18 14:34:57,132 - Clicking element: ('xpath', "//span[text()='Departure Time']")
2026-02-18 14:34:57,163 - Clicking element: ('xpath', "//span[text()='Departure Time']")
2026-02-18 14:34:57,194 - Clicking element: ('xpath', "//span[text()='Departure Time']")
2026-02-18 14:34:57,241 - Clicking element: ('xpath', "//span[text()='Departure Time']")
2026-02-18 14:34:57,272 - Clicking element: ('xpath', "//span[text()='Departure Time']")
2026-02-18 14:34:57,304 - Clicking element: ('xpath', "//span[text()='Departure Time']")
2026-02-18 14:34:57,351 - Clicking element: ('xpath', "//span[text()='Departure Time']")
2026-02-18 14:34:57,382 - Clicking element: ('xpath', "//span[text()='Departure Time']")
2026-02-18 14:34:57,413 - Clicking element: ('xpath', "//span[text()='Departure Time']")
2026-02-18 14:34:57,444 - Clicking element: ('xpath', "//span[text()='Departure Time']")
2026-02-18 14:34:57,491 - Clicking element: ('xpath', "//span[text()='Departure Time']")
2026-02-18 14:34:57,522 - Clicking element: ('xpath', "//span[text()='Departure Time']")
2026-02-18 14:34:57,569 - Clicking element: ('xpath', "//span[text()='Departure Time']")
2026-02-18 14:34:57,600 - Clicking element: ('xpath', "//span[text()='Departure Time']")
2026-02-18 14:34:57,632 - Clicking element: ('xpath', "//span[text()='Departure Time']")
2026-02-18 14:34:57,663 - Clicking element: ('xpath', "//span[text()='Departure Time']")
2026-02-18 14:34:57,710 - Clicking element: ('xpath', "//span[text()='Departure Time']")
2026-02-18 14:34:57,741 - Clicking element: ('xpath', "//span[text()='Departure Time']")
2026-02-18 14:34:57,772 - Clicking element: ('xpath', "//span[text()='Departure Time']")
2026-02-18 14:34:57,804 - Clicking element: ('xpath', "//span[text()='Departure Time']")
2026-02-18 14:34:57,850 - Clicking element: ('xpath', "//span[text()='Departure Time']")
2026-02-18 14:34:57,882 - Clicking element: ('xpath', "//span[text()='Departure Time']")
2026-02-18 14:34:57,928 - Clicking element: ('xpath', "//span[text()='Departure Time']")
2026-02-18 14:34:57,960 - Clicking element: ('xpath', "//span[text()='Departure Time']")
2026-02-18 14:34:57,991 - Clicking element: ('xpath', "//span[text()='Departure Time']")
2026-02-18 14:34:58,038 - Clicking element: ('xpath', "//span[text()='Departure Time']")
2026-02-18 14:34:58,069 - Clicking element: ('xpath', "//span[text()='Departure Time']")
2026-02-18 14:34:58,100 - Clicking element: ('xpath', "//span[text()='Departure Time']")
2026-02-18 14:34:58,147 - Clicking element: ('xpath', "//span[text()='Departure Time']")
2026-02-18 14:34:58,178 - Clicking element: ('xpath', "//span[text()='Departure Time']")
2026-02-18 14:34:58,210 - Clicking element: ('xpath', "//span[text()='Departure Time']")
2026-02-18 14:34:58,241 - Clicking element: ('xpath', "//span[text()='Departure Time']")
2026-02-18 14:34:58,288 - Clicking element: ('xpath', "//span[text()='Departure Time']")
2026-02-18 14:34:58,319 - Clicking element: ('xpath', "//span[text()='Departure Time']")
2026-02-18 14:34:58,366 - Clicking element: ('xpath', "//span[text()='Departure Time']")
2026-02-18 14:34:58,397 - Clicking element: ('xpath', "//span[text()='Departure Time']")
2026-02-18 14:34:58,428 - Clicking element: ('xpath', "//span[text()='Departure Time']")
2026-02-18 14:34:58,460 - Clicking element: ('xpath', "//span[text()='Departure Time']")
2026-02-18 14:34:58,506 - Clicking element: ('xpath', "//span[text()='Departure Time']")
2026-02-18 14:34:58,538 - Clicking element: ('xpath', "//span[text()='Departure Time']")
2026-02-18 14:34:58,569 - Clicking element: ('xpath', "//span[text()='Departure Time']")
2026-02-18 14:34:58,616 - Clicking element: ('xpath', "//span[text()='Departure Time']")
2026-02-18 14:34:58,647 - Clicking element: ('xpath', "//span[text()='Departure Time']")
2026-02-18 14:34:58,678 - Clicking element: ('xpath', "//span[text()='Departure Time']")
2026-02-18 14:34:58,725 - Clicking element: ('xpath', "//span[text()='Departure Time']")
2026-02-18 14:34:58,756 - Clicking element: ('xpath', "//span[text()='Departure Time']")
2026-02-18 14:34:58,788 - Clicking element: ('xpath', "//span[text()='Departure Time']")
2026-02-18 14:34:58,835 - Clicking element: ('xpath', "//span[text()='Departure Time']")
2026-02-18 14:34:58,866 - Clicking element: ('xpath', "//span[text()='Departure Time']")
2026-02-18 14:34:58,897 - Clicking element: ('xpath', "//span[text()='Departure Time']")
2026-02-18 14:34:58,944 - Clicking element: ('xpath', "//span[text()='Departure Time']")
2026-02-18 14:34:58,975 - Clicking element: ('xpath', "//span[text()='Departure Time']")
2026-02-18 14:34:59,006 - Clicking element: ('xpath', "//span[text()='Departure Time']")
2026-02-18 14:34:59,038 - Clicking element: ('xpath', "//span[text()='Departure Time']")
2026-02-18 14:34:59,069 - Clicking element: ('xpath', "//span[text()='Departure Time']")
2026-02-18 14:34:59,116 - Clicking element: ('xpath', "//span[text()='Departure Time']")
2026-02-18 14:34:59,147 - Clicking element: ('xpath', "//span[text()='Departure Time']")
2026-02-18 14:34:59,194 - Clicking element: ('xpath', "//span[text()='Departure Time']")
2026-02-18 14:34:59,225 - Clicking element: ('xpath', "//span[text()='Departure Time']")
2026-02-18 14:34:59,272 - Clicking element: ('xpath', "//span[text()='Departure Time']")
2026-02-18 14:34:59,303 - Clicking element: ('xpath', "//span[text()='Departure Time']")
2026-02-18 14:34:59,350 - Clicking element: ('xpath', "//span[text()='Departure Time']")
2026-02-18 14:34:59,381 - Clicking element: ('xpath', "//span[text()='Departure Time']")
2026-02-18 14:34:59,413 - Clicking element: ('xpath', "//span[text()='Departure Time']")
2026-02-18 14:34:59,444 - Clicking element: ('xpath', "//span[text()='Departure Time']")
2026-02-18 14:34:59,475 - Clicking element: ('xpath', "//span[text()='Departure Time']")
2026-02-18 14:34:59,522 - Clicking element: ('xpath', "//span[text()='Departure Time']")
2026-02-18 14:34:59,553 - Clicking element: ('xpath', "//span[text()='Departure Time']")
2026-02-18 14:34:59,584 - Clicking element: ('xpath', "//span[text()='Departure Time']")
2026-02-18 14:34:59,616 - Clicking element: ('xpath', "//span[text()='Departure Time']")
2026-02-18 14:34:59,647 - Clicking element: ('xpath', "//span[text()='Departure Time']")
2026-02-18 14:34:59,694 - Clicking element: ('xpath', "//span[text()='Departure Time']")
2026-02-18 14:34:59,725 - Clicking element: ('xpath', "//span[text()='Departure Time']")
2026-02-18 14:34:59,756 - Clicking element: ('xpath', "//span[text()='Departure Time']")
2026-02-18 14:34:59,803 - Clicking element: ('xpath', "//span[text()='Departure Time']")
2026-02-18 14:34:59,834 - Clicking element: ('xpath', "//span[text()='Departure Time']")
2026-02-18 14:34:59,881 - Clicking element: ('xpath', "//span[text()='Departure Time']")
2026-02-18 14:34:59,912 - Clicking element: ('xpath', "//span[text()='Departure Time']")
2026-02-18 14:34:59,944 - Clicking element: ('xpath', "//span[text()='Departure Time']")
2026-02-18 14:34:59,975 - Clicking element: ('xpath', "//span[text()='Departure Time']")
2026-02-18 14:35:00,022 - Clicking element: ('xpath', "//span[text()='Departure Time']")
2026-02-18 14:35:00,069 - Clicking element: ('xpath', "//span[text()='Departure Time']")
2026-02-18 14:35:00,100 - Clicking element: ('xpath', "//span[text()='Departure Time']")
2026-02-18 14:35:00,147 - Clicking element: ('xpath', "//span[text()='Departure Time']")
2026-02-18 14:35:00,178 - Clicking element: ('xpath', "//span[text()='Departure Time']")
2026-02-18 14:35:00,209 - Clicking element: ('xpath', "//span[text()='Departure Time']")
2026-02-18 14:35:00,256 - Clicking element: ('xpath', "//span[text()='Departure Time']")
2026-02-18 14:35:00,287 - Clicking element: ('xpath', "//span[text()='Departure Time']")
2026-02-18 14:35:00,319 - Clicking element: ('xpath', "//span[text()='Departure Time']")
2026-02-18 14:35:00,350 - Clicking element: ('xpath', "//span[text()='Departure Time']")
2026-02-18 14:35:00,397 - Clicking element: ('xpath', "//span[text()='Departure Time']")
2026-02-18 14:35:00,428 - Clicking element: ('xpath', "//span[text()='Departure Time']")
2026-02-18 14:35:00,475 - Clicking element: ('xpath', "//span[text()='Departure Time']")
2026-02-18 14:35:00,506 - Clicking element: ('xpath', "//span[text()='Departure Time']")
2026-02-18 14:35:00,537 - Clicking element: ('xpath', "//span[text()='Departure Time']")
2026-02-18 14:35:00,584 - Clicking element: ('xpath', "//span[text()='Departure Time']")
2026-02-18 14:35:00,615 - Clicking element: ('xpath', "//span[text()='Departure Time']")
2026-02-18 14:35:00,647 - Clicking element: ('xpath', "//span[text()='Departure Time']")
2026-02-18 14:35:00,678 - Clicking element: ('xpath', "//span[text()='Departure Time']")
2026-02-18 14:35:00,725 - Clicking element: ('xpath', "//span[text()='Departure Time']")
2026-02-18 14:35:00,756 - Clicking element: ('xpath', "//span[text()='Departure Time']")
2026-02-18 14:35:00,787 - Clicking element: ('xpath', "//span[text()='Departure Time']")
2026-02-18 14:35:00,818 - Clicking element: ('xpath', "//span[text()='Departure Time']")
2026-02-18 14:35:00,850 - Clicking element: ('xpath', "//span[text()='Departure Time']")
2026-02-18 14:35:00,897 - Clicking element: ('xpath', "//span[text()='Departure Time']")
2026-02-18 14:35:00,928 - Clicking element: ('xpath', "//span[text()='Departure Time']")
2026-02-18 14:35:00,959 - Clicking element: ('xpath', "//span[text()='Departure Time']")
2026-02-18 14:35:01,006 - Clicking element: ('xpath', "//span[text()='Departure Time']")
2026-02-18 14:35:01,037 - Clicking element: ('xpath', "//span[text()='Departure Time']")
2026-02-18 14:35:01,068 - Clicking element: ('xpath', "//span[text()='Departure Time']")
2026-02-18 14:35:01,100 - Clicking element: ('xpath', "//span[text()='Departure Time']")
2026-02-18 14:35:01,131 - Clicking element: ('xpath', "//span[text()='Departure Time']")
2026-02-18 14:35:01,178 - Clicking element: ('xpath', "//span[text()='Departure Time']")
2026-02-18 14:35:01,209 - Clicking element: ('xpath', "//span[text()='Departure Time']")
2026-02-18 14:35:01,240 - Clicking element: ('xpath', "//span[text()='Departure Time']")
2026-02-18 14:35:01,271 - Clicking element: ('xpath', "//span[text()='Departure Time']")
2026-02-18 14:35:01,318 - Clicking element: ('xpath', "//span[text()='Departure Time']")
2026-02-18 14:35:01,350 - Clicking element: ('xpath', "//span[text()='Departure Time']")
2026-02-18 14:35:01,381 - Clicking element: ('xpath', "//span[text()='Departure Time']")
2026-02-18 14:35:01,428 - Clicking element: ('xpath', "//span[text()='Departure Time']")
2026-02-18 14:35:01,459 - Clicking element: ('xpath', "//span[text()='Departure Time']")
2026-02-18 14:35:01,506 - Clicking element: ('xpath', "//span[text()='Departure Time']")
2026-02-18 14:35:01,537 - Clicking element: ('xpath', "//span[text()='Departure Time']")
2026-02-18 14:35:01,568 - Clicking element: ('xpath', "//span[text()='Departure Time']")
2026-02-18 14:35:01,615 - Clicking element: ('xpath', "//span[text()='Departure Time']")
2026-02-18 14:35:01,646 - Clicking element: ('xpath', "//span[text()='Departure Time']")
2026-02-18 14:35:01,693 - Clicking element: ('xpath', "//span[text()='Departure Time']")
2026-02-18 14:35:01,724 - Clicking element: ('xpath', "//span[text()='Departure Time']")
2026-02-18 14:35:01,756 - Clicking element: ('xpath', "//span[text()='Departure Time']")
2026-02-18 14:35:01,787 - Clicking element: ('xpath', "//span[text()='Departure Time']")
2026-02-18 14:35:01,818 - Clicking element: ('xpath', "//span[text()='Departure Time']")
2026-02-18 14:35:01,865 - Clicking element: ('xpath', "//span[text()='Departure Time']")
2026-02-18 14:35:01,896 - Clicking element: ('xpath', "//span[text()='Departure Time']")
2026-02-18 14:35:01,928 - Clicking element: ('xpath', "//span[text()='Departure Time']")
2026-02-18 14:35:01,974 - Clicking element: ('xpath', "//span[text()='Departure Time']")
2026-02-18 14:35:02,006 - Clicking element: ('xpath', "//span[text()='Departure Time']")
2026-02-18 14:35:02,037 - Clicking element: ('xpath', "//span[text()='Departure Time']")
2026-02-18 14:35:02,084 - Clicking element: ('xpath', "//span[text()='Departure Time']")
2026-02-18 14:35:02,115 - Clicking element: ('xpath', "//span[text()='Departure Time']")
2026-02-18 14:35:02,146 - Clicking element: ('xpath', "//span[text()='Departure Time']")
2026-02-18 14:35:02,178 - Clicking element: ('xpath', "//span[text()='Departure Time']")
2026-02-18 14:35:02,224 - Clicking element: ('xpath', "//span[text()='Departure Time']")
2026-02-18 14:35:02,256 - Clicking element: ('xpath', "//span[text()='Departure Time']")
2026-02-18 14:35:02,302 - Clicking element: ('xpath', "//span[text()='Departure Time']")
2026-02-18 14:35:02,334 - Clicking element: ('xpath', "//span[text()='Departure Time']")
2026-02-18 14:35:02,365 - Clicking element: ('xpath', "//span[text()='Departure Time']")
2026-02-18 14:35:02,412 - Clicking element: ('xpath', "//span[text()='Departure Time']")
2026-02-18 14:35:02,443 - Clicking element: ('xpath', "//span[text()='Departure Time']")
2026-02-18 14:35:02,474 - Clicking element: ('xpath', "//span[text()='Departure Time']")
2026-02-18 14:35:02,506 - Clicking element: ('xpath', "//span[text()='Departure Time']")
2026-02-18 14:35:02,552 - Clicking element: ('xpath', "//span[text()='Departure Time']")
2026-02-18 14:35:02,584 - Clicking element: ('xpath', "//span[text()='Departure Time']")
2026-02-18 14:35:02,631 - Clicking element: ('xpath', "//span[text()='Departure Time']")
2026-02-18 14:35:02,662 - Clicking element: ('xpath', "//span[text()='Departure Time']")
2026-02-18 14:35:02,693 - Clicking element: ('xpath', "//span[text()='Departure Time']")
2026-02-18 14:35:02,724 - Clicking element: ('xpath', "//span[text()='Departure Time']")
2026-02-18 14:35:02,771 - Clicking element: ('xpath', "//span[text()='Departure Time']")
2026-02-18 14:35:02,802 - Clicking element: ('xpath', "//span[text()='Departure Time']")
2026-02-18 14:35:02,834 - Clicking element: ('xpath', "//span[text()='Departure Time']")
2026-02-18 14:35:02,880 - Clicking element: ('xpath', "//span[text()='Departure Time']")
2026-02-18 14:35:02,912 - Clicking element: ('xpath', "//span[text()='Departure Time']")
2026-02-18 14:35:02,959 - Clicking element: ('xpath', "//span[text()='Departure Time']")
2026-02-18 14:35:02,990 - Clicking element: ('xpath', "//span[text()='Departure Time']")
2026-02-18 14:35:03,021 - Clicking element: ('xpath', "//span[text()='Departure Time']")
2026-02-18 14:35:03,068 - Clicking element: ('xpath', "//span[text()='Departure Time']")
2026-02-18 14:35:03,099 - Clicking element: ('xpath', "//span[text()='Departure Time']")
2026-02-18 14:35:03,130 - Clicking element: ('xpath', "//span[text()='Departure Time']")
2026-02-18 14:35:03,177 - Clicking element: ('xpath', "//span[text()='Departure Time']")
2026-02-18 14:35:03,209 - Clicking element: ('xpath', "//span[text()='Departure Time']")
2026-02-18 14:35:03,240 - Clicking element: ('xpath', "//span[text()='Departure Time']")
2026-02-18 14:35:03,271 - Clicking element: ('xpath', "//span[text()='Departure Time']")
2026-02-18 14:35:03,302 - Clicking element: ('xpath', "//span[text()='Departure Time']")
2026-02-18 14:35:03,349 - Clicking element: ('xpath', "//span[text()='Departure Time']")
2026-02-18 14:35:03,380 - Clicking element: ('xpath', "//span[text()='Departure Time']")
2026-02-18 14:35:03,412 - Clicking element: ('xpath', "//span[text()='Departure Time']")
2026-02-18 14:35:03,443 - Clicking element: ('xpath', "//span[text()='Departure Time']")
2026-02-18 14:35:03,490 - Clicking element: ('xpath', "//span[text()='Departure Time']")
2026-02-18 14:35:03,521 - Clicking element: ('xpath', "//span[text()='Departure Time']")
2026-02-18 14:35:03,552 - Clicking element: ('xpath', "//span[text()='Departure Time']")
2026-02-18 14:35:03,599 - Clicking element: ('xpath', "//span[text()='Departure Time']")
2026-02-18 14:35:03,630 - Clicking element: ('xpath', "//span[text()='Departure Time']")
2026-02-18 14:35:03,662 - Clicking element: ('xpath', "//span[text()='Departure Time']")
2026-02-18 14:35:03,693 - Clicking element: ('xpath', "//span[text()='Departure Time']")
2026-02-18 14:35:03,740 - Clicking element: ('xpath', "//span[text()='Departure Time']")
2026-02-18 14:35:03,771 - Clicking element: ('xpath', "//span[text()='Departure Time']")
2026-02-18 14:35:03,802 - Clicking element: ('xpath', "//span[text()='Departure Time']")
2026-02-18 14:35:03,833 - Clicking element: ('xpath', "//span[text()='Departure Time']")
2026-02-18 14:35:03,865 - Clicking element: ('xpath', "//span[text()='Departure Time']")
2026-02-18 14:35:03,911 - Clicking element: ('xpath', "//span[text()='Departure Time']")
2026-02-18 14:35:03,943 - Clicking element: ('xpath', "//span[text()='Departure Time']")
2026-02-18 14:35:03,974 - Clicking element: ('xpath', "//span[text()='Departure Time']")
2026-02-18 14:35:04,005 - Clicking element: ('xpath', "//span[text()='Departure Time']")
2026-02-18 14:35:04,036 - Clicking element: ('xpath', "//span[text()='Departure Time']")
2026-02-18 14:35:04,083 - Clicking element: ('xpath', "//span[text()='Departure Time']")
2026-02-18 14:35:04,115 - Clicking element: ('xpath', "//span[text()='Departure Time']")
2026-02-18 14:35:04,146 - Clicking element: ('xpath', "//span[text()='Departure Time']")
2026-02-18 14:35:04,193 - Clicking element: ('xpath', "//span[text()='Departure Time']")
2026-02-18 14:35:04,224 - Clicking element: ('xpath', "//span[text()='Departure Time']")
2026-02-18 14:35:04,255 - Clicking element: ('xpath', "//span[text()='Departure Time']")
2026-02-18 14:35:04,286 - Clicking element: ('xpath', "//span[text()='Departure Time']")
2026-02-18 14:35:04,318 - Clicking element: ('xpath', "//span[text()='Departure Time']")
2026-02-18 14:35:04,349 - Clicking element: ('xpath', "//span[text()='Departure Time']")
2026-02-18 14:35:04,396 - Clicking element: ('xpath', "//span[text()='Departure Time']")
2026-02-18 14:35:04,427 - Clicking element: ('xpath', "//span[text()='Departure Time']")
2026-02-18 14:35:04,474 - Clicking element: ('xpath', "//span[text()='Departure Time']")
2026-02-18 14:35:04,505 - Clicking element: ('xpath', "//span[text()='Departure Time']")
2026-02-18 14:35:04,536 - Clicking element: ('xpath', "//span[text()='Departure Time']")
2026-02-18 14:35:04,568 - Clicking element: ('xpath', "//span[text()='Departure Time']")
2026-02-18 14:35:04,614 - Clicking element: ('xpath', "//span[text()='Departure Time']")
2026-02-18 14:35:04,646 - Clicking element: ('xpath', "//span[text()='Departure Time']")
2026-02-18 14:35:04,693 - Clicking element: ('xpath', "//span[text()='Departure Time']")
2026-02-18 14:35:04,724 - Clicking element: ('xpath', "//span[text()='Departure Time']")
2026-02-18 14:35:04,755 - Clicking element: ('xpath', "//span[text()='Departure Time']")
2026-02-18 14:35:04,786 - Clicking element: ('xpath', "//span[text()='Departure Time']")
2026-02-18 14:35:04,896 - Clicking element: ('xpath', "//span[text()='Departure Time']")
2026-02-18 14:35:04,958 - Clicking element: ('xpath', "//span[text()='Departure Time']")
2026-02-18 14:35:04,989 - Clicking element: ('xpath', "//span[text()='Departure Time']")
2026-02-18 14:35:05,021 - Clicking element: ('xpath', "//span[text()='Departure Time']")
2026-02-18 14:35:05,067 - Clicking element: ('xpath', "//span[text()='Departure Time']")
2026-02-18 14:35:05,099 - Clicking element: ('xpath', "//span[text()='Departure Time']")
2026-02-18 14:35:05,130 - Clicking element: ('xpath', "//span[text()='Departure Time']")
2026-02-18 14:35:05,161 - Clicking element: ('xpath', "//span[text()='Departure Time']")
2026-02-18 14:35:05,208 - Clicking element: ('xpath', "//span[text()='Departure Time']")
2026-02-18 14:35:05,239 - Clicking element: ('xpath', "//span[text()='Departure Time']")
2026-02-18 14:35:05,271 - Clicking element: ('xpath', "//span[text()='Departure Time']")
2026-02-18 14:35:05,317 - Clicking element: ('xpath', "//span[text()='Departure Time']")
2026-02-18 14:35:05,349 - Clicking element: ('xpath', "//span[text()='Departure Time']")
2026-02-18 14:35:05,380 - Clicking element: ('xpath', "//span[text()='Departure Time']")
2026-02-18 14:35:05,411 - Clicking element: ('xpath', "//span[text()='Departure Time']")
2026-02-18 14:35:05,442 - Clicking element: ('xpath', "//span[text()='Departure Time']")
2026-02-18 14:35:05,474 - Clicking element: ('xpath', "//span[text()='Departure Time']")
2026-02-18 14:35:05,505 - Clicking element: ('xpath', "//span[text()='Departure Time']")
2026-02-18 14:35:05,536 - Clicking element: ('xpath', "//span[text()='Departure Time']")
2026-02-18 14:35:05,583 - Clicking element: ('xpath', "//span[text()='Departure Time']")
2026-02-18 14:35:05,614 - Clicking element: ('xpath', "//span[text()='Departure Time']")
2026-02-18 14:35:05,645 - Clicking element: ('xpath', "//span[text()='Departure Time']")
2026-02-18 14:35:05,677 - Clicking element: ('xpath', "//span[text()='Departure Time']")
2026-02-18 14:35:05,724 - Clicking element: ('xpath', "//span[text()='Departure Time']")
2026-02-18 14:35:05,755 - Clicking element: ('xpath', "//span[text()='Departure Time']")
2026-02-18 14:35:05,786 - Clicking element: ('xpath', "//span[text()='Departure Time']")
2026-02-18 14:35:05,817 - Clicking element: ('xpath', "//span[text()='Departure Time']")
2026-02-18 14:35:05,849 - Clicking element: ('xpath', "//span[text()='Departure Time']")
2026-02-18 14:35:05,880 - Clicking element: ('xpath', "//span[text()='Departure Time']")
2026-02-18 14:35:05,927 - Clicking element: ('xpath', "//span[text()='Departure Time']")
2026-02-18 14:35:05,958 - Clicking element: ('xpath', "//span[text()='Departure Time']")
2026-02-18 14:35:05,989 - Clicking element: ('xpath', "//span[text()='Departure Time']")
2026-02-18 14:35:06,020 - Clicking element: ('xpath', "//span[text()='Departure Time']")
2026-02-18 14:35:06,052 - Clicking element: ('xpath', "//span[text()='Departure Time']")
2026-02-18 14:35:06,098 - Clicking element: ('xpath', "//span[text()='Departure Time']")
2026-02-18 14:35:06,130 - Clicking element: ('xpath', "//span[text()='Departure Time']")
2026-02-18 14:35:06,161 - Clicking element: ('xpath', "//span[text()='Departure Time']")
2026-02-18 14:35:06,192 - Clicking element: ('xpath', "//span[text()='Departure Time']")
2026-02-18 14:35:06,239 - Clicking element: ('xpath', "//span[text()='Departure Time']")
2026-02-18 14:35:06,270 - Clicking element: ('xpath', "//span[text()='Departure Time']")
2026-02-18 14:35:06,302 - Clicking element: ('xpath', "//span[text()='Departure Time']")
2026-02-18 14:35:06,333 - Clicking element: ('xpath', "//span[text()='Departure Time']")
2026-02-18 14:35:06,380 - Clicking element: ('xpath', "//span[text()='Departure Time']")
2026-02-18 14:35:06,411 - Clicking element: ('xpath', "//span[text()='Departure Time']")
2026-02-18 14:35:06,442 - Clicking element: ('xpath', "//span[text()='Departure Time']")
2026-02-18 14:35:06,473 - Clicking element: ('xpath', "//span[text()='Departure Time']")
2026-02-18 14:35:06,520 - Clicking element: ('xpath', "//span[text()='Departure Time']")
2026-02-18 14:35:06,552 - Clicking element: ('xpath', "//span[text()='Departure Time']")
2026-02-18 14:35:06,583 - Clicking element: ('xpath', "//span[text()='Departure Time']")
2026-02-18 14:35:06,630 - Clicking element: ('xpath', "//span[text()='Departure Time']")
2026-02-18 14:35:06,661 - Clicking element: ('xpath', "//span[text()='Departure Time']")
2026-02-18 14:35:06,692 - Clicking element: ('xpath', "//span[text()='Departure Time']")
2026-02-18 14:35:06,723 - Clicking element: ('xpath', "//span[text()='Departure Time']")
2026-02-18 14:35:06,770 - Clicking element: ('xpath', "//span[text()='Departure Time']")
2026-02-18 14:35:06,801 - Clicking element: ('xpath', "//span[text()='Departure Time']")
2026-02-18 14:35:06,833 - Clicking element: ('xpath', "//span[text()='Departure Time']")
2026-02-18 14:35:06,864 - Clicking element: ('xpath', "//span[text()='Departure Time']")
2026-02-18 14:35:06,911 - Clicking element: ('xpath', "//span[text()='Departure Time']")
2026-02-18 14:35:06,942 - Clicking element: ('xpath', "//span[text()='Departure Time']")
2026-02-18 14:35:06,973 - Clicking element: ('xpath', "//span[text()='Departure Time']")
2026-02-18 14:35:07,004 - Clicking element: ('xpath', "//span[text()='Departure Time']")
2026-02-18 14:35:07,051 - Clicking element: ('xpath', "//span[text()='Departure Time']")
2026-02-18 14:35:07,098 - Clicking element: ('xpath', "//span[text()='Departure Time']")
2026-02-18 14:35:07,129 - Clicking element: ('xpath', "//span[text()='Departure Time']")
2026-02-18 14:35:07,161 - Clicking element: ('xpath', "//span[text()='Departure Time']")
2026-02-18 14:35:07,208 - Clicking element: ('xpath', "//span[text()='Departure Time']")
2026-02-18 14:35:07,239 - Clicking element: ('xpath', "//span[text()='Departure Time']")
2026-02-18 14:35:07,286 - Clicking element: ('xpath', "//span[text()='Departure Time']")
2026-02-18 14:35:07,317 - Clicking element: ('xpath', "//span[text()='Departure Time']")
2026-02-18 14:35:07,348 - Clicking element: ('xpath', "//span[text()='Departure Time']")
2026-02-18 14:35:07,379 - Clicking element: ('xpath', "//span[text()='Departure Time']")
2026-02-18 14:35:07,426 - Clicking element: ('xpath', "//span[text()='Departure Time']")
2026-02-18 14:35:07,458 - Clicking element: ('xpath', "//span[text()='Departure Time']")
2026-02-18 14:35:07,489 - Clicking element: ('xpath', "//span[text()='Departure Time']")
2026-02-18 14:35:07,536 - Clicking element: ('xpath', "//span[text()='Departure Time']")
2026-02-18 14:35:07,567 - Clicking element: ('xpath', "//span[text()='Departure Time']")
2026-02-18 14:35:07,598 - Clicking element: ('xpath', "//span[text()='Departure Time']")
2026-02-18 14:35:07,629 - Clicking element: ('xpath', "//span[text()='Departure Time']")
2026-02-18 14:35:07,676 - Clicking element: ('xpath', "//span[text()='Departure Time']")
2026-02-18 14:35:07,707 - Clicking element: ('xpath', "//span[text()='Departure Time']")
2026-02-18 14:35:07,739 - Clicking element: ('xpath', "//span[text()='Departure Time']")
2026-02-18 14:35:07,786 - Clicking element: ('xpath', "//span[text()='Departure Time']")
2026-02-18 14:35:07,817 - Clicking element: ('xpath', "//span[text()='Departure Time']")
2026-02-18 14:35:07,848 - Clicking element: ('xpath', "//span[text()='Departure Time']")
2026-02-18 14:35:07,879 - Clicking element: ('xpath', "//span[text()='Departure Time']")
2026-02-18 14:35:07,926 - Clicking element: ('xpath', "//span[text()='Departure Time']")
2026-02-18 14:35:07,957 - Clicking element: ('xpath', "//span[text()='Departure Time']")
2026-02-18 14:35:07,989 - Clicking element: ('xpath', "//span[text()='Departure Time']")
2026-02-18 14:35:08,020 - Clicking element: ('xpath', "//span[text()='Departure Time']")
2026-02-18 14:35:08,051 - Clicking element: ('xpath', "//span[text()='Departure Time']")
2026-02-18 14:35:08,098 - Clicking element: ('xpath', "//span[text()='Departure Time']")
2026-02-18 14:35:08,129 - Clicking element: ('xpath', "//span[text()='Departure Time']")
2026-02-18 14:35:08,160 - Clicking element: ('xpath', "//span[text()='Departure Time']")
2026-02-18 14:35:08,207 - Clicking element: ('xpath', "//span[text()='Departure Time']")
2026-02-18 14:35:08,239 - Clicking element: ('xpath', "//span[text()='Departure Time']")
2026-02-18 14:35:08,270 - Clicking element: ('xpath', "//span[text()='Departure Time']")
2026-02-18 14:35:08,301 - Clicking element: ('xpath', "//span[text()='Departure Time']")
2026-02-18 14:35:08,332 - Clicking element: ('xpath', "//span[text()='Departure Time']")
2026-02-18 14:35:08,379 - Clicking element: ('xpath', "//span[text()='Departure Time']")
2026-02-18 14:35:08,410 - Clicking element: ('xpath', "//span[text()='Departure Time']")
2026-02-18 14:35:08,442 - Clicking element: ('xpath', "//span[text()='Departure Time']")
2026-02-18 14:35:08,473 - Clicking element: ('xpath', "//span[text()='Departure Time']")
2026-02-18 14:35:08,520 - Clicking element: ('xpath', "//span[text()='Departure Time']")
2026-02-18 14:35:08,551 - Clicking element: ('xpath', "//span[text()='Departure Time']")
2026-02-18 14:35:08,582 - Clicking element: ('xpath', "//span[text()='Departure Time']")
2026-02-18 14:35:08,613 - Clicking element: ('xpath', "//span[text()='Departure Time']")
2026-02-18 14:35:08,645 - Clicking element: ('xpath', "//span[text()='Departure Time']")
2026-02-18 14:35:08,676 - Clicking element: ('xpath', "//span[text()='Departure Time']")
2026-02-18 14:35:08,723 - Clicking element: ('xpath', "//span[text()='Departure Time']")
2026-02-18 14:35:08,754 - Clicking element: ('xpath', "//span[text()='Departure Time']")
2026-02-18 14:35:08,801 - Clicking element: ('xpath', "//span[text()='Departure Time']")
2026-02-18 14:35:08,832 - Clicking element: ('xpath', "//span[text()='Departure Time']")
2026-02-18 14:35:08,863 - Clicking element: ('xpath', "//span[text()='Departure Time']")
2026-02-18 14:35:08,895 - Clicking element: ('xpath', "//span[text()='Departure Time']")
2026-02-18 14:35:08,942 - Clicking element: ('xpath', "//span[text()='Departure Time']")
2026-02-18 14:35:08,973 - Clicking element: ('xpath', "//span[text()='Departure Time']")
2026-02-18 14:35:09,004 - Clicking element: ('xpath', "//span[text()='Departure Time']")
2026-02-18 14:35:09,051 - Clicking element: ('xpath', "//span[text()='Departure Time']")
2026-02-18 14:35:09,082 - Clicking element: ('xpath', "//span[text()='Departure Time']")
2026-02-18 14:35:09,113 - Clicking element: ('xpath', "//span[text()='Departure Time']")
2026-02-18 14:35:09,145 - Clicking element: ('xpath', "//span[text()='Departure Time']")
2026-02-18 14:35:09,191 - Clicking element: ('xpath', "//span[text()='Departure Time']")
2026-02-18 14:35:09,223 - Clicking element: ('xpath', "//span[text()='Departure Time']")
2026-02-18 14:35:09,254 - Clicking element: ('xpath', "//span[text()='Departure Time']")
2026-02-18 14:35:09,285 - Clicking element: ('xpath', "//span[text()='Departure Time']")
2026-02-18 14:35:09,332 - Clicking element: ('xpath', "//span[text()='Departure Time']")
2026-02-18 14:35:09,363 - Clicking element: ('xpath', "//span[text()='Departure Time']")
2026-02-18 14:35:09,395 - Clicking element: ('xpath', "//span[text()='Departure Time']")
2026-02-18 14:35:09,426 - Clicking element: ('xpath', "//span[text()='Departure Time']")
2026-02-18 14:35:09,473 - Clicking element: ('xpath', "//span[text()='Departure Time']")
2026-02-18 14:35:09,504 - Clicking element: ('xpath', "//span[text()='Departure Time']")
2026-02-18 14:35:09,535 - Clicking element: ('xpath', "//span[text()='Departure Time']")
2026-02-18 14:35:09,582 - Clicking element: ('xpath', "//span[text()='Departure Time']")
2026-02-18 14:35:09,613 - Clicking element: ('xpath', "//span[text()='Departure Time']")
2026-02-18 14:35:09,644 - Clicking element: ('xpath', "//span[text()='Departure Time']")
2026-02-18 14:35:09,676 - Clicking element: ('xpath', "//span[text()='Departure Time']")
2026-02-18 14:35:09,707 - Clicking element: ('xpath', "//span[text()='Departure Time']")
2026-02-18 14:35:09,738 - Clicking element: ('xpath', "//span[text()='Departure Time']")
2026-02-18 14:35:09,769 - Clicking element: ('xpath', "//span[text()='Departure Time']")
2026-02-18 14:35:09,801 - Clicking element: ('xpath', "//span[text()='Departure Time']")
2026-02-18 14:35:09,848 - Clicking element: ('xpath', "//span[text()='Departure Time']")
2026-02-18 14:35:09,879 - Clicking element: ('xpath', "//span[text()='Departure Time']")
2026-02-18 14:35:09,910 - Clicking element: ('xpath', "//span[text()='Departure Time']")
2026-02-18 14:35:09,957 - Clicking element: ('xpath', "//span[text()='Departure Time']")
2026-02-18 14:35:09,988 - Clicking element: ('xpath', "//span[text()='Departure Time']")
2026-02-18 14:35:10,019 - Clicking element: ('xpath', "//span[text()='Departure Time']")
2026-02-18 14:35:10,051 - Clicking element: ('xpath', "//span[text()='Departure Time']")
2026-02-18 14:35:10,082 - Clicking element: ('xpath', "//span[text()='Departure Time']")
2026-02-18 14:35:10,113 - Clicking element: ('xpath', "//span[text()='Departure Time']")
2026-02-18 14:35:10,144 - Clicking element: ('xpath', "//span[text()='Departure Time']")
2026-02-18 14:35:10,176 - Clicking element: ('xpath', "//span[text()='Departure Time']")
2026-02-18 14:35:10,222 - Clicking element: ('xpath', "//span[text()='Departure Time']")
2026-02-18 14:35:10,254 - Clicking element: ('xpath', "//span[text()='Departure Time']")
2026-02-18 14:35:10,285 - Clicking element: ('xpath', "//span[text()='Departure Time']")
2026-02-18 14:35:10,316 - Clicking element: ('xpath', "//span[text()='Departure Time']")
2026-02-18 14:35:10,347 - Clicking element: ('xpath', "//span[text()='Departure Time']")
2026-02-18 14:35:10,394 - Clicking element: ('xpath', "//span[text()='Departure Time']")
2026-02-18 14:35:10,426 - Clicking element: ('xpath', "//span[text()='Departure Time']")
2026-02-18 14:35:10,457 - Clicking element: ('xpath', "//span[text()='Departure Time']")
2026-02-18 14:35:10,504 - Clicking element: ('xpath', "//span[text()='Departure Time']")
2026-02-18 14:35:10,535 - Clicking element: ('xpath', "//span[text()='Departure Time']")
2026-02-18 14:35:10,566 - Clicking element: ('xpath', "//span[text()='Departure Time']")
2026-02-18 14:35:10,597 - Clicking element: ('xpath', "//span[text()='Departure Time']")
2026-02-18 14:35:10,644 - Clicking element: ('xpath', "//span[text()='Departure Time']")
2026-02-18 14:35:10,675 - Clicking element: ('xpath', "//span[text()='Departure Time']")
2026-02-18 14:35:10,707 - Clicking element: ('xpath', "//span[text()='Departure Time']")
2026-02-18 14:35:10,754 - Clicking element: ('xpath', "//span[text()='Departure Time']")
2026-02-18 14:35:10,785 - Clicking element: ('xpath', "//span[text()='Departure Time']")
2026-02-18 14:35:10,832 - Clicking element: ('xpath', "//span[text()='Departure Time']")
2026-02-18 14:35:10,863 - Clicking element: ('xpath', "//span[text()='Departure Time']")
2026-02-18 14:35:10,894 - Clicking element: ('xpath', "//span[text()='Departure Time']")
2026-02-18 14:35:10,925 - Clicking element: ('xpath', "//span[text()='Departure Time']")
2026-02-18 14:35:10,972 - Clicking element: ('xpath', "//span[text()='Departure Time']")
2026-02-18 14:35:11,004 - Clicking element: ('xpath', "//span[text()='Departure Time']")
2026-02-18 14:35:11,050 - Clicking element: ('xpath', "//span[text()='Departure Time']")
2026-02-18 14:35:11,082 - Clicking element: ('xpath', "//span[text()='Departure Time']")
2026-02-18 14:35:11,113 - Clicking element: ('xpath', "//span[text()='Departure Time']")
2026-02-18 14:35:11,144 - Clicking element: ('xpath', "//span[text()='Departure Time']")
2026-02-18 14:35:11,175 - Clicking element: ('xpath', "//span[text()='Departure Time']")
2026-02-18 14:35:11,207 - Clicking element: ('xpath', "//span[text()='Departure Time']")
2026-02-18 14:35:11,238 - Clicking element: ('xpath', "//span[text()='Departure Time']")
2026-02-18 14:35:11,269 - Clicking element: ('xpath', "//span[text()='Departure Time']")
2026-02-18 14:35:11,316 - Clicking element: ('xpath', "//span[text()='Departure Time']")
2026-02-18 14:35:11,347 - Clicking element: ('xpath', "//span[text()='Departure Time']")
2026-02-18 14:35:11,378 - Clicking element: ('xpath', "//span[text()='Departure Time']")
2026-02-18 14:35:11,425 - Clicking element: ('xpath', "//span[text()='Departure Time']")
2026-02-18 14:35:11,457 - Clicking element: ('xpath', "//span[text()='Departure Time']")
2026-02-18 14:35:11,488 - Clicking element: ('xpath', "//span[text()='Departure Time']")
2026-02-18 14:35:11,519 - Clicking element: ('xpath', "//span[text()='Departure Time']")
2026-02-18 14:35:11,550 - Clicking element: ('xpath', "//span[text()='Departure Time']")
2026-02-18 14:35:11,597 - Clicking element: ('xpath', "//span[text()='Departure Time']")
2026-02-18 14:35:11,628 - Clicking element: ('xpath', "//span[text()='Departure Time']")
2026-02-18 14:35:11,660 - Clicking element: ('xpath', "//span[text()='Departure Time']")
2026-02-18 14:35:11,691 - Clicking element: ('xpath', "//span[text()='Departure Time']")
2026-02-18 14:35:11,738 - Clicking element: ('xpath', "//span[text()='Departure Time']")
2026-02-18 14:35:11,769 - Clicking element: ('xpath', "//span[text()='Departure Time']")
2026-02-18 14:35:11,800 - Clicking element: ('xpath', "//span[text()='Departure Time']")
2026-02-18 14:35:11,831 - Clicking element: ('xpath', "//span[text()='Departure Time']")
2026-02-18 14:35:11,863 - Clicking element: ('xpath', "//span[text()='Departure Time']")
2026-02-18 14:35:11,910 - Clicking element: ('xpath', "//span[text()='Departure Time']")
2026-02-18 14:35:11,941 - Clicking element: ('xpath', "//span[text()='Departure Time']")
2026-02-18 14:35:11,972 - Clicking element: ('xpath', "//span[text()='Departure Time']")
2026-02-18 14:35:12,003 - Clicking element: ('xpath', "//span[text()='Departure Time']")
2026-02-18 14:35:12,050 - Clicking element: ('xpath', "//span[text()='Departure Time']")
2026-02-18 14:35:12,081 - Clicking element: ('xpath', "//span[text()='Departure Time']")
2026-02-18 14:35:12,191 - Clicking element: ('xpath', "//span[text()='Departure Time']")
2026-02-18 14:35:12,222 - Clicking element: ('xpath', "//span[text()='Departure Time']")
2026-02-18 14:35:12,253 - Clicking element: ('xpath', "//span[text()='Departure Time']")
2026-02-18 14:35:12,300 - Clicking element: ('xpath', "//span[text()='Departure Time']")
2026-02-18 14:35:12,331 - Clicking element: ('xpath', "//span[text()='Departure Time']")
2026-02-18 14:35:12,363 - Clicking element: ('xpath', "//span[text()='Departure Time']")
2026-02-18 14:35:12,409 - Clicking element: ('xpath', "//span[text()='Departure Time']")
2026-02-18 14:35:12,441 - Clicking element: ('xpath', "//span[text()='Departure Time']")
2026-02-18 14:35:12,472 - Clicking element: ('xpath', "//span[text()='Departure Time']")
2026-02-18 14:35:12,503 - Clicking element: ('xpath', "//span[text()='Departure Time']")
2026-02-18 14:35:12,550 - Clicking element: ('xpath', "//span[text()='Departure Time']")
2026-02-18 14:35:12,581 - Clicking element: ('xpath', "//span[text()='Departure Time']")
2026-02-18 14:35:12,628 - Clicking element: ('xpath', "//span[text()='Departure Time']")
2026-02-18 14:35:12,659 - Clicking element: ('xpath', "//span[text()='Departure Time']")
2026-02-18 14:35:12,691 - Clicking element: ('xpath', "//span[text()='Departure Time']")
2026-02-18 14:35:12,722 - Clicking element: ('xpath', "//span[text()='Departure Time']")
2026-02-18 14:35:12,769 - Clicking element: ('xpath', "//span[text()='Departure Time']")
2026-02-18 14:35:12,800 - Clicking element: ('xpath', "//span[text()='Departure Time']")
2026-02-18 14:35:12,831 - Clicking element: ('xpath', "//span[text()='Departure Time']")
2026-02-18 14:35:12,878 - Clicking element: ('xpath', "//span[text()='Departure Time']")
2026-02-18 14:35:12,909 - Clicking element: ('xpath', "//span[text()='Departure Time']")
2026-02-18 14:35:12,941 - Clicking element: ('xpath', "//span[text()='Departure Time']")
2026-02-18 14:35:12,972 - Clicking element: ('xpath', "//span[text()='Departure Time']")
2026-02-18 14:35:13,019 - Clicking element: ('xpath', "//span[text()='Departure Time']")
2026-02-18 14:35:13,050 - Clicking element: ('xpath', "//span[text()='Departure Time']")
2026-02-18 14:35:13,097 - Clicking element: ('xpath', "//span[text()='Departure Time']")
2026-02-18 14:35:13,128 - Clicking element: ('xpath', "//span[text()='Departure Time']")
2026-02-18 14:35:13,159 - Clicking element: ('xpath', "//span[text()='Departure Time']")
2026-02-18 14:35:13,206 - Clicking element: ('xpath', "//span[text()='Departure Time']")
2026-02-18 14:35:13,237 - Clicking element: ('xpath', "//span[text()='Departure Time']")
2026-02-18 14:35:13,269 - Clicking element: ('xpath', "//span[text()='Departure Time']")
2026-02-18 14:35:13,300 - Clicking element: ('xpath', "//span[text()='Departure Time']")
2026-02-18 14:35:13,331 - Clicking element: ('xpath', "//span[text()='Departure Time']")
2026-02-18 14:35:13,378 - Clicking element: ('xpath', "//span[text()='Departure Time']")
2026-02-18 14:35:13,409 - Clicking element: ('xpath', "//span[text()='Departure Time']")
2026-02-18 14:35:13,440 - Clicking element: ('xpath', "//span[text()='Departure Time']")
2026-02-18 14:35:13,487 - Clicking element: ('xpath', "//span[text()='Departure Time']")
2026-02-18 14:35:13,519 - Clicking element: ('xpath', "//span[text()='Departure Time']")
2026-02-18 14:35:13,550 - Clicking element: ('xpath', "//span[text()='Departure Time']")
2026-02-18 14:35:13,597 - Clicking element: ('xpath', "//span[text()='Departure Time']")
2026-02-18 14:35:13,628 - Clicking element: ('xpath', "//span[text()='Departure Time']")
2026-02-18 14:35:13,659 - Clicking element: ('xpath', "//span[text()='Departure Time']")
2026-02-18 14:35:13,706 - Clicking element: ('xpath', "//span[text()='Departure Time']")
2026-02-18 14:35:13,737 - Clicking element: ('xpath', "//span[text()='Departure Time']")
2026-02-18 14:35:13,769 - Clicking element: ('xpath', "//span[text()='Departure Time']")
2026-02-18 14:35:13,800 - Clicking element: ('xpath', "//span[text()='Departure Time']")
2026-02-18 14:35:13,847 - Clicking element: ('xpath', "//span[text()='Departure Time']")
2026-02-18 14:35:13,878 - Clicking element: ('xpath', "//span[text()='Departure Time']")
2026-02-18 14:35:13,925 - Clicking element: ('xpath', "//span[text()='Departure Time']")
2026-02-18 14:35:13,956 - Clicking element: ('xpath', "//span[text()='Departure Time']")
2026-02-18 14:35:13,987 - Clicking element: ('xpath', "//span[text()='Departure Time']")
2026-02-18 14:35:14,018 - Clicking element: ('xpath', "//span[text()='Departure Time']")
2026-02-18 14:35:14,065 - Clicking element: ('xpath', "//span[text()='Departure Time']")
2026-02-18 14:35:14,097 - Clicking element: ('xpath', "//span[text()='Departure Time']")
2026-02-18 14:35:14,143 - Clicking element: ('xpath', "//span[text()='Departure Time']")
2026-02-18 14:35:14,175 - Clicking element: ('xpath', "//span[text()='Departure Time']")
2026-02-18 14:35:14,206 - Clicking element: ('xpath', "//span[text()='Departure Time']")
2026-02-18 14:35:14,253 - Clicking element: ('xpath', "//span[text()='Departure Time']")
2026-02-18 14:35:14,284 - Clicking element: ('xpath', "//span[text()='Departure Time']")
2026-02-18 14:35:14,315 - Clicking element: ('xpath', "//span[text()='Departure Time']")
2026-02-18 14:35:35,501 - Clicking element: ('xpath', "//span[text()='AC']")
2026-02-18 14:35:37,936 - Clicking element: ('xpath', "//span[text()='AC']")
2026-02-18 14:35:37,982 - Clicking element: ('xpath', "//span[text()='AC']")
2026-02-18 14:35:38,033 - Clicking element: ('xpath', "//span[text()='AC']")
2026-02-18 14:35:38,082 - Clicking element: ('xpath', "//span[text()='AC']")
2026-02-18 14:35:38,130 - Clicking element: ('xpath', "//span[text()='AC']")
2026-02-18 14:35:38,181 - Clicking element: ('xpath', "//span[text()='AC']")
2026-02-18 14:35:38,257 - Clicking element: ('xpath', "//span[text()='AC']")
2026-02-18 14:35:38,316 - Clicking element: ('xpath', "//span[text()='AC']")
2026-02-18 14:35:38,371 - Clicking element: ('xpath', "//span[text()='AC']")
2026-02-18 14:35:38,418 - Clicking element: ('xpath', "//span[text()='AC']")
2026-02-18 14:35:38,464 - Clicking element: ('xpath', "//span[text()='AC']")
2026-02-18 14:35:38,511 - Clicking element: ('xpath', "//span[text()='AC']")
2026-02-18 14:35:38,598 - Clicking element: ('xpath', "//span[text()='AC']")
2026-02-18 14:35:38,659 - Clicking element: ('xpath', "//span[text()='AC']")
2026-02-18 14:35:38,699 - Clicking element: ('xpath', "//span[text()='AC']")
2026-02-18 14:35:38,746 - Clicking element: ('xpath', "//span[text()='AC']")
2026-02-18 14:35:38,793 - Clicking element: ('xpath', "//span[text()='AC']")
2026-02-18 14:35:38,840 - Clicking element: ('xpath', "//span[text()='AC']")
2026-02-18 14:35:38,871 - Clicking element: ('xpath', "//span[text()='AC']")
2026-02-18 14:35:38,918 - Clicking element: ('xpath', "//span[text()='AC']")
2026-02-18 14:35:38,972 - Clicking element: ('xpath', "//span[text()='AC']")
2026-02-18 14:35:39,013 - Clicking element: ('xpath', "//span[text()='AC']")
2026-02-18 14:35:39,056 - Clicking element: ('xpath', "//span[text()='AC']")
2026-02-18 14:35:39,083 - Clicking element: ('xpath', "//span[text()='AC']")
2026-02-18 14:35:39,130 - Clicking element: ('xpath', "//span[text()='AC']")
2026-02-18 14:35:39,181 - Clicking element: ('xpath', "//span[text()='AC']")
2026-02-18 14:35:39,228 - Clicking element: ('xpath', "//span[text()='AC']")
2026-02-18 14:35:39,269 - Clicking element: ('xpath', "//span[text()='AC']")
2026-02-18 14:35:39,300 - Clicking element: ('xpath', "//span[text()='AC']")
2026-02-18 14:35:39,331 - Clicking element: ('xpath', "//span[text()='AC']")
2026-02-18 14:35:39,378 - Clicking element: ('xpath', "//span[text()='AC']")
2026-02-18 14:35:39,409 - Clicking element: ('xpath', "//span[text()='AC']")
2026-02-18 14:35:39,456 - Clicking element: ('xpath', "//span[text()='AC']")
2026-02-18 14:35:39,487 - Clicking element: ('xpath', "//span[text()='AC']")
2026-02-18 14:35:39,518 - Clicking element: ('xpath', "//span[text()='AC']")
2026-02-18 14:35:39,565 - Clicking element: ('xpath', "//span[text()='AC']")
2026-02-18 14:35:39,612 - Clicking element: ('xpath', "//span[text()='AC']")
2026-02-18 14:35:39,643 - Clicking element: ('xpath', "//span[text()='AC']")
2026-02-18 14:35:39,690 - Clicking element: ('xpath', "//span[text()='AC']")
2026-02-18 14:35:39,721 - Clicking element: ('xpath', "//span[text()='AC']")
2026-02-18 14:35:39,753 - Clicking element: ('xpath', "//span[text()='AC']")
2026-02-18 14:35:39,799 - Clicking element: ('xpath', "//span[text()='AC']")
2026-02-18 14:35:39,831 - Clicking element: ('xpath', "//span[text()='AC']")
2026-02-18 14:35:39,878 - Clicking element: ('xpath', "//span[text()='AC']")
2026-02-18 14:35:39,909 - Clicking element: ('xpath', "//span[text()='AC']")
2026-02-18 14:35:39,956 - Clicking element: ('xpath', "//span[text()='AC']")
2026-02-18 14:35:39,987 - Clicking element: ('xpath', "//span[text()='AC']")
2026-02-18 14:35:40,018 - Clicking element: ('xpath', "//span[text()='AC']")
2026-02-18 14:35:40,065 - Clicking element: ('xpath', "//span[text()='AC']")
2026-02-18 14:35:40,096 - Clicking element: ('xpath', "//span[text()='AC']")
2026-02-18 14:35:40,143 - Clicking element: ('xpath', "//span[text()='AC']")
2026-02-18 14:35:40,174 - Clicking element: ('xpath', "//span[text()='AC']")
2026-02-18 14:35:40,221 - Clicking element: ('xpath', "//span[text()='AC']")
2026-02-18 14:35:40,253 - Clicking element: ('xpath', "//span[text()='AC']")
2026-02-18 14:35:40,284 - Clicking element: ('xpath', "//span[text()='AC']")
2026-02-18 14:35:40,331 - Clicking element: ('xpath', "//span[text()='AC']")
2026-02-18 14:35:40,362 - Clicking element: ('xpath', "//span[text()='AC']")
2026-02-18 14:35:40,393 - Clicking element: ('xpath', "//span[text()='AC']")
2026-02-18 14:35:40,440 - Clicking element: ('xpath', "//span[text()='AC']")
2026-02-18 14:35:40,471 - Clicking element: ('xpath', "//span[text()='AC']")
2026-02-18 14:35:40,518 - Clicking element: ('xpath', "//span[text()='AC']")
2026-02-18 14:35:40,549 - Clicking element: ('xpath', "//span[text()='AC']")
2026-02-18 14:35:40,596 - Clicking element: ('xpath', "//span[text()='AC']")
2026-02-18 14:35:40,647 - Clicking element: ('xpath', "//span[text()='AC']")
2026-02-18 14:35:40,684 - Clicking element: ('xpath', "//span[text()='AC']")
2026-02-18 14:35:40,715 - Clicking element: ('xpath', "//span[text()='AC']")
2026-02-18 14:35:40,746 - Clicking element: ('xpath', "//span[text()='AC']")
2026-02-18 14:35:40,793 - Clicking element: ('xpath', "//span[text()='AC']")
2026-02-18 14:35:40,843 - Clicking element: ('xpath', "//span[text()='AC']")
2026-02-18 14:35:40,889 - Clicking element: ('xpath', "//span[text()='AC']")
2026-02-18 14:35:40,932 - Clicking element: ('xpath', "//span[text()='AC']")
2026-02-18 14:35:40,974 - Clicking element: ('xpath', "//span[text()='AC']")
2026-02-18 14:35:41,015 - Clicking element: ('xpath', "//span[text()='AC']")
2026-02-18 14:35:41,050 - Clicking element: ('xpath', "//span[text()='AC']")
2026-02-18 14:35:41,097 - Clicking element: ('xpath', "//span[text()='AC']")
2026-02-18 14:35:41,144 - Clicking element: ('xpath', "//span[text()='AC']")
2026-02-18 14:35:41,190 - Clicking element: ('xpath', "//span[text()='AC']")
2026-02-18 14:35:41,237 - Clicking element: ('xpath', "//span[text()='AC']")
2026-02-18 14:35:41,291 - Clicking element: ('xpath', "//span[text()='AC']")
2026-02-18 14:35:41,342 - Clicking element: ('xpath', "//span[text()='AC']")
2026-02-18 14:35:41,367 - Clicking element: ('xpath', "//span[text()='AC']")
2026-02-18 14:35:41,414 - Clicking element: ('xpath', "//span[text()='AC']")
2026-02-18 14:35:41,445 - Clicking element: ('xpath', "//span[text()='AC']")
2026-02-18 14:35:41,492 - Clicking element: ('xpath', "//span[text()='AC']")
2026-02-18 14:35:41,523 - Clicking element: ('xpath', "//span[text()='AC']")
2026-02-18 14:35:41,570 - Clicking element: ('xpath', "//span[text()='AC']")
2026-02-18 14:35:41,601 - Clicking element: ('xpath', "//span[text()='AC']")
2026-02-18 14:35:41,648 - Clicking element: ('xpath', "//span[text()='AC']")
2026-02-18 14:35:41,695 - Clicking element: ('xpath', "//span[text()='AC']")
2026-02-18 14:35:41,726 - Clicking element: ('xpath', "//span[text()='AC']")
2026-02-18 14:35:41,773 - Clicking element: ('xpath', "//span[text()='AC']")
2026-02-18 14:35:41,804 - Clicking element: ('xpath', "//span[text()='AC']")
2026-02-18 14:35:41,851 - Clicking element: ('xpath', "//span[text()='AC']")
2026-02-18 14:35:41,882 - Clicking element: ('xpath', "//span[text()='AC']")
2026-02-18 14:35:41,914 - Clicking element: ('xpath', "//span[text()='AC']")
2026-02-18 14:35:41,960 - Clicking element: ('xpath', "//span[text()='AC']")
2026-02-18 14:35:41,992 - Clicking element: ('xpath', "//span[text()='AC']")
2026-02-18 14:35:42,038 - Clicking element: ('xpath', "//span[text()='AC']")
2026-02-18 14:35:42,085 - Clicking element: ('xpath', "//span[text()='AC']")
2026-02-18 14:35:42,117 - Clicking element: ('xpath', "//span[text()='AC']")
2026-02-18 14:35:42,148 - Clicking element: ('xpath', "//span[text()='AC']")
2026-02-18 14:35:42,195 - Clicking element: ('xpath', "//span[text()='AC']")
2026-02-18 14:35:42,226 - Clicking element: ('xpath', "//span[text()='AC']")
2026-02-18 14:35:42,273 - Clicking element: ('xpath', "//span[text()='AC']")
2026-02-18 14:35:42,304 - Clicking element: ('xpath', "//span[text()='AC']")
2026-02-18 14:35:42,335 - Clicking element: ('xpath', "//span[text()='AC']")
2026-02-18 14:35:42,382 - Clicking element: ('xpath', "//span[text()='AC']")
2026-02-18 14:35:42,413 - Clicking element: ('xpath', "//span[text()='AC']")
2026-02-18 14:35:42,445 - Clicking element: ('xpath', "//span[text()='AC']")
2026-02-18 14:35:42,492 - Clicking element: ('xpath', "//span[text()='AC']")
2026-02-18 14:35:42,523 - Clicking element: ('xpath', "//span[text()='AC']")
2026-02-18 14:35:42,570 - Clicking element: ('xpath', "//span[text()='AC']")
2026-02-18 14:35:42,616 - Clicking element: ('xpath', "//span[text()='AC']")
2026-02-18 14:35:42,663 - Clicking element: ('xpath', "//span[text()='AC']")
2026-02-18 14:35:42,710 - Clicking element: ('xpath', "//span[text()='AC']")
2026-02-18 14:35:42,757 - Clicking element: ('xpath', "//span[text()='AC']")
2026-02-18 14:35:42,788 - Clicking element: ('xpath', "//span[text()='AC']")
2026-02-18 14:35:42,820 - Clicking element: ('xpath', "//span[text()='AC']")
2026-02-18 14:35:42,866 - Clicking element: ('xpath', "//span[text()='AC']")
2026-02-18 14:35:42,898 - Clicking element: ('xpath', "//span[text()='AC']")
2026-02-18 14:35:42,945 - Clicking element: ('xpath', "//span[text()='AC']")
2026-02-18 14:35:42,976 - Clicking element: ('xpath', "//span[text()='AC']")
2026-02-18 14:35:43,007 - Clicking element: ('xpath', "//span[text()='AC']")
2026-02-18 14:35:43,038 - Clicking element: ('xpath', "//span[text()='AC']")
2026-02-18 14:35:43,085 - Clicking element: ('xpath', "//span[text()='AC']")
2026-02-18 14:35:43,116 - Clicking element: ('xpath', "//span[text()='AC']")
2026-02-18 14:35:43,148 - Clicking element: ('xpath', "//span[text()='AC']")
2026-02-18 14:35:43,194 - Clicking element: ('xpath', "//span[text()='AC']")
2026-02-18 14:35:43,226 - Clicking element: ('xpath', "//span[text()='AC']")
2026-02-18 14:35:43,273 - Clicking element: ('xpath', "//span[text()='AC']")
2026-02-18 14:35:43,304 - Clicking element: ('xpath', "//span[text()='AC']")
2026-02-18 14:35:43,351 - Clicking element: ('xpath', "//span[text()='AC']")
2026-02-18 14:35:43,382 - Clicking element: ('xpath', "//span[text()='AC']")
2026-02-18 14:35:43,429 - Clicking element: ('xpath', "//span[text()='AC']")
2026-02-18 14:35:43,460 - Clicking element: ('xpath', "//span[text()='AC']")
2026-02-18 14:35:43,507 - Clicking element: ('xpath', "//span[text()='AC']")
2026-02-18 14:35:43,538 - Clicking element: ('xpath', "//span[text()='AC']")
2026-02-18 14:35:43,585 - Clicking element: ('xpath', "//span[text()='AC']")
2026-02-18 14:35:43,616 - Clicking element: ('xpath', "//span[text()='AC']")
2026-02-18 14:35:43,663 - Clicking element: ('xpath', "//span[text()='AC']")
2026-02-18 14:35:43,694 - Clicking element: ('xpath', "//span[text()='AC']")
2026-02-18 14:35:43,757 - Clicking element: ('xpath', "//span[text()='AC']")
2026-02-18 14:35:43,788 - Clicking element: ('xpath', "//span[text()='AC']")
2026-02-18 14:35:43,819 - Clicking element: ('xpath', "//span[text()='AC']")
2026-02-18 14:35:43,866 - Clicking element: ('xpath', "//span[text()='AC']")
2026-02-18 14:35:43,897 - Clicking element: ('xpath', "//span[text()='AC']")
2026-02-18 14:35:43,944 - Clicking element: ('xpath', "//span[text()='AC']")
2026-02-18 14:35:43,976 - Clicking element: ('xpath', "//span[text()='AC']")
2026-02-18 14:35:44,007 - Clicking element: ('xpath', "//span[text()='AC']")
2026-02-18 14:35:44,038 - Clicking element: ('xpath', "//span[text()='AC']")
2026-02-18 14:35:44,085 - Clicking element: ('xpath', "//span[text()='AC']")
2026-02-18 14:35:44,116 - Clicking element: ('xpath', "//span[text()='AC']")
2026-02-18 14:35:44,147 - Clicking element: ('xpath', "//span[text()='AC']")
2026-02-18 14:35:44,179 - Clicking element: ('xpath', "//span[text()='AC']")
2026-02-18 14:35:44,210 - Clicking element: ('xpath', "//span[text()='AC']")
2026-02-18 14:35:44,257 - Clicking element: ('xpath', "//span[text()='AC']")
2026-02-18 14:35:44,288 - Clicking element: ('xpath', "//span[text()='AC']")
2026-02-18 14:35:44,319 - Clicking element: ('xpath', "//span[text()='AC']")
2026-02-18 14:35:44,366 - Clicking element: ('xpath', "//span[text()='AC']")
2026-02-18 14:35:44,397 - Clicking element: ('xpath', "//span[text()='AC']")
2026-02-18 14:35:44,429 - Clicking element: ('xpath', "//span[text()='AC']")
2026-02-18 14:35:44,460 - Clicking element: ('xpath', "//span[text()='AC']")
2026-02-18 14:35:44,507 - Clicking element: ('xpath', "//span[text()='AC']")
2026-02-18 14:35:44,538 - Clicking element: ('xpath', "//span[text()='AC']")
2026-02-18 14:35:44,569 - Clicking element: ('xpath', "//span[text()='AC']")
2026-02-18 14:35:44,600 - Clicking element: ('xpath', "//span[text()='AC']")
2026-02-18 14:35:44,647 - Clicking element: ('xpath', "//span[text()='AC']")
2026-02-18 14:35:44,679 - Clicking element: ('xpath', "//span[text()='AC']")
2026-02-18 14:35:44,710 - Clicking element: ('xpath', "//span[text()='AC']")
2026-02-18 14:35:44,757 - Clicking element: ('xpath', "//span[text()='AC']")
2026-02-18 14:35:44,788 - Clicking element: ('xpath', "//span[text()='AC']")
2026-02-18 14:35:44,819 - Clicking element: ('xpath', "//span[text()='AC']")
2026-02-18 14:35:44,866 - Clicking element: ('xpath', "//span[text()='AC']")
2026-02-18 14:35:44,897 - Clicking element: ('xpath', "//span[text()='AC']")
2026-02-18 14:35:44,928 - Clicking element: ('xpath', "//span[text()='AC']")
2026-02-18 14:35:44,975 - Clicking element: ('xpath', "//span[text()='AC']")
2026-02-18 14:35:45,007 - Clicking element: ('xpath', "//span[text()='AC']")
2026-02-18 14:35:45,053 - Clicking element: ('xpath', "//span[text()='AC']")
2026-02-18 14:35:45,085 - Clicking element: ('xpath', "//span[text()='AC']")
2026-02-18 14:35:45,116 - Clicking element: ('xpath', "//span[text()='AC']")
2026-02-18 14:35:45,147 - Clicking element: ('xpath', "//span[text()='AC']")
2026-02-18 14:35:45,178 - Clicking element: ('xpath', "//span[text()='AC']")
2026-02-18 14:35:45,210 - Clicking element: ('xpath', "//span[text()='AC']")
2026-02-18 14:35:45,256 - Clicking element: ('xpath', "//span[text()='AC']")
2026-02-18 14:35:45,288 - Clicking element: ('xpath', "//span[text()='AC']")
2026-02-18 14:35:45,319 - Clicking element: ('xpath', "//span[text()='AC']")
2026-02-18 14:35:45,350 - Clicking element: ('xpath', "//span[text()='AC']")
2026-02-18 14:35:45,397 - Clicking element: ('xpath', "//span[text()='AC']")
2026-02-18 14:35:45,428 - Clicking element: ('xpath', "//span[text()='AC']")
2026-02-18 14:35:45,460 - Clicking element: ('xpath', "//span[text()='AC']")
2026-02-18 14:35:45,491 - Clicking element: ('xpath', "//span[text()='AC']")
2026-02-18 14:35:45,522 - Clicking element: ('xpath', "//span[text()='AC']")
2026-02-18 14:35:45,553 - Clicking element: ('xpath', "//span[text()='AC']")
2026-02-18 14:35:45,600 - Clicking element: ('xpath', "//span[text()='AC']")
2026-02-18 14:35:45,631 - Clicking element: ('xpath', "//span[text()='AC']")
2026-02-18 14:35:45,663 - Clicking element: ('xpath', "//span[text()='AC']")
2026-02-18 14:35:45,710 - Clicking element: ('xpath', "//span[text()='AC']")
2026-02-18 14:35:45,741 - Clicking element: ('xpath', "//span[text()='AC']")
2026-02-18 14:35:45,772 - Clicking element: ('xpath', "//span[text()='AC']")
2026-02-18 14:35:45,819 - Clicking element: ('xpath', "//span[text()='AC']")
2026-02-18 14:35:45,850 - Clicking element: ('xpath', "//span[text()='AC']")
2026-02-18 14:35:45,881 - Clicking element: ('xpath', "//span[text()='AC']")
2026-02-18 14:35:45,928 - Clicking element: ('xpath', "//span[text()='AC']")
2026-02-18 14:35:45,959 - Clicking element: ('xpath', "//span[text()='AC']")
2026-02-18 14:35:45,991 - Clicking element: ('xpath', "//span[text()='AC']")
2026-02-18 14:35:46,038 - Clicking element: ('xpath', "//span[text()='AC']")
2026-02-18 14:35:46,069 - Clicking element: ('xpath', "//span[text()='AC']")
2026-02-18 14:35:46,194 - Clicking element: ('xpath', "//span[text()='AC']")
2026-02-18 14:35:46,225 - Clicking element: ('xpath', "//span[text()='AC']")
2026-02-18 14:35:46,256 - Clicking element: ('xpath', "//span[text()='AC']")
2026-02-18 14:35:46,303 - Clicking element: ('xpath', "//span[text()='AC']")
2026-02-18 14:35:46,334 - Clicking element: ('xpath', "//span[text()='AC']")
2026-02-18 14:35:46,366 - Clicking element: ('xpath', "//span[text()='AC']")
2026-02-18 14:35:46,412 - Clicking element: ('xpath', "//span[text()='AC']")
2026-02-18 14:35:46,444 - Clicking element: ('xpath', "//span[text()='AC']")
2026-02-18 14:35:46,475 - Clicking element: ('xpath', "//span[text()='AC']")
2026-02-18 14:35:46,506 - Clicking element: ('xpath', "//span[text()='AC']")
2026-02-18 14:35:46,537 - Clicking element: ('xpath', "//span[text()='AC']")
2026-02-18 14:35:46,569 - Clicking element: ('xpath', "//span[text()='AC']")
2026-02-18 14:35:46,616 - Clicking element: ('xpath', "//span[text()='AC']")
2026-02-18 14:35:46,647 - Clicking element: ('xpath', "//span[text()='AC']")
2026-02-18 14:35:46,678 - Clicking element: ('xpath', "//span[text()='AC']")
2026-02-18 14:35:46,709 - Clicking element: ('xpath', "//span[text()='AC']")
2026-02-18 14:35:46,741 - Clicking element: ('xpath', "//span[text()='AC']")
2026-02-18 14:35:46,787 - Clicking element: ('xpath', "//span[text()='AC']")
2026-02-18 14:35:46,819 - Clicking element: ('xpath', "//span[text()='AC']")
2026-02-18 14:35:46,850 - Clicking element: ('xpath', "//span[text()='AC']")
2026-02-18 14:35:46,881 - Clicking element: ('xpath', "//span[text()='AC']")
2026-02-18 14:35:46,928 - Clicking element: ('xpath', "//span[text()='AC']")
2026-02-18 14:35:46,959 - Clicking element: ('xpath', "//span[text()='AC']")
2026-02-18 14:35:46,990 - Clicking element: ('xpath', "//span[text()='AC']")
2026-02-18 14:35:47,037 - Clicking element: ('xpath', "//span[text()='AC']")
2026-02-18 14:35:47,069 - Clicking element: ('xpath', "//span[text()='AC']")
2026-02-18 14:35:47,115 - Clicking element: ('xpath', "//span[text()='AC']")
2026-02-18 14:35:47,147 - Clicking element: ('xpath', "//span[text()='AC']")
2026-02-18 14:35:47,178 - Clicking element: ('xpath', "//span[text()='AC']")
2026-02-18 14:35:47,209 - Clicking element: ('xpath', "//span[text()='AC']")
2026-02-18 14:35:47,240 - Clicking element: ('xpath', "//span[text()='AC']")
2026-02-18 14:35:47,272 - Clicking element: ('xpath', "//span[text()='AC']")
2026-02-18 14:35:47,319 - Clicking element: ('xpath', "//span[text()='AC']")
2026-02-18 14:35:47,350 - Clicking element: ('xpath', "//span[text()='AC']")
2026-02-18 14:35:47,381 - Clicking element: ('xpath', "//span[text()='AC']")
2026-02-18 14:35:47,428 - Clicking element: ('xpath', "//span[text()='AC']")
2026-02-18 14:35:47,459 - Clicking element: ('xpath', "//span[text()='AC']")
2026-02-18 14:35:47,490 - Clicking element: ('xpath', "//span[text()='AC']")
2026-02-18 14:35:47,537 - Clicking element: ('xpath', "//span[text()='AC']")
2026-02-18 14:35:47,568 - Clicking element: ('xpath', "//span[text()='AC']")
2026-02-18 14:35:47,600 - Clicking element: ('xpath', "//span[text()='AC']")
2026-02-18 14:35:47,631 - Clicking element: ('xpath', "//span[text()='AC']")
2026-02-18 14:35:47,662 - Clicking element: ('xpath', "//span[text()='AC']")
2026-02-18 14:35:47,693 - Clicking element: ('xpath', "//span[text()='AC']")
2026-02-18 14:35:47,740 - Clicking element: ('xpath', "//span[text()='AC']")
2026-02-18 14:35:47,772 - Clicking element: ('xpath', "//span[text()='AC']")
2026-02-18 14:35:47,818 - Clicking element: ('xpath', "//span[text()='AC']")
2026-02-18 14:35:47,850 - Clicking element: ('xpath', "//span[text()='AC']")
2026-02-18 14:35:47,881 - Clicking element: ('xpath', "//span[text()='AC']")
2026-02-18 14:35:47,928 - Clicking element: ('xpath', "//span[text()='AC']")
2026-02-18 14:35:47,959 - Clicking element: ('xpath', "//span[text()='AC']")
2026-02-18 14:35:47,990 - Clicking element: ('xpath', "//span[text()='AC']")
2026-02-18 14:35:48,021 - Clicking element: ('xpath', "//span[text()='AC']")
2026-02-18 14:35:48,068 - Clicking element: ('xpath', "//span[text()='AC']")
2026-02-18 14:35:48,100 - Clicking element: ('xpath', "//span[text()='AC']")
2026-02-18 14:35:48,131 - Clicking element: ('xpath', "//span[text()='AC']")
2026-02-18 14:35:48,178 - Clicking element: ('xpath', "//span[text()='AC']")
2026-02-18 14:35:48,209 - Clicking element: ('xpath', "//span[text()='AC']")
2026-02-18 14:35:48,240 - Clicking element: ('xpath', "//span[text()='AC']")
2026-02-18 14:35:48,287 - Clicking element: ('xpath', "//span[text()='AC']")
2026-02-18 14:35:48,318 - Clicking element: ('xpath', "//span[text()='AC']")
2026-02-18 14:35:48,350 - Clicking element: ('xpath', "//span[text()='AC']")
2026-02-18 14:35:48,396 - Clicking element: ('xpath', "//span[text()='AC']")
2026-02-18 14:35:48,428 - Clicking element: ('xpath', "//span[text()='AC']")
2026-02-18 14:35:48,459 - Clicking element: ('xpath', "//span[text()='AC']")
2026-02-18 14:35:48,490 - Clicking element: ('xpath', "//span[text()='AC']")
2026-02-18 14:35:48,521 - Clicking element: ('xpath', "//span[text()='AC']")
2026-02-18 14:35:48,568 - Clicking element: ('xpath', "//span[text()='AC']")
2026-02-18 14:35:48,615 - Clicking element: ('xpath', "//span[text()='AC']")
2026-02-18 14:35:48,646 - Clicking element: ('xpath', "//span[text()='AC']")
2026-02-18 14:35:48,678 - Clicking element: ('xpath', "//span[text()='AC']")
2026-02-18 14:35:48,709 - Clicking element: ('xpath', "//span[text()='AC']")
2026-02-18 14:35:48,756 - Clicking element: ('xpath', "//span[text()='AC']")
2026-02-18 14:35:48,787 - Clicking element: ('xpath', "//span[text()='AC']")
2026-02-18 14:35:48,818 - Clicking element: ('xpath', "//span[text()='AC']")
2026-02-18 14:35:48,849 - Clicking element: ('xpath', "//span[text()='AC']")
2026-02-18 14:35:48,896 - Clicking element: ('xpath', "//span[text()='AC']")
2026-02-18 14:35:48,927 - Clicking element: ('xpath', "//span[text()='AC']")
2026-02-18 14:35:48,959 - Clicking element: ('xpath', "//span[text()='AC']")
2026-02-18 14:35:48,990 - Clicking element: ('xpath', "//span[text()='AC']")
2026-02-18 14:35:49,037 - Clicking element: ('xpath', "//span[text()='AC']")
2026-02-18 14:35:49,068 - Clicking element: ('xpath', "//span[text()='AC']")
2026-02-18 14:35:49,115 - Clicking element: ('xpath', "//span[text()='AC']")
2026-02-18 14:35:49,146 - Clicking element: ('xpath', "//span[text()='AC']")
2026-02-18 14:35:49,177 - Clicking element: ('xpath', "//span[text()='AC']")
2026-02-18 14:35:49,209 - Clicking element: ('xpath', "//span[text()='AC']")
2026-02-18 14:35:49,240 - Clicking element: ('xpath', "//span[text()='AC']")
2026-02-18 14:35:49,287 - Clicking element: ('xpath', "//span[text()='AC']")
2026-02-18 14:35:49,365 - Clicking element: ('xpath', "//span[text()='AC']")
2026-02-18 14:35:49,396 - Clicking element: ('xpath', "//span[text()='AC']")
2026-02-18 14:35:49,452 - Clicking element: ('xpath', "//span[text()='AC']")
2026-02-18 14:35:49,492 - Clicking element: ('xpath', "//span[text()='AC']")
2026-02-18 14:35:49,524 - Clicking element: ('xpath', "//span[text()='AC']")
2026-02-18 14:35:49,563 - Clicking element: ('xpath', "//span[text()='AC']")
2026-02-18 14:35:49,594 - Clicking element: ('xpath', "//span[text()='AC']")
2026-02-18 14:35:49,625 - Clicking element: ('xpath', "//span[text()='AC']")
2026-02-18 14:35:49,656 - Clicking element: ('xpath', "//span[text()='AC']")
2026-02-18 14:35:49,688 - Clicking element: ('xpath', "//span[text()='AC']")
2026-02-18 14:35:49,734 - Clicking element: ('xpath', "//span[text()='AC']")
2026-02-18 14:35:49,766 - Clicking element: ('xpath', "//span[text()='AC']")
2026-02-18 14:35:49,797 - Clicking element: ('xpath', "//span[text()='AC']")
2026-02-18 14:35:49,828 - Clicking element: ('xpath', "//span[text()='AC']")
2026-02-18 14:35:49,859 - Clicking element: ('xpath', "//span[text()='AC']")
2026-02-18 14:35:49,906 - Clicking element: ('xpath', "//span[text()='AC']")
2026-02-18 14:35:49,937 - Clicking element: ('xpath', "//span[text()='AC']")
2026-02-18 14:35:49,969 - Clicking element: ('xpath', "//span[text()='AC']")
2026-02-18 14:35:50,012 - Clicking element: ('xpath', "//span[text()='AC']")
2026-02-18 14:35:50,046 - Clicking element: ('xpath', "//span[text()='AC']")
2026-02-18 14:35:50,077 - Clicking element: ('xpath', "//span[text()='AC']")
2026-02-18 14:35:50,108 - Clicking element: ('xpath', "//span[text()='AC']")
2026-02-18 14:35:50,139 - Clicking element: ('xpath', "//span[text()='AC']")
2026-02-18 14:35:50,171 - Clicking element: ('xpath', "//span[text()='AC']")
2026-02-18 14:35:50,202 - Clicking element: ('xpath', "//span[text()='AC']")
2026-02-18 14:35:50,249 - Clicking element: ('xpath', "//span[text()='AC']")
2026-02-18 14:35:50,280 - Clicking element: ('xpath', "//span[text()='AC']")
2026-02-18 14:35:50,311 - Clicking element: ('xpath', "//span[text()='AC']")
2026-02-18 14:35:50,343 - Clicking element: ('xpath', "//span[text()='AC']")
2026-02-18 14:35:50,389 - Clicking element: ('xpath', "//span[text()='AC']")
2026-02-18 14:35:50,421 - Clicking element: ('xpath', "//span[text()='AC']")
2026-02-18 14:35:50,452 - Clicking element: ('xpath', "//span[text()='AC']")
2026-02-18 14:35:50,499 - Clicking element: ('xpath', "//span[text()='AC']")
2026-02-18 14:35:50,531 - Clicking element: ('xpath', "//span[text()='AC']")
2026-02-18 14:35:50,575 - Clicking element: ('xpath', "//span[text()='AC']")
2026-02-18 14:35:50,613 - Clicking element: ('xpath', "//span[text()='AC']")
2026-02-18 14:35:50,649 - Clicking element: ('xpath', "//span[text()='AC']")
2026-02-18 14:35:50,680 - Clicking element: ('xpath', "//span[text()='AC']")
2026-02-18 14:35:50,711 - Clicking element: ('xpath', "//span[text()='AC']")
2026-02-18 14:35:50,742 - Clicking element: ('xpath', "//span[text()='AC']")
2026-02-18 14:35:50,774 - Clicking element: ('xpath', "//span[text()='AC']")
2026-02-18 14:35:50,805 - Clicking element: ('xpath', "//span[text()='AC']")
2026-02-18 14:35:50,852 - Clicking element: ('xpath', "//span[text()='AC']")
2026-02-18 14:35:50,883 - Clicking element: ('xpath', "//span[text()='AC']")
2026-02-18 14:35:50,914 - Clicking element: ('xpath', "//span[text()='AC']")
2026-02-18 14:35:50,961 - Clicking element: ('xpath', "//span[text()='AC']")
2026-02-18 14:35:50,992 - Clicking element: ('xpath', "//span[text()='AC']")
2026-02-18 14:35:51,024 - Clicking element: ('xpath', "//span[text()='AC']")
2026-02-18 14:35:51,055 - Clicking element: ('xpath', "//span[text()='AC']")
2026-02-18 14:35:51,086 - Clicking element: ('xpath', "//span[text()='AC']")
2026-02-18 14:35:51,133 - Clicking element: ('xpath', "//span[text()='AC']")
2026-02-18 14:35:51,164 - Clicking element: ('xpath', "//span[text()='AC']")
2026-02-18 14:35:51,195 - Clicking element: ('xpath', "//span[text()='AC']")
2026-02-18 14:35:51,227 - Clicking element: ('xpath', "//span[text()='AC']")
2026-02-18 14:35:51,274 - Clicking element: ('xpath', "//span[text()='AC']")
2026-02-18 14:35:51,305 - Clicking element: ('xpath', "//span[text()='AC']")
2026-02-18 14:35:51,336 - Clicking element: ('xpath', "//span[text()='AC']")
2026-02-18 14:35:51,367 - Clicking element: ('xpath', "//span[text()='AC']")
2026-02-18 14:35:51,414 - Clicking element: ('xpath', "//span[text()='AC']")
2026-02-18 14:35:51,445 - Clicking element: ('xpath', "//span[text()='AC']")
2026-02-18 14:35:51,477 - Clicking element: ('xpath', "//span[text()='AC']")
2026-02-18 14:35:51,508 - Clicking element: ('xpath', "//span[text()='AC']")
2026-02-18 14:35:51,539 - Clicking element: ('xpath', "//span[text()='AC']")
2026-02-18 14:35:51,586 - Clicking element: ('xpath', "//span[text()='AC']")
2026-02-18 14:35:51,617 - Clicking element: ('xpath', "//span[text()='AC']")
2026-02-18 14:35:51,648 - Clicking element: ('xpath', "//span[text()='AC']")
2026-02-18 14:35:51,680 - Clicking element: ('xpath', "//span[text()='AC']")
2026-02-18 14:35:51,711 - Clicking element: ('xpath', "//span[text()='AC']")
2026-02-18 14:35:51,758 - Clicking element: ('xpath', "//span[text()='AC']")
2026-02-18 14:35:51,789 - Clicking element: ('xpath', "//span[text()='AC']")
2026-02-18 14:35:51,820 - Clicking element: ('xpath', "//span[text()='AC']")
2026-02-18 14:35:51,852 - Clicking element: ('xpath', "//span[text()='AC']")
2026-02-18 14:35:51,898 - Clicking element: ('xpath', "//span[text()='AC']")
2026-02-18 14:35:51,930 - Clicking element: ('xpath', "//span[text()='AC']")
2026-02-18 14:35:51,977 - Clicking element: ('xpath', "//span[text()='AC']")
2026-02-18 14:35:52,023 - Clicking element: ('xpath', "//span[text()='AC']")
2026-02-18 14:35:52,055 - Clicking element: ('xpath', "//span[text()='AC']")
2026-02-18 14:35:52,086 - Clicking element: ('xpath', "//span[text()='AC']")
2026-02-18 14:35:52,133 - Clicking element: ('xpath', "//span[text()='AC']")
2026-02-18 14:35:52,180 - Clicking element: ('xpath', "//span[text()='AC']")
2026-02-18 14:35:52,211 - Clicking element: ('xpath', "//span[text()='AC']")
2026-02-18 14:35:52,258 - Clicking element: ('xpath', "//span[text()='AC']")
2026-02-18 14:35:52,289 - Clicking element: ('xpath', "//span[text()='AC']")
2026-02-18 14:35:52,336 - Clicking element: ('xpath', "//span[text()='AC']")
2026-02-18 14:35:52,367 - Clicking element: ('xpath', "//span[text()='AC']")
2026-02-18 14:35:52,414 - Clicking element: ('xpath', "//span[text()='AC']")
2026-02-18 14:35:52,445 - Clicking element: ('xpath', "//span[text()='AC']")
2026-02-18 14:35:52,492 - Clicking element: ('xpath', "//span[text()='AC']")
2026-02-18 14:35:52,534 - Clicking element: ('xpath', "//span[text()='AC']")
2026-02-18 14:35:52,577 - Clicking element: ('xpath', "//span[text()='AC']")
2026-02-18 14:35:52,616 - Clicking element: ('xpath', "//span[text()='AC']")
2026-02-18 14:35:52,647 - Clicking element: ('xpath', "//span[text()='AC']")
2026-02-18 14:35:52,679 - Clicking element: ('xpath', "//span[text()='AC']")
2026-02-18 14:35:52,710 - Clicking element: ('xpath', "//span[text()='AC']")
2026-02-18 14:35:52,756 - Clicking element: ('xpath', "//span[text()='AC']")
2026-02-18 14:35:52,795 - Clicking element: ('xpath', "//span[text()='AC']")
2026-02-18 14:35:52,834 - Clicking element: ('xpath', "//span[text()='AC']")
2026-02-18 14:35:52,869 - Clicking element: ('xpath', "//span[text()='AC']")
2026-02-18 14:35:52,905 - Clicking element: ('xpath', "//span[text()='AC']")
2026-02-18 14:35:52,943 - Clicking element: ('xpath', "//span[text()='AC']")
2026-02-18 14:35:52,964 - Clicking element: ('xpath', "//span[text()='AC']")
2026-02-18 14:35:52,995 - Clicking element: ('xpath', "//span[text()='AC']")
2026-02-18 14:35:53,042 - Clicking element: ('xpath', "//span[text()='AC']")
2026-02-18 14:35:53,084 - Clicking element: ('xpath', "//span[text()='AC']")
2026-02-18 14:35:53,123 - Clicking element: ('xpath', "//span[text()='AC']")
2026-02-18 14:35:53,160 - Clicking element: ('xpath', "//span[text()='AC']")
2026-02-18 14:35:53,181 - Clicking element: ('xpath', "//span[text()='AC']")
2026-02-18 14:35:53,228 - Clicking element: ('xpath', "//span[text()='AC']")
2026-02-18 14:35:53,260 - Clicking element: ('xpath', "//span[text()='AC']")
2026-02-18 14:35:53,291 - Clicking element: ('xpath', "//span[text()='AC']")
2026-02-18 14:35:53,338 - Clicking element: ('xpath', "//span[text()='AC']")
2026-02-18 14:35:53,369 - Clicking element: ('xpath', "//span[text()='AC']")
2026-02-18 14:35:53,400 - Clicking element: ('xpath', "//span[text()='AC']")
2026-02-18 14:35:53,452 - Clicking element: ('xpath', "//span[text()='AC']")
2026-02-18 14:35:53,480 - Clicking element: ('xpath', "//span[text()='AC']")
2026-02-18 14:35:53,512 - Clicking element: ('xpath', "//span[text()='AC']")
2026-02-18 14:35:53,543 - Clicking element: ('xpath', "//span[text()='AC']")
2026-02-18 14:35:53,590 - Clicking element: ('xpath', "//span[text()='AC']")
2026-02-18 14:35:53,621 - Clicking element: ('xpath', "//span[text()='AC']")
2026-02-18 14:35:53,652 - Clicking element: ('xpath', "//span[text()='AC']")
2026-02-18 14:35:53,699 - Clicking element: ('xpath', "//span[text()='AC']")
2026-02-18 14:35:53,730 - Clicking element: ('xpath', "//span[text()='AC']")
2026-02-18 14:35:53,761 - Clicking element: ('xpath', "//span[text()='AC']")
2026-02-18 14:35:53,793 - Clicking element: ('xpath', "//span[text()='AC']")
2026-02-18 14:35:53,841 - Clicking element: ('xpath', "//span[text()='AC']")
2026-02-18 14:35:53,885 - Clicking element: ('xpath', "//span[text()='AC']")
2026-02-18 14:35:53,926 - Clicking element: ('xpath', "//span[text()='AC']")
2026-02-18 14:35:53,968 - Clicking element: ('xpath', "//span[text()='AC']")
2026-02-18 14:35:54,007 - Clicking element: ('xpath', "//span[text()='AC']")
2026-02-18 14:35:54,046 - Clicking element: ('xpath', "//span[text()='AC']")
2026-02-18 14:35:54,077 - Clicking element: ('xpath', "//span[text()='AC']")
2026-02-18 14:35:54,108 - Clicking element: ('xpath', "//span[text()='AC']")
2026-02-18 14:35:54,139 - Clicking element: ('xpath', "//span[text()='AC']")
2026-02-18 14:35:54,186 - Clicking element: ('xpath', "//span[text()='AC']")
2026-02-18 14:35:54,218 - Clicking element: ('xpath', "//span[text()='AC']")
2026-02-18 14:35:54,268 - Clicking element: ('xpath', "//span[text()='AC']")
2026-02-18 14:35:54,305 - Clicking element: ('xpath', "//span[text()='AC']")
2026-02-18 14:35:54,343 - Clicking element: ('xpath', "//span[text()='AC']")
2026-02-18 14:35:54,382 - Clicking element: ('xpath', "//span[text()='AC']")
2026-02-18 14:35:54,423 - Clicking element: ('xpath', "//span[text()='AC']")
2026-02-18 14:35:54,468 - Clicking element: ('xpath', "//span[text()='AC']")
2026-02-18 14:35:54,511 - Clicking element: ('xpath', "//span[text()='AC']")
2026-02-18 14:35:54,547 - Clicking element: ('xpath', "//span[text()='AC']")
2026-02-18 14:35:54,597 - Clicking element: ('xpath', "//span[text()='AC']")
2026-02-18 14:35:54,635 - Clicking element: ('xpath', "//span[text()='AC']")
2026-02-18 14:35:54,663 - Clicking element: ('xpath', "//span[text()='AC']")
2026-02-18 14:35:54,708 - Clicking element: ('xpath', "//span[text()='AC']")
2026-02-18 14:35:54,742 - Clicking element: ('xpath', "//span[text()='AC']")
2026-02-18 14:35:54,782 - Clicking element: ('xpath', "//span[text()='AC']")
2026-02-18 14:35:54,822 - Clicking element: ('xpath', "//span[text()='AC']")
2026-02-18 14:35:54,847 - Clicking element: ('xpath', "//span[text()='AC']")
2026-02-18 14:35:54,893 - Clicking element: ('xpath', "//span[text()='AC']")
2026-02-18 14:35:54,925 - Clicking element: ('xpath', "//span[text()='AC']")
2026-02-18 14:35:54,956 - Clicking element: ('xpath', "//span[text()='AC']")
2026-02-18 14:35:54,987 - Clicking element: ('xpath', "//span[text()='AC']")
2026-02-18 14:35:55,018 - Clicking element: ('xpath', "//span[text()='AC']")
2026-02-18 14:35:55,050 - Clicking element: ('xpath', "//span[text()='AC']")
2026-02-18 14:35:55,110 - Clicking element: ('xpath', "//span[text()='AC']")
2026-02-18 14:35:55,149 - Clicking element: ('xpath', "//span[text()='AC']")
2026-02-18 14:35:55,190 - Clicking element: ('xpath', "//span[text()='AC']")
2026-02-18 14:35:55,226 - Clicking element: ('xpath', "//span[text()='AC']")
2026-02-18 14:35:55,261 - Clicking element: ('xpath', "//span[text()='AC']")
2026-02-18 14:35:55,300 - Clicking element: ('xpath', "//span[text()='AC']")
2026-02-18 14:35:55,335 - Clicking element: ('xpath', "//span[text()='AC']")
2026-02-18 14:35:55,373 - Clicking element: ('xpath', "//span[text()='AC']")
2026-02-18 14:35:55,413 - Clicking element: ('xpath', "//span[text()='AC']")
2026-02-18 14:35:55,450 - Clicking element: ('xpath', "//span[text()='AC']")
2026-02-18 14:35:55,492 - Clicking element: ('xpath', "//span[text()='AC']")
2026-02-18 14:35:55,534 - Clicking element: ('xpath', "//span[text()='AC']")
2026-02-18 14:35:55,563 - Clicking element: ('xpath', "//span[text()='AC']")
2026-02-18 14:35:55,594 - Clicking element: ('xpath', "//span[text()='AC']")
2026-02-18 14:35:55,641 - Clicking element: ('xpath', "//span[text()='AC']")
2026-02-18 14:35:55,672 - Clicking element: ('xpath', "//span[text()='AC']")
2026-02-18 14:35:55,704 - Clicking element: ('xpath', "//span[text()='AC']")
2026-02-18 14:35:55,735 - Clicking element: ('xpath', "//span[text()='AC']")
2026-02-18 14:35:55,766 - Clicking element: ('xpath', "//span[text()='AC']")
2026-02-18 14:35:55,813 - Clicking element: ('xpath', "//span[text()='AC']")
2026-02-18 14:35:55,844 - Clicking element: ('xpath', "//span[text()='AC']")
2026-02-18 14:35:55,875 - Clicking element: ('xpath', "//span[text()='AC']")
2026-02-18 14:35:55,919 - Clicking element: ('xpath', "//span[text()='AC']")
2026-02-18 14:35:55,957 - Clicking element: ('xpath', "//span[text()='AC']")
2026-02-18 14:35:55,993 - Clicking element: ('xpath', "//span[text()='AC']")
2026-02-18 14:35:56,037 - Clicking element: ('xpath', "//span[text()='AC']")
2026-02-18 14:35:56,063 - Clicking element: ('xpath', "//span[text()='AC']")
2026-02-18 14:35:56,094 - Clicking element: ('xpath', "//span[text()='AC']")
2026-02-18 14:35:56,141 - Clicking element: ('xpath', "//span[text()='AC']")
2026-02-18 14:35:56,172 - Clicking element: ('xpath', "//span[text()='AC']")
2026-02-18 14:35:56,204 - Clicking element: ('xpath', "//span[text()='AC']")
2026-02-18 14:35:56,250 - Clicking element: ('xpath', "//span[text()='AC']")
2026-02-18 14:35:56,282 - Clicking element: ('xpath', "//span[text()='AC']")
2026-02-18 14:35:56,313 - Clicking element: ('xpath', "//span[text()='AC']")
2026-02-18 14:35:56,344 - Clicking element: ('xpath', "//span[text()='AC']")
2026-02-18 14:35:56,391 - Clicking element: ('xpath', "//span[text()='AC']")
2026-02-18 14:35:56,422 - Clicking element: ('xpath', "//span[text()='AC']")
2026-02-18 14:35:56,453 - Clicking element: ('xpath', "//span[text()='AC']")
2026-02-18 14:35:56,485 - Clicking element: ('xpath', "//span[text()='AC']")
2026-02-18 14:35:56,532 - Clicking element: ('xpath', "//span[text()='AC']")
2026-02-18 14:35:56,563 - Clicking element: ('xpath', "//span[text()='AC']")
2026-02-18 14:35:56,594 - Clicking element: ('xpath', "//span[text()='AC']")
2026-02-18 14:35:56,625 - Clicking element: ('xpath', "//span[text()='AC']")
2026-02-18 14:35:56,672 - Clicking element: ('xpath', "//span[text()='AC']")
2026-02-18 14:35:56,703 - Clicking element: ('xpath', "//span[text()='AC']")
2026-02-18 14:35:56,735 - Clicking element: ('xpath', "//span[text()='AC']")
2026-02-18 14:35:56,766 - Clicking element: ('xpath', "//span[text()='AC']")
2026-02-18 14:35:56,813 - Clicking element: ('xpath', "//span[text()='AC']")
2026-02-18 14:35:56,844 - Clicking element: ('xpath', "//span[text()='AC']")
2026-02-18 14:35:56,891 - Clicking element: ('xpath', "//span[text()='AC']")
2026-02-18 14:35:56,922 - Clicking element: ('xpath', "//span[text()='AC']")
2026-02-18 14:35:56,953 - Clicking element: ('xpath', "//span[text()='AC']")
2026-02-18 14:35:57,000 - Clicking element: ('xpath', "//span[text()='AC']")
2026-02-18 14:35:57,031 - Clicking element: ('xpath', "//span[text()='AC']")
2026-02-18 14:35:57,063 - Clicking element: ('xpath', "//span[text()='AC']")
2026-02-18 14:35:57,094 - Clicking element: ('xpath', "//span[text()='AC']")
2026-02-18 14:35:57,141 - Clicking element: ('xpath', "//span[text()='AC']")
2026-02-18 14:35:57,172 - Clicking element: ('xpath', "//span[text()='AC']")
2026-02-18 14:35:57,219 - Clicking element: ('xpath', "//span[text()='AC']")
2026-02-18 14:35:57,250 - Clicking element: ('xpath', "//span[text()='AC']")
2026-02-18 14:35:57,297 - Clicking element: ('xpath', "//span[text()='AC']")
2026-02-18 14:35:57,328 - Clicking element: ('xpath', "//span[text()='AC']")
2026-02-18 14:35:57,375 - Clicking element: ('xpath', "//span[text()='AC']")
2026-02-18 14:35:57,406 - Clicking element: ('xpath', "//span[text()='AC']")
2026-02-18 14:35:57,438 - Clicking element: ('xpath', "//span[text()='AC']")
2026-02-18 14:35:57,484 - Clicking element: ('xpath', "//span[text()='AC']")
2026-02-18 14:35:57,516 - Clicking element: ('xpath', "//span[text()='AC']")
2026-02-18 14:35:57,547 - Clicking element: ('xpath', "//span[text()='AC']")
2026-02-18 14:35:57,594 - Clicking element: ('xpath', "//span[text()='AC']")
2026-02-18 14:35:57,625 - Clicking element: ('xpath', "//span[text()='AC']")
2026-02-18 14:35:57,656 - Clicking element: ('xpath', "//span[text()='AC']")
2026-02-18 14:35:57,688 - Clicking element: ('xpath', "//span[text()='AC']")
2026-02-18 14:35:57,734 - Clicking element: ('xpath', "//span[text()='AC']")
2026-02-18 14:35:57,766 - Clicking element: ('xpath', "//span[text()='AC']")
2026-02-18 14:35:57,797 - Clicking element: ('xpath', "//span[text()='AC']")
2026-02-18 14:35:57,828 - Clicking element: ('xpath', "//span[text()='AC']")
2026-02-18 14:35:57,875 - Clicking element: ('xpath', "//span[text()='AC']")
2026-02-18 14:35:57,906 - Clicking element: ('xpath', "//span[text()='AC']")
2026-02-18 14:35:57,953 - Clicking element: ('xpath', "//span[text()='AC']")
2026-02-18 14:35:57,984 - Clicking element: ('xpath', "//span[text()='AC']")
2026-02-18 14:35:58,016 - Clicking element: ('xpath', "//span[text()='AC']")
2026-02-18 14:35:58,062 - Clicking element: ('xpath', "//span[text()='AC']")
2026-02-18 14:35:58,094 - Clicking element: ('xpath', "//span[text()='AC']")
2026-02-18 14:35:58,125 - Clicking element: ('xpath', "//span[text()='AC']")
2026-02-18 14:35:58,156 - Clicking element: ('xpath', "//span[text()='AC']")
2026-02-18 14:35:58,187 - Clicking element: ('xpath', "//span[text()='AC']")
2026-02-18 14:35:58,234 - Clicking element: ('xpath', "//span[text()='AC']")
2026-02-18 14:35:58,266 - Clicking element: ('xpath', "//span[text()='AC']")
2026-02-18 14:35:58,297 - Clicking element: ('xpath', "//span[text()='AC']")
2026-02-18 14:35:58,344 - Clicking element: ('xpath', "//span[text()='AC']")
2026-02-18 14:35:58,386 - Clicking element: ('xpath', "//span[text()='AC']")
2026-02-18 14:35:58,425 - Clicking element: ('xpath', "//span[text()='AC']")
2026-02-18 14:35:58,466 - Clicking element: ('xpath', "//span[text()='AC']")
2026-02-18 14:35:58,505 - Clicking element: ('xpath', "//span[text()='AC']")
2026-02-18 14:35:58,548 - Clicking element: ('xpath', "//span[text()='AC']")
2026-02-18 14:35:58,591 - Clicking element: ('xpath', "//span[text()='AC']")
2026-02-18 14:35:58,629 - Clicking element: ('xpath', "//span[text()='AC']")
2026-02-18 14:35:58,670 - Clicking element: ('xpath', "//span[text()='AC']")
2026-02-18 14:35:58,730 - Clicking element: ('xpath', "//span[text()='AC']")
2026-02-18 14:35:58,771 - Clicking element: ('xpath', "//span[text()='AC']")
2026-02-18 14:35:58,810 - Clicking element: ('xpath', "//span[text()='AC']")
2026-02-18 14:35:58,848 - Clicking element: ('xpath', "//span[text()='AC']")
2026-02-18 14:35:58,881 - Clicking element: ('xpath', "//span[text()='AC']")
2026-02-18 14:35:58,932 - Clicking element: ('xpath', "//span[text()='AC']")
2026-02-18 14:35:58,972 - Clicking element: ('xpath', "//span[text()='AC']")
2026-02-18 14:35:59,009 - Clicking element: ('xpath', "//span[text()='AC']")
2026-02-18 14:35:59,045 - Clicking element: ('xpath', "//span[text()='AC']")
2026-02-18 14:35:59,083 - Clicking element: ('xpath', "//span[text()='AC']")
2026-02-18 14:35:59,111 - Clicking element: ('xpath', "//span[text()='AC']")
2026-02-18 14:35:59,142 - Clicking element: ('xpath', "//span[text()='AC']")
2026-02-18 14:35:59,189 - Clicking element: ('xpath', "//span[text()='AC']")
2026-02-18 14:35:59,220 - Clicking element: ('xpath', "//span[text()='AC']")
2026-02-18 14:35:59,252 - Clicking element: ('xpath', "//span[text()='AC']")
2026-02-18 14:35:59,283 - Clicking element: ('xpath', "//span[text()='AC']")
2026-02-18 14:35:59,330 - Clicking element: ('xpath', "//span[text()='AC']")
2026-02-18 14:35:59,361 - Clicking element: ('xpath', "//span[text()='AC']")
2026-02-18 14:35:59,392 - Clicking element: ('xpath', "//span[text()='AC']")
2026-02-18 14:35:59,439 - Clicking element: ('xpath', "//span[text()='AC']")
2026-02-18 14:35:59,470 - Clicking element: ('xpath', "//span[text()='AC']")
2026-02-18 14:35:59,502 - Clicking element: ('xpath', "//span[text()='AC']")
2026-02-18 14:35:59,533 - Clicking element: ('xpath', "//span[text()='AC']")
2026-02-18 14:35:59,564 - Clicking element: ('xpath', "//span[text()='AC']")
2026-02-18 14:35:59,611 - Clicking element: ('xpath', "//span[text()='AC']")
2026-02-18 14:35:59,642 - Clicking element: ('xpath', "//span[text()='AC']")
2026-02-18 14:35:59,674 - Clicking element: ('xpath', "//span[text()='AC']")
2026-02-18 14:35:59,705 - Clicking element: ('xpath', "//span[text()='AC']")
2026-02-18 14:35:59,752 - Clicking element: ('xpath', "//span[text()='AC']")
2026-02-18 14:35:59,783 - Clicking element: ('xpath', "//span[text()='AC']")
2026-02-18 14:35:59,814 - Clicking element: ('xpath', "//span[text()='AC']")
2026-02-18 14:35:59,861 - Clicking element: ('xpath', "//span[text()='AC']")
2026-02-18 14:35:59,892 - Clicking element: ('xpath', "//span[text()='AC']")
2026-02-18 14:35:59,923 - Clicking element: ('xpath', "//span[text()='AC']")
2026-02-18 14:35:59,955 - Clicking element: ('xpath', "//span[text()='AC']")
2026-02-18 14:35:59,986 - Clicking element: ('xpath', "//span[text()='AC']")
2026-02-18 14:36:00,048 - Clicking element: ('xpath', "//span[text()='AC']")
2026-02-18 14:36:00,080 - Clicking element: ('xpath', "//span[text()='AC']")
2026-02-18 14:36:00,127 - Clicking element: ('xpath', "//span[text()='AC']")
2026-02-18 14:36:00,158 - Clicking element: ('xpath', "//span[text()='AC']")
2026-02-18 14:36:00,189 - Clicking element: ('xpath', "//span[text()='AC']")
2026-02-18 14:36:00,236 - Clicking element: ('xpath', "//span[text()='AC']")
2026-02-18 14:36:00,267 - Clicking element: ('xpath', "//span[text()='AC']")
2026-02-18 14:36:00,298 - Clicking element: ('xpath', "//span[text()='AC']")
2026-02-18 14:36:00,330 - Clicking element: ('xpath', "//span[text()='AC']")
2026-02-18 14:36:00,361 - Clicking element: ('xpath', "//span[text()='AC']")
2026-02-18 14:36:00,392 - Clicking element: ('xpath', "//span[text()='AC']")
2026-02-18 14:36:00,439 - Clicking element: ('xpath', "//span[text()='AC']")
2026-02-18 14:36:00,470 - Clicking element: ('xpath', "//span[text()='AC']")
2026-02-18 14:36:00,501 - Clicking element: ('xpath', "//span[text()='AC']")
2026-02-18 14:36:00,533 - Clicking element: ('xpath', "//span[text()='AC']")
2026-02-18 14:36:00,564 - Clicking element: ('xpath', "//span[text()='AC']")
2026-02-18 14:36:00,595 - Clicking element: ('xpath', "//span[text()='AC']")
2026-02-18 14:36:00,642 - Clicking element: ('xpath', "//span[text()='AC']")
2026-02-18 14:36:00,673 - Clicking element: ('xpath', "//span[text()='AC']")
2026-02-18 14:36:00,705 - Clicking element: ('xpath', "//span[text()='AC']")
2026-02-18 14:36:00,736 - Clicking element: ('xpath', "//span[text()='AC']")
2026-02-18 14:36:00,783 - Clicking element: ('xpath', "//span[text()='AC']")
2026-02-18 14:36:00,814 - Clicking element: ('xpath', "//span[text()='AC']")
2026-02-18 14:36:00,845 - Clicking element: ('xpath', "//span[text()='AC']")
2026-02-18 14:36:00,892 - Clicking element: ('xpath', "//span[text()='AC']")
2026-02-18 14:36:00,923 - Clicking element: ('xpath', "//span[text()='AC']")
2026-02-18 14:36:00,954 - Clicking element: ('xpath', "//span[text()='AC']")
2026-02-18 14:36:01,001 - Clicking element: ('xpath', "//span[text()='AC']")
2026-02-18 14:36:01,033 - Clicking element: ('xpath', "//span[text()='AC']")
2026-02-18 14:36:01,064 - Clicking element: ('xpath', "//span[text()='AC']")
2026-02-18 14:36:01,095 - Clicking element: ('xpath', "//span[text()='AC']")
2026-02-18 14:36:01,142 - Clicking element: ('xpath', "//span[text()='AC']")
2026-02-18 14:36:01,173 - Clicking element: ('xpath', "//span[text()='AC']")
2026-02-18 14:36:01,204 - Clicking element: ('xpath', "//span[text()='AC']")
2026-02-18 14:36:01,251 - Clicking element: ('xpath', "//span[text()='AC']")
2026-02-18 14:36:01,283 - Clicking element: ('xpath', "//span[text()='AC']")
2026-02-18 14:36:01,314 - Clicking element: ('xpath', "//span[text()='AC']")
2026-02-18 14:36:01,361 - Clicking element: ('xpath', "//span[text()='AC']")
2026-02-18 14:36:01,392 - Clicking element: ('xpath', "//span[text()='AC']")
2026-02-18 14:36:01,423 - Clicking element: ('xpath', "//span[text()='AC']")
2026-02-18 14:36:01,471 - Clicking element: ('xpath', "//span[text()='AC']")
2026-02-18 14:36:01,515 - Clicking element: ('xpath', "//span[text()='AC']")
2026-02-18 14:36:01,563 - Clicking element: ('xpath', "//span[text()='AC']")
2026-02-18 14:36:01,597 - Clicking element: ('xpath', "//span[text()='AC']")
2026-02-18 14:36:01,645 - Clicking element: ('xpath', "//span[text()='AC']")
2026-02-18 14:36:01,681 - Clicking element: ('xpath', "//span[text()='AC']")
2026-02-18 14:36:01,710 - Clicking element: ('xpath', "//span[text()='AC']")
2026-02-18 14:36:01,742 - Clicking element: ('xpath', "//span[text()='AC']")
2026-02-18 14:36:01,796 - Clicking element: ('xpath', "//span[text()='AC']")
2026-02-18 14:36:01,828 - Clicking element: ('xpath', "//span[text()='AC']")
2026-02-18 14:36:01,859 - Clicking element: ('xpath', "//span[text()='AC']")
2026-02-18 14:36:01,891 - Clicking element: ('xpath', "//span[text()='AC']")
2026-02-18 14:36:01,937 - Clicking element: ('xpath', "//span[text()='AC']")
2026-02-18 14:36:01,969 - Clicking element: ('xpath', "//span[text()='AC']")
2026-02-18 14:36:02,000 - Clicking element: ('xpath', "//span[text()='AC']")
2026-02-18 14:36:02,047 - Clicking element: ('xpath', "//span[text()='AC']")
2026-02-18 14:36:02,078 - Clicking element: ('xpath', "//span[text()='AC']")
2026-02-18 14:36:02,109 - Clicking element: ('xpath', "//span[text()='AC']")
2026-02-18 14:36:02,156 - Clicking element: ('xpath', "//span[text()='AC']")
2026-02-18 14:36:02,187 - Clicking element: ('xpath', "//span[text()='AC']")
2026-02-18 14:36:02,219 - Clicking element: ('xpath', "//span[text()='AC']")
2026-02-18 14:36:02,265 - Clicking element: ('xpath', "//span[text()='AC']")
2026-02-18 14:36:02,297 - Clicking element: ('xpath', "//span[text()='AC']")
2026-02-18 14:36:02,328 - Clicking element: ('xpath', "//span[text()='AC']")
2026-02-18 14:36:02,375 - Clicking element: ('xpath', "//span[text()='AC']")
2026-02-18 14:36:02,406 - Clicking element: ('xpath', "//span[text()='AC']")
2026-02-18 14:36:02,437 - Clicking element: ('xpath', "//span[text()='AC']")
2026-02-18 14:36:02,469 - Clicking element: ('xpath', "//span[text()='AC']")
2026-02-18 14:36:02,515 - Clicking element: ('xpath', "//span[text()='AC']")
2026-02-18 14:36:02,547 - Clicking element: ('xpath', "//span[text()='AC']")
2026-02-18 14:36:02,578 - Clicking element: ('xpath', "//span[text()='AC']")
2026-02-18 14:36:02,625 - Clicking element: ('xpath', "//span[text()='AC']")
2026-02-18 14:36:02,656 - Clicking element: ('xpath', "//span[text()='AC']")
2026-02-18 14:36:02,703 - Clicking element: ('xpath', "//span[text()='AC']")
2026-02-18 14:36:02,734 - Clicking element: ('xpath', "//span[text()='AC']")
2026-02-18 14:36:02,781 - Clicking element: ('xpath', "//span[text()='AC']")
2026-02-18 14:36:02,812 - Clicking element: ('xpath', "//span[text()='AC']")
2026-02-18 14:36:02,843 - Clicking element: ('xpath', "//span[text()='AC']")
2026-02-18 14:36:02,890 - Clicking element: ('xpath', "//span[text()='AC']")
2026-02-18 14:36:02,922 - Clicking element: ('xpath', "//span[text()='AC']")
2026-02-18 14:36:02,953 - Clicking element: ('xpath', "//span[text()='AC']")
2026-02-18 14:36:03,000 - Clicking element: ('xpath', "//span[text()='AC']")
2026-02-18 14:36:03,031 - Clicking element: ('xpath', "//span[text()='AC']")
2026-02-18 14:36:03,062 - Clicking element: ('xpath', "//span[text()='AC']")
2026-02-18 14:36:03,093 - Clicking element: ('xpath', "//span[text()='AC']")
2026-02-18 14:36:03,140 - Clicking element: ('xpath', "//span[text()='AC']")
2026-02-18 14:36:03,172 - Clicking element: ('xpath', "//span[text()='AC']")
2026-02-18 14:36:03,218 - Clicking element: ('xpath', "//span[text()='AC']")
2026-02-18 14:36:03,250 - Clicking element: ('xpath', "//span[text()='AC']")
2026-02-18 14:36:03,296 - Clicking element: ('xpath', "//span[text()='AC']")
2026-02-18 14:36:03,328 - Clicking element: ('xpath', "//span[text()='AC']")
2026-02-18 14:36:03,359 - Clicking element: ('xpath', "//span[text()='AC']")
2026-02-18 14:36:03,390 - Clicking element: ('xpath', "//span[text()='AC']")
2026-02-18 14:36:03,437 - Clicking element: ('xpath', "//span[text()='AC']")
2026-02-18 14:36:03,468 - Clicking element: ('xpath', "//span[text()='AC']")
2026-02-18 14:36:03,500 - Clicking element: ('xpath', "//span[text()='AC']")
2026-02-18 14:36:03,578 - Clicking element: ('xpath', "//span[text()='AC']")
2026-02-18 14:36:03,640 - Clicking element: ('xpath', "//span[text()='AC']")
2026-02-18 14:36:03,687 - Clicking element: ('xpath', "//span[text()='AC']")
2026-02-18 14:36:03,718 - Clicking element: ('xpath', "//span[text()='AC']")
2026-02-18 14:36:03,749 - Clicking element: ('xpath', "//span[text()='AC']")
2026-02-18 14:36:03,796 - Clicking element: ('xpath', "//span[text()='AC']")
2026-02-18 14:36:03,828 - Clicking element: ('xpath', "//span[text()='AC']")
2026-02-18 14:36:03,859 - Clicking element: ('xpath', "//span[text()='AC']")
2026-02-18 14:36:03,890 - Clicking element: ('xpath', "//span[text()='AC']")
2026-02-18 14:36:03,921 - Clicking element: ('xpath', "//span[text()='AC']")
2026-02-18 14:36:03,968 - Clicking element: ('xpath', "//span[text()='AC']")
2026-02-18 14:36:03,999 - Clicking element: ('xpath', "//span[text()='AC']")
2026-02-18 14:36:04,031 - Clicking element: ('xpath', "//span[text()='AC']")
2026-02-18 14:36:04,062 - Clicking element: ('xpath', "//span[text()='AC']")
2026-02-18 14:36:04,093 - Clicking element: ('xpath', "//span[text()='AC']")
2026-02-18 14:36:04,140 - Clicking element: ('xpath', "//span[text()='AC']")
2026-02-18 14:36:04,171 - Clicking element: ('xpath', "//span[text()='AC']")
2026-02-18 14:36:04,203 - Clicking element: ('xpath', "//span[text()='AC']")
2026-02-18 14:36:04,234 - Clicking element: ('xpath', "//span[text()='AC']")
2026-02-18 14:36:04,265 - Clicking element: ('xpath', "//span[text()='AC']")
2026-02-18 14:36:04,312 - Clicking element: ('xpath', "//span[text()='AC']")
2026-02-18 14:36:04,343 - Clicking element: ('xpath', "//span[text()='AC']")
2026-02-18 14:36:04,374 - Clicking element: ('xpath', "//span[text()='AC']")
2026-02-18 14:36:04,406 - Clicking element: ('xpath', "//span[text()='AC']")
2026-02-18 14:36:04,437 - Clicking element: ('xpath', "//span[text()='AC']")
2026-02-18 14:36:04,468 - Clicking element: ('xpath', "//span[text()='AC']")
2026-02-18 14:36:04,499 - Clicking element: ('xpath', "//span[text()='AC']")
2026-02-18 14:36:04,546 - Clicking element: ('xpath', "//span[text()='AC']")
2026-02-18 14:36:04,577 - Clicking element: ('xpath', "//span[text()='AC']")
2026-02-18 14:36:04,624 - Clicking element: ('xpath', "//span[text()='AC']")
2026-02-18 14:36:04,656 - Clicking element: ('xpath', "//span[text()='AC']")
2026-02-18 14:36:04,687 - Clicking element: ('xpath', "//span[text()='AC']")
2026-02-18 14:36:04,734 - Clicking element: ('xpath', "//span[text()='AC']")
2026-02-18 14:36:04,765 - Clicking element: ('xpath', "//span[text()='AC']")
2026-02-18 14:36:04,796 - Clicking element: ('xpath', "//span[text()='AC']")
2026-02-18 14:36:04,827 - Clicking element: ('xpath', "//span[text()='AC']")
2026-02-18 14:36:04,859 - Clicking element: ('xpath', "//span[text()='AC']")
2026-02-18 14:36:04,905 - Clicking element: ('xpath', "//span[text()='AC']")
2026-02-18 14:36:04,937 - Clicking element: ('xpath', "//span[text()='AC']")
2026-02-18 14:36:04,968 - Clicking element: ('xpath', "//span[text()='AC']")
2026-02-18 14:36:04,999 - Clicking element: ('xpath', "//span[text()='AC']")
2026-02-18 14:36:05,030 - Clicking element: ('xpath', "//span[text()='AC']")
2026-02-18 14:36:05,062 - Clicking element: ('xpath', "//span[text()='AC']")
2026-02-18 14:36:05,093 - Clicking element: ('xpath', "//span[text()='AC']")
2026-02-18 14:36:05,140 - Clicking element: ('xpath', "//span[text()='AC']")
2026-02-18 14:36:05,171 - Clicking element: ('xpath', "//span[text()='AC']")
2026-02-18 14:36:05,202 - Clicking element: ('xpath', "//span[text()='AC']")
2026-02-18 14:36:05,234 - Clicking element: ('xpath', "//span[text()='AC']")
2026-02-18 14:36:05,265 - Clicking element: ('xpath', "//span[text()='AC']")
2026-02-18 14:36:05,296 - Clicking element: ('xpath', "//span[text()='AC']")
2026-02-18 14:36:05,343 - Clicking element: ('xpath', "//span[text()='AC']")
2026-02-18 14:36:05,374 - Clicking element: ('xpath', "//span[text()='AC']")
2026-02-18 14:36:05,421 - Clicking element: ('xpath', "//span[text()='AC']")
2026-02-18 14:36:05,452 - Clicking element: ('xpath', "//span[text()='AC']")
2026-02-18 14:36:05,483 - Clicking element: ('xpath', "//span[text()='AC']")
2026-02-18 14:36:05,530 - Clicking element: ('xpath', "//span[text()='AC']")
2026-02-18 14:36:05,562 - Clicking element: ('xpath', "//span[text()='AC']")
2026-02-18 14:36:05,593 - Clicking element: ('xpath', "//span[text()='AC']")
2026-02-18 14:36:05,640 - Clicking element: ('xpath', "//span[text()='AC']")
2026-02-18 14:36:05,671 - Clicking element: ('xpath', "//span[text()='AC']")
2026-02-18 14:36:05,702 - Clicking element: ('xpath', "//span[text()='AC']")
2026-02-18 14:36:05,733 - Clicking element: ('xpath', "//span[text()='AC']")
2026-02-18 14:36:05,765 - Clicking element: ('xpath', "//span[text()='AC']")
2026-02-18 14:36:05,812 - Clicking element: ('xpath', "//span[text()='AC']")
2026-02-18 14:36:05,843 - Clicking element: ('xpath', "//span[text()='AC']")
2026-02-18 14:36:05,874 - Clicking element: ('xpath', "//span[text()='AC']")
2026-02-18 14:36:05,905 - Clicking element: ('xpath', "//span[text()='AC']")
2026-02-18 14:36:05,952 - Clicking element: ('xpath', "//span[text()='AC']")
2026-02-18 14:36:05,983 - Clicking element: ('xpath', "//span[text()='AC']")
2026-02-18 14:36:06,015 - Clicking element: ('xpath', "//span[text()='AC']")
2026-02-18 14:36:06,061 - Clicking element: ('xpath', "//span[text()='AC']")
2026-02-18 14:36:06,093 - Clicking element: ('xpath', "//span[text()='AC']")
2026-02-18 14:36:06,124 - Clicking element: ('xpath', "//span[text()='AC']")
2026-02-18 14:36:06,155 - Clicking element: ('xpath', "//span[text()='AC']")
2026-02-18 14:36:06,202 - Clicking element: ('xpath', "//span[text()='AC']")
2026-02-18 14:36:06,233 - Clicking element: ('xpath', "//span[text()='AC']")
2026-02-18 14:36:06,265 - Clicking element: ('xpath', "//span[text()='AC']")
2026-02-18 14:36:06,296 - Clicking element: ('xpath', "//span[text()='AC']")
2026-02-18 14:36:06,343 - Clicking element: ('xpath', "//span[text()='AC']")
2026-02-18 14:36:06,374 - Clicking element: ('xpath', "//span[text()='AC']")
2026-02-18 14:36:06,421 - Clicking element: ('xpath', "//span[text()='AC']")
2026-02-18 14:36:06,452 - Clicking element: ('xpath', "//span[text()='AC']")
2026-02-18 14:36:06,483 - Clicking element: ('xpath', "//span[text()='AC']")
2026-02-18 14:36:06,514 - Clicking element: ('xpath', "//span[text()='AC']")
2026-02-18 14:36:06,561 - Clicking element: ('xpath', "//span[text()='AC']")
2026-02-18 14:36:06,593 - Clicking element: ('xpath', "//span[text()='AC']")
2026-02-18 14:36:06,624 - Clicking element: ('xpath', "//span[text()='AC']")
2026-02-18 14:36:06,671 - Clicking element: ('xpath', "//span[text()='AC']")
2026-02-18 14:36:06,702 - Clicking element: ('xpath', "//span[text()='AC']")
2026-02-18 14:36:06,749 - Clicking element: ('xpath', "//span[text()='AC']")
2026-02-18 14:36:06,780 - Clicking element: ('xpath', "//span[text()='AC']")
2026-02-18 14:36:06,827 - Clicking element: ('xpath', "//span[text()='AC']")
2026-02-18 14:36:06,858 - Clicking element: ('xpath', "//span[text()='AC']")
2026-02-18 14:36:06,889 - Clicking element: ('xpath', "//span[text()='AC']")
2026-02-18 14:36:06,936 - Clicking element: ('xpath', "//span[text()='AC']")
2026-02-18 14:36:06,967 - Clicking element: ('xpath', "//span[text()='AC']")
2026-02-18 14:36:06,999 - Clicking element: ('xpath', "//span[text()='AC']")
2026-02-18 14:36:07,030 - Clicking element: ('xpath', "//span[text()='AC']")
2026-02-18 14:36:07,061 - Clicking element: ('xpath', "//span[text()='AC']")
2026-02-18 14:36:07,092 - Clicking element: ('xpath', "//span[text()='AC']")
2026-02-18 14:36:07,139 - Clicking element: ('xpath', "//span[text()='AC']")
2026-02-18 14:36:07,171 - Clicking element: ('xpath', "//span[text()='AC']")
2026-02-18 14:36:07,202 - Clicking element: ('xpath', "//span[text()='AC']")
2026-02-18 14:36:07,233 - Clicking element: ('xpath', "//span[text()='AC']")
2026-02-18 14:36:07,280 - Clicking element: ('xpath', "//span[text()='AC']")
2026-02-18 14:36:07,311 - Clicking element: ('xpath', "//span[text()='AC']")
2026-02-18 14:36:07,342 - Clicking element: ('xpath', "//span[text()='AC']")
2026-02-18 14:36:07,374 - Clicking element: ('xpath', "//span[text()='AC']")
2026-02-18 14:36:07,405 - Clicking element: ('xpath', "//span[text()='AC']")
2026-02-18 14:36:07,436 - Clicking element: ('xpath', "//span[text()='AC']")
2026-02-18 14:36:07,467 - Clicking element: ('xpath', "//span[text()='AC']")
2026-02-18 14:36:07,514 - Clicking element: ('xpath', "//span[text()='AC']")
2026-02-18 14:36:07,545 - Clicking element: ('xpath', "//span[text()='AC']")
2026-02-18 14:36:07,577 - Clicking element: ('xpath', "//span[text()='AC']")
2026-02-18 14:36:07,624 - Clicking element: ('xpath', "//span[text()='AC']")
2026-02-18 14:36:07,655 - Clicking element: ('xpath', "//span[text()='AC']")
2026-02-18 14:36:07,686 - Clicking element: ('xpath', "//span[text()='AC']")
2026-02-18 14:36:07,717 - Clicking element: ('xpath', "//span[text()='AC']")
2026-02-18 14:36:07,764 - Clicking element: ('xpath', "//span[text()='AC']")
2026-02-18 14:36:07,795 - Clicking element: ('xpath', "//span[text()='AC']")
2026-02-18 14:36:07,827 - Clicking element: ('xpath', "//span[text()='AC']")
2026-02-18 14:36:07,874 - Clicking element: ('xpath', "//span[text()='AC']")
2026-02-18 14:36:07,905 - Clicking element: ('xpath', "//span[text()='AC']")
2026-02-18 14:36:07,936 - Clicking element: ('xpath', "//span[text()='AC']")
2026-02-18 14:36:07,967 - Clicking element: ('xpath', "//span[text()='AC']")
2026-02-18 14:36:07,998 - Clicking element: ('xpath', "//span[text()='AC']")
2026-02-18 14:36:08,045 - Clicking element: ('xpath', "//span[text()='AC']")
2026-02-18 14:36:08,077 - Clicking element: ('xpath', "//span[text()='AC']")
2026-02-18 14:36:08,108 - Clicking element: ('xpath', "//span[text()='AC']")
2026-02-18 14:36:08,139 - Clicking element: ('xpath', "//span[text()='AC']")
2026-02-18 14:36:08,186 - Clicking element: ('xpath', "//span[text()='AC']")
2026-02-18 14:36:08,217 - Clicking element: ('xpath', "//span[text()='AC']")
2026-02-18 14:36:08,248 - Clicking element: ('xpath', "//span[text()='AC']")
2026-02-18 14:36:08,295 - Clicking element: ('xpath', "//span[text()='AC']")
2026-02-18 14:36:08,327 - Clicking element: ('xpath', "//span[text()='AC']")
2026-02-18 14:36:08,358 - Clicking element: ('xpath', "//span[text()='AC']")
2026-02-18 14:36:08,389 - Clicking element: ('xpath', "//span[text()='AC']")
2026-02-18 14:36:08,420 - Clicking element: ('xpath', "//span[text()='AC']")
2026-02-18 14:36:08,467 - Clicking element: ('xpath', "//span[text()='AC']")
2026-02-18 14:36:08,498 - Clicking element: ('xpath', "//span[text()='AC']")
2026-02-18 14:36:08,530 - Clicking element: ('xpath', "//span[text()='AC']")
2026-02-18 14:36:08,576 - Clicking element: ('xpath', "//span[text()='AC']")
2026-02-18 14:36:08,608 - Clicking element: ('xpath', "//span[text()='AC']")
2026-02-18 14:36:08,639 - Clicking element: ('xpath', "//span[text()='AC']")
2026-02-18 14:36:08,670 - Clicking element: ('xpath', "//span[text()='AC']")
2026-02-18 14:36:08,701 - Clicking element: ('xpath', "//span[text()='AC']")
2026-02-18 14:36:08,733 - Clicking element: ('xpath', "//span[text()='AC']")
2026-02-18 14:36:08,780 - Clicking element: ('xpath', "//span[text()='AC']")
2026-02-18 14:36:08,811 - Clicking element: ('xpath', "//span[text()='AC']")
2026-02-18 14:36:08,858 - Clicking element: ('xpath', "//span[text()='AC']")
2026-02-18 14:36:08,889 - Clicking element: ('xpath', "//span[text()='AC']")
2026-02-18 14:36:08,920 - Clicking element: ('xpath', "//span[text()='AC']")
2026-02-18 14:36:08,951 - Clicking element: ('xpath', "//span[text()='AC']")
2026-02-18 14:36:08,998 - Clicking element: ('xpath', "//span[text()='AC']")
2026-02-18 14:36:09,030 - Clicking element: ('xpath', "//span[text()='AC']")
2026-02-18 14:36:09,061 - Clicking element: ('xpath', "//span[text()='AC']")
2026-02-18 14:36:09,108 - Clicking element: ('xpath', "//span[text()='AC']")
2026-02-18 14:36:09,139 - Clicking element: ('xpath', "//span[text()='AC']")
2026-02-18 14:36:09,170 - Clicking element: ('xpath', "//span[text()='AC']")
2026-02-18 14:36:09,201 - Clicking element: ('xpath', "//span[text()='AC']")
2026-02-18 14:36:09,248 - Clicking element: ('xpath', "//span[text()='AC']")
2026-02-18 14:36:09,279 - Clicking element: ('xpath', "//span[text()='AC']")
2026-02-18 14:36:09,311 - Clicking element: ('xpath', "//span[text()='AC']")
2026-02-18 14:36:09,342 - Clicking element: ('xpath', "//span[text()='AC']")
2026-02-18 14:36:09,389 - Clicking element: ('xpath', "//span[text()='AC']")
2026-02-18 14:36:09,420 - Clicking element: ('xpath', "//span[text()='AC']")
2026-02-18 14:36:09,451 - Clicking element: ('xpath', "//span[text()='AC']")
2026-02-18 14:36:09,498 - Clicking element: ('xpath', "//span[text()='AC']")
2026-02-18 14:36:09,529 - Clicking element: ('xpath', "//span[text()='AC']")
2026-02-18 14:36:09,561 - Clicking element: ('xpath', "//span[text()='AC']")
2026-02-18 14:36:09,607 - Clicking element: ('xpath', "//span[text()='AC']")
2026-02-18 14:36:09,639 - Clicking element: ('xpath', "//span[text()='AC']")
2026-02-18 14:36:09,670 - Clicking element: ('xpath', "//span[text()='AC']")
2026-02-18 14:36:09,701 - Clicking element: ('xpath', "//span[text()='AC']")
2026-02-18 14:36:09,748 - Clicking element: ('xpath', "//span[text()='AC']")
2026-02-18 14:36:09,779 - Clicking element: ('xpath', "//span[text()='AC']")
2026-02-18 14:36:09,811 - Clicking element: ('xpath', "//span[text()='AC']")
2026-02-18 14:36:09,842 - Clicking element: ('xpath', "//span[text()='AC']")
2026-02-18 14:36:09,889 - Clicking element: ('xpath', "//span[text()='AC']")
2026-02-18 14:36:09,920 - Clicking element: ('xpath', "//span[text()='AC']")
2026-02-18 14:36:09,951 - Clicking element: ('xpath', "//span[text()='AC']")
2026-02-18 14:36:09,998 - Clicking element: ('xpath', "//span[text()='AC']")
2026-02-18 14:36:10,029 - Clicking element: ('xpath', "//span[text()='AC']")
2026-02-18 14:36:10,076 - Clicking element: ('xpath', "//span[text()='AC']")
2026-02-18 14:36:10,107 - Clicking element: ('xpath', "//span[text()='AC']")
2026-02-18 14:36:10,154 - Clicking element: ('xpath', "//span[text()='AC']")
2026-02-18 14:36:10,185 - Clicking element: ('xpath', "//span[text()='AC']")
2026-02-18 14:36:10,217 - Clicking element: ('xpath', "//span[text()='AC']")
2026-02-18 14:36:10,264 - Clicking element: ('xpath', "//span[text()='AC']")
2026-02-18 14:36:10,295 - Clicking element: ('xpath', "//span[text()='AC']")
2026-02-18 14:36:10,342 - Clicking element: ('xpath', "//span[text()='AC']")
2026-02-18 14:36:10,373 - Clicking element: ('xpath', "//span[text()='AC']")
2026-02-18 14:36:10,420 - Clicking element: ('xpath', "//span[text()='AC']")
2026-02-18 14:36:10,451 - Clicking element: ('xpath', "//span[text()='AC']")
2026-02-18 14:36:10,482 - Clicking element: ('xpath', "//span[text()='AC']")
2026-02-18 14:36:10,514 - Clicking element: ('xpath', "//span[text()='AC']")
2026-02-18 14:36:10,560 - Clicking element: ('xpath', "//span[text()='AC']")
2026-02-18 14:36:10,592 - Clicking element: ('xpath', "//span[text()='AC']")
2026-02-18 14:36:10,623 - Clicking element: ('xpath', "//span[text()='AC']")
2026-02-18 14:36:10,654 - Clicking element: ('xpath', "//span[text()='AC']")
2026-02-18 14:36:10,701 - Clicking element: ('xpath', "//span[text()='AC']")
2026-02-18 14:36:10,732 - Clicking element: ('xpath', "//span[text()='AC']")
2026-02-18 14:36:10,763 - Clicking element: ('xpath', "//span[text()='AC']")
2026-02-18 14:36:10,795 - Clicking element: ('xpath', "//span[text()='AC']")
2026-02-18 14:36:10,826 - Clicking element: ('xpath', "//span[text()='AC']")
2026-02-18 14:36:10,873 - Clicking element: ('xpath', "//span[text()='AC']")
2026-02-18 14:36:10,904 - Clicking element: ('xpath', "//span[text()='AC']")
2026-02-18 14:36:10,935 - Clicking element: ('xpath', "//span[text()='AC']")
2026-02-18 14:36:10,967 - Clicking element: ('xpath', "//span[text()='AC']")
2026-02-18 14:36:11,013 - Clicking element: ('xpath', "//span[text()='AC']")
2026-02-18 14:36:11,045 - Clicking element: ('xpath', "//span[text()='AC']")
2026-02-18 14:36:11,076 - Clicking element: ('xpath', "//span[text()='AC']")
2026-02-18 14:36:11,123 - Clicking element: ('xpath', "//span[text()='AC']")
2026-02-18 14:36:11,154 - Clicking element: ('xpath', "//span[text()='AC']")
2026-02-18 14:36:11,185 - Clicking element: ('xpath', "//span[text()='AC']")
2026-02-18 14:36:11,216 - Clicking element: ('xpath', "//span[text()='AC']")
2026-02-18 14:36:11,263 - Clicking element: ('xpath', "//span[text()='AC']")
2026-02-18 14:36:11,295 - Clicking element: ('xpath', "//span[text()='AC']")
2026-02-18 14:36:11,326 - Clicking element: ('xpath', "//span[text()='AC']")
2026-02-18 14:36:11,373 - Clicking element: ('xpath', "//span[text()='AC']")
2026-02-18 14:36:11,404 - Clicking element: ('xpath', "//span[text()='AC']")
2026-02-18 14:36:11,435 - Clicking element: ('xpath', "//span[text()='AC']")
2026-02-18 14:36:11,466 - Clicking element: ('xpath', "//span[text()='AC']")
2026-02-18 14:36:11,498 - Clicking element: ('xpath', "//span[text()='AC']")
2026-02-18 14:36:11,545 - Clicking element: ('xpath', "//span[text()='AC']")
2026-02-18 14:36:11,576 - Clicking element: ('xpath', "//span[text()='AC']")
2026-02-18 14:36:11,607 - Clicking element: ('xpath', "//span[text()='AC']")
2026-02-18 14:36:11,638 - Clicking element: ('xpath', "//span[text()='AC']")
2026-02-18 14:36:11,670 - Clicking element: ('xpath', "//span[text()='AC']")
2026-02-18 14:36:11,716 - Clicking element: ('xpath', "//span[text()='AC']")
2026-02-18 14:36:11,748 - Clicking element: ('xpath', "//span[text()='AC']")
2026-02-18 14:36:11,779 - Clicking element: ('xpath', "//span[text()='AC']")
2026-02-18 14:36:11,810 - Clicking element: ('xpath', "//span[text()='AC']")
2026-02-18 14:36:11,857 - Clicking element: ('xpath', "//span[text()='AC']")
2026-02-18 14:36:11,888 - Clicking element: ('xpath', "//span[text()='AC']")
2026-02-18 14:36:11,919 - Clicking element: ('xpath', "//span[text()='AC']")
2026-02-18 14:36:11,951 - Clicking element: ('xpath', "//span[text()='AC']")
2026-02-18 14:36:11,982 - Clicking element: ('xpath', "//span[text()='AC']")
2026-02-18 14:36:12,029 - Clicking element: ('xpath', "//span[text()='AC']")
2026-02-18 14:36:12,060 - Clicking element: ('xpath', "//span[text()='AC']")
2026-02-18 14:36:12,091 - Clicking element: ('xpath', "//span[text()='AC']")
2026-02-18 14:36:12,123 - Clicking element: ('xpath', "//span[text()='AC']")
2026-02-18 14:36:12,169 - Clicking element: ('xpath', "//span[text()='AC']")
2026-02-18 14:36:12,201 - Clicking element: ('xpath', "//span[text()='AC']")
2026-02-18 14:36:12,232 - Clicking element: ('xpath', "//span[text()='AC']")
2026-02-18 14:36:12,279 - Clicking element: ('xpath', "//span[text()='AC']")
2026-02-18 14:39:26,964 - Clicking element: ('xpath', "//span[text()='Price']")
2026-02-18 14:39:29,914 - Clicking element: ('xpath', "//span[text()='Price']")
2026-02-18 14:39:29,992 - Clicking element: ('xpath', "//span[text()='Price']")
2026-02-18 14:39:30,039 - Clicking element: ('xpath', "//span[text()='Price']")
2026-02-18 14:39:30,100 - Clicking element: ('xpath', "//span[text()='Price']")
2026-02-18 14:39:30,141 - Clicking element: ('xpath', "//span[text()='Price']")
2026-02-18 14:39:30,188 - Clicking element: ('xpath', "//span[text()='Price']")
2026-02-18 14:39:30,266 - Clicking element: ('xpath', "//span[text()='Price']")
2026-02-18 14:39:30,344 - Clicking element: ('xpath', "//span[text()='Price']")
2026-02-18 14:39:30,391 - Clicking element: ('xpath', "//span[text()='Price']")
2026-02-18 14:39:30,422 - Clicking element: ('xpath', "//span[text()='Price']")
2026-02-18 14:39:30,469 - Clicking element: ('xpath', "//span[text()='Price']")
2026-02-18 14:39:30,516 - Clicking element: ('xpath', "//span[text()='Price']")
2026-02-18 14:39:30,547 - Clicking element: ('xpath', "//span[text()='Price']")
2026-02-18 14:39:30,610 - Clicking element: ('xpath', "//span[text()='Price']")
2026-02-18 14:39:30,641 - Clicking element: ('xpath', "//span[text()='Price']")
2026-02-18 14:39:30,688 - Clicking element: ('xpath', "//span[text()='Price']")
2026-02-18 14:39:30,719 - Clicking element: ('xpath', "//span[text()='Price']")
2026-02-18 14:39:30,766 - Clicking element: ('xpath', "//span[text()='Price']")
2026-02-18 14:39:30,797 - Clicking element: ('xpath', "//span[text()='Price']")
2026-02-18 14:39:30,844 - Clicking element: ('xpath', "//span[text()='Price']")
2026-02-18 14:39:30,875 - Clicking element: ('xpath', "//span[text()='Price']")
2026-02-18 14:39:30,922 - Clicking element: ('xpath', "//span[text()='Price']")
2026-02-18 14:39:30,969 - Clicking element: ('xpath', "//span[text()='Price']")
2026-02-18 14:39:31,016 - Clicking element: ('xpath', "//span[text()='Price']")
2026-02-18 14:39:31,047 - Clicking element: ('xpath', "//span[text()='Price']")
2026-02-18 14:39:31,094 - Clicking element: ('xpath', "//span[text()='Price']")
2026-02-18 14:39:31,125 - Clicking element: ('xpath', "//span[text()='Price']")
2026-02-18 14:39:31,172 - Clicking element: ('xpath', "//span[text()='Price']")
2026-02-18 14:39:31,219 - Clicking element: ('xpath', "//span[text()='Price']")
2026-02-18 14:39:31,250 - Clicking element: ('xpath', "//span[text()='Price']")
2026-02-18 14:39:31,297 - Clicking element: ('xpath', "//span[text()='Price']")
2026-02-18 14:39:31,328 - Clicking element: ('xpath', "//span[text()='Price']")
2026-02-18 14:39:31,375 - Clicking element: ('xpath', "//span[text()='Price']")
2026-02-18 14:39:31,422 - Clicking element: ('xpath', "//span[text()='Price']")
2026-02-18 14:39:31,453 - Clicking element: ('xpath', "//span[text()='Price']")
2026-02-18 14:39:31,500 - Clicking element: ('xpath', "//span[text()='Price']")
2026-02-18 14:39:31,547 - Clicking element: ('xpath', "//span[text()='Price']")
2026-02-18 14:39:31,594 - Clicking element: ('xpath', "//span[text()='Price']")
2026-02-18 14:39:31,641 - Clicking element: ('xpath', "//span[text()='Price']")
2026-02-18 14:39:31,672 - Clicking element: ('xpath', "//span[text()='Price']")
2026-02-18 14:39:31,719 - Clicking element: ('xpath', "//span[text()='Price']")
2026-02-18 14:39:31,766 - Clicking element: ('xpath', "//span[text()='Price']")
2026-02-18 14:39:31,797 - Clicking element: ('xpath', "//span[text()='Price']")
2026-02-18 14:39:31,844 - Clicking element: ('xpath', "//span[text()='Price']")
2026-02-18 14:39:31,891 - Clicking element: ('xpath', "//span[text()='Price']")
2026-02-18 14:39:31,922 - Clicking element: ('xpath', "//span[text()='Price']")
2026-02-18 14:39:31,969 - Clicking element: ('xpath', "//span[text()='Price']")
2026-02-18 14:39:32,016 - Clicking element: ('xpath', "//span[text()='Price']")
2026-02-18 14:39:32,047 - Clicking element: ('xpath', "//span[text()='Price']")
2026-02-18 14:39:32,094 - Clicking element: ('xpath', "//span[text()='Price']")
2026-02-18 14:39:32,141 - Clicking element: ('xpath', "//span[text()='Price']")
2026-02-18 14:39:32,172 - Clicking element: ('xpath', "//span[text()='Price']")
2026-02-18 14:39:32,219 - Clicking element: ('xpath', "//span[text()='Price']")
2026-02-18 14:39:32,250 - Clicking element: ('xpath', "//span[text()='Price']")
2026-02-18 14:39:32,297 - Clicking element: ('xpath', "//span[text()='Price']")
2026-02-18 14:39:32,328 - Clicking element: ('xpath', "//span[text()='Price']")
2026-02-18 14:39:32,375 - Clicking element: ('xpath', "//span[text()='Price']")
2026-02-18 14:39:32,406 - Clicking element: ('xpath', "//span[text()='Price']")
2026-02-18 14:39:32,453 - Clicking element: ('xpath', "//span[text()='Price']")
2026-02-18 14:39:32,484 - Clicking element: ('xpath', "//span[text()='Price']")
2026-02-18 14:39:32,531 - Clicking element: ('xpath', "//span[text()='Price']")
2026-02-18 14:39:32,562 - Clicking element: ('xpath', "//span[text()='Price']")
2026-02-18 14:39:32,609 - Clicking element: ('xpath', "//span[text()='Price']")
2026-02-18 14:39:32,641 - Clicking element: ('xpath', "//span[text()='Price']")
2026-02-18 14:39:32,687 - Clicking element: ('xpath', "//span[text()='Price']")
2026-02-18 14:39:32,734 - Clicking element: ('xpath', "//span[text()='Price']")
2026-02-18 14:39:32,766 - Clicking element: ('xpath', "//span[text()='Price']")
2026-02-18 14:39:32,812 - Clicking element: ('xpath', "//span[text()='Price']")
2026-02-18 14:39:32,844 - Clicking element: ('xpath', "//span[text()='Price']")
2026-02-18 14:39:32,890 - Clicking element: ('xpath', "//span[text()='Price']")
2026-02-18 14:39:32,922 - Clicking element: ('xpath', "//span[text()='Price']")
2026-02-18 14:39:32,969 - Clicking element: ('xpath', "//span[text()='Price']")
2026-02-18 14:39:33,000 - Clicking element: ('xpath', "//span[text()='Price']")
2026-02-18 14:39:33,047 - Clicking element: ('xpath', "//span[text()='Price']")
2026-02-18 14:39:33,094 - Clicking element: ('xpath', "//span[text()='Price']")
2026-02-18 14:39:33,125 - Clicking element: ('xpath', "//span[text()='Price']")
2026-02-18 14:39:33,172 - Clicking element: ('xpath', "//span[text()='Price']")
2026-02-18 14:39:33,219 - Clicking element: ('xpath', "//span[text()='Price']")
2026-02-18 14:39:33,250 - Clicking element: ('xpath', "//span[text()='Price']")
2026-02-18 14:39:33,297 - Clicking element: ('xpath', "//span[text()='Price']")
2026-02-18 14:39:33,343 - Clicking element: ('xpath', "//span[text()='Price']")
2026-02-18 14:39:33,375 - Clicking element: ('xpath', "//span[text()='Price']")
2026-02-18 14:39:33,406 - Clicking element: ('xpath', "//span[text()='Price']")
2026-02-18 14:39:33,437 - Clicking element: ('xpath', "//span[text()='Price']")
2026-02-18 14:39:33,484 - Clicking element: ('xpath', "//span[text()='Price']")
2026-02-18 14:39:33,515 - Clicking element: ('xpath', "//span[text()='Price']")
2026-02-18 14:39:33,562 - Clicking element: ('xpath', "//span[text()='Price']")
2026-02-18 14:39:33,609 - Clicking element: ('xpath', "//span[text()='Price']")
2026-02-18 14:39:33,640 - Clicking element: ('xpath', "//span[text()='Price']")
2026-02-18 14:39:33,687 - Clicking element: ('xpath', "//span[text()='Price']")
2026-02-18 14:39:33,734 - Clicking element: ('xpath', "//span[text()='Price']")
2026-02-18 14:39:33,781 - Clicking element: ('xpath', "//span[text()='Price']")
2026-02-18 14:39:33,812 - Clicking element: ('xpath', "//span[text()='Price']")
2026-02-18 14:39:33,843 - Clicking element: ('xpath', "//span[text()='Price']")
2026-02-18 14:39:33,890 - Clicking element: ('xpath', "//span[text()='Price']")
2026-02-18 14:39:33,921 - Clicking element: ('xpath', "//span[text()='Price']")
2026-02-18 14:39:33,953 - Clicking element: ('xpath', "//span[text()='Price']")
2026-02-18 14:39:34,000 - Clicking element: ('xpath', "//span[text()='Price']")
2026-02-18 14:39:34,031 - Clicking element: ('xpath', "//span[text()='Price']")
2026-02-18 14:39:34,062 - Clicking element: ('xpath', "//span[text()='Price']")
2026-02-18 14:39:34,093 - Clicking element: ('xpath', "//span[text()='Price']")
2026-02-18 14:39:34,140 - Clicking element: ('xpath', "//span[text()='Price']")
2026-02-18 14:39:34,171 - Clicking element: ('xpath', "//span[text()='Price']")
2026-02-18 14:39:34,218 - Clicking element: ('xpath', "//span[text()='Price']")
2026-02-18 14:39:34,265 - Clicking element: ('xpath', "//span[text()='Price']")
2026-02-18 14:39:34,296 - Clicking element: ('xpath', "//span[text()='Price']")
2026-02-18 14:39:34,328 - Clicking element: ('xpath', "//span[text()='Price']")
2026-02-18 14:39:34,375 - Clicking element: ('xpath', "//span[text()='Price']")
2026-02-18 14:39:34,406 - Clicking element: ('xpath', "//span[text()='Price']")
2026-02-18 14:39:34,437 - Clicking element: ('xpath', "//span[text()='Price']")
2026-02-18 14:39:34,468 - Clicking element: ('xpath', "//span[text()='Price']")
2026-02-18 14:39:34,515 - Clicking element: ('xpath', "//span[text()='Price']")
2026-02-18 14:39:34,546 - Clicking element: ('xpath', "//span[text()='Price']")
2026-02-18 14:39:34,593 - Clicking element: ('xpath', "//span[text()='Price']")
2026-02-18 14:39:34,624 - Clicking element: ('xpath', "//span[text()='Price']")
2026-02-18 14:39:34,671 - Clicking element: ('xpath', "//span[text()='Price']")
2026-02-18 14:39:34,718 - Clicking element: ('xpath', "//span[text()='Price']")
2026-02-18 14:39:34,765 - Clicking element: ('xpath', "//span[text()='Price']")
2026-02-18 14:39:34,796 - Clicking element: ('xpath', "//span[text()='Price']")
2026-02-18 14:39:34,828 - Clicking element: ('xpath', "//span[text()='Price']")
2026-02-18 14:39:34,874 - Clicking element: ('xpath', "//span[text()='Price']")
2026-02-18 14:39:34,906 - Clicking element: ('xpath', "//span[text()='Price']")
2026-02-18 14:39:34,937 - Clicking element: ('xpath', "//span[text()='Price']")
2026-02-18 14:39:34,968 - Clicking element: ('xpath', "//span[text()='Price']")
2026-02-18 14:39:34,999 - Clicking element: ('xpath', "//span[text()='Price']")
2026-02-18 14:39:35,031 - Clicking element: ('xpath', "//span[text()='Price']")
2026-02-18 14:39:35,062 - Clicking element: ('xpath', "//span[text()='Price']")
2026-02-18 14:39:35,109 - Clicking element: ('xpath', "//span[text()='Price']")
2026-02-18 14:39:35,140 - Clicking element: ('xpath', "//span[text()='Price']")
2026-02-18 14:39:35,171 - Clicking element: ('xpath', "//span[text()='Price']")
2026-02-18 14:39:35,202 - Clicking element: ('xpath', "//span[text()='Price']")
2026-02-18 14:39:35,249 - Clicking element: ('xpath', "//span[text()='Price']")
2026-02-18 14:39:35,281 - Clicking element: ('xpath', "//span[text()='Price']")
2026-02-18 14:39:35,312 - Clicking element: ('xpath', "//span[text()='Price']")
2026-02-18 14:39:35,359 - Clicking element: ('xpath', "//span[text()='Price']")
2026-02-18 14:39:35,390 - Clicking element: ('xpath', "//span[text()='Price']")
2026-02-18 14:39:35,421 - Clicking element: ('xpath', "//span[text()='Price']")
2026-02-18 14:39:35,468 - Clicking element: ('xpath', "//span[text()='Price']")
2026-02-18 14:39:35,499 - Clicking element: ('xpath', "//span[text()='Price']")
2026-02-18 14:39:35,530 - Clicking element: ('xpath', "//span[text()='Price']")
2026-02-18 14:39:35,562 - Clicking element: ('xpath', "//span[text()='Price']")
2026-02-18 14:39:35,609 - Clicking element: ('xpath', "//span[text()='Price']")
2026-02-18 14:39:35,640 - Clicking element: ('xpath', "//span[text()='Price']")
2026-02-18 14:39:35,671 - Clicking element: ('xpath', "//span[text()='Price']")
2026-02-18 14:39:35,718 - Clicking element: ('xpath', "//span[text()='Price']")
2026-02-18 14:39:35,749 - Clicking element: ('xpath', "//span[text()='Price']")
2026-02-18 14:39:35,780 - Clicking element: ('xpath', "//span[text()='Price']")
2026-02-18 14:39:35,812 - Clicking element: ('xpath', "//span[text()='Price']")
2026-02-18 14:39:35,859 - Clicking element: ('xpath', "//span[text()='Price']")
2026-02-18 14:39:35,890 - Clicking element: ('xpath', "//span[text()='Price']")
2026-02-18 14:39:35,921 - Clicking element: ('xpath', "//span[text()='Price']")
2026-02-18 14:39:35,952 - Clicking element: ('xpath', "//span[text()='Price']")
2026-02-18 14:39:35,999 - Clicking element: ('xpath', "//span[text()='Price']")
2026-02-18 14:39:36,030 - Clicking element: ('xpath', "//span[text()='Price']")
2026-02-18 14:39:36,062 - Clicking element: ('xpath', "//span[text()='Price']")
2026-02-18 14:39:36,093 - Clicking element: ('xpath', "//span[text()='Price']")
2026-02-18 14:39:36,124 - Clicking element: ('xpath', "//span[text()='Price']")
2026-02-18 14:39:36,155 - Clicking element: ('xpath', "//span[text()='Price']")
2026-02-18 14:39:36,202 - Clicking element: ('xpath', "//span[text()='Price']")
2026-02-18 14:39:36,233 - Clicking element: ('xpath', "//span[text()='Price']")
2026-02-18 14:39:36,265 - Clicking element: ('xpath', "//span[text()='Price']")
2026-02-18 14:39:36,296 - Clicking element: ('xpath', "//span[text()='Price']")
2026-02-18 14:39:36,343 - Clicking element: ('xpath', "//span[text()='Price']")
2026-02-18 14:39:36,374 - Clicking element: ('xpath', "//span[text()='Price']")
2026-02-18 14:39:36,405 - Clicking element: ('xpath', "//span[text()='Price']")
2026-02-18 14:39:36,437 - Clicking element: ('xpath', "//span[text()='Price']")
2026-02-18 14:39:36,468 - Clicking element: ('xpath', "//span[text()='Price']")
2026-02-18 14:39:36,515 - Clicking element: ('xpath', "//span[text()='Price']")
2026-02-18 14:39:36,546 - Clicking element: ('xpath', "//span[text()='Price']")
2026-02-18 14:39:36,577 - Clicking element: ('xpath', "//span[text()='Price']")
2026-02-18 14:39:36,624 - Clicking element: ('xpath', "//span[text()='Price']")
2026-02-18 14:39:36,655 - Clicking element: ('xpath', "//span[text()='Price']")
2026-02-18 14:39:36,686 - Clicking element: ('xpath', "//span[text()='Price']")
2026-02-18 14:39:36,718 - Clicking element: ('xpath', "//span[text()='Price']")
2026-02-18 14:39:36,749 - Clicking element: ('xpath', "//span[text()='Price']")
2026-02-18 14:39:36,780 - Clicking element: ('xpath', "//span[text()='Price']")
2026-02-18 14:39:36,827 - Clicking element: ('xpath', "//span[text()='Price']")
2026-02-18 14:39:36,858 - Clicking element: ('xpath', "//span[text()='Price']")
2026-02-18 14:39:36,890 - Clicking element: ('xpath', "//span[text()='Price']")
2026-02-18 14:39:36,936 - Clicking element: ('xpath', "//span[text()='Price']")
2026-02-18 14:39:36,968 - Clicking element: ('xpath', "//span[text()='Price']")
2026-02-18 14:39:36,999 - Clicking element: ('xpath', "//span[text()='Price']")
2026-02-18 14:39:37,046 - Clicking element: ('xpath', "//span[text()='Price']")
2026-02-18 14:39:37,077 - Clicking element: ('xpath', "//span[text()='Price']")
2026-02-18 14:39:37,108 - Clicking element: ('xpath', "//span[text()='Price']")
2026-02-18 14:39:37,139 - Clicking element: ('xpath', "//span[text()='Price']")
2026-02-18 14:39:37,186 - Clicking element: ('xpath', "//span[text()='Price']")
2026-02-18 14:39:37,218 - Clicking element: ('xpath', "//span[text()='Price']")
2026-02-18 14:39:37,249 - Clicking element: ('xpath', "//span[text()='Price']")
2026-02-18 14:39:37,280 - Clicking element: ('xpath', "//span[text()='Price']")
2026-02-18 14:39:37,327 - Clicking element: ('xpath', "//span[text()='Price']")
2026-02-18 14:39:37,358 - Clicking element: ('xpath', "//span[text()='Price']")
2026-02-18 14:39:37,389 - Clicking element: ('xpath', "//span[text()='Price']")
2026-02-18 14:39:37,436 - Clicking element: ('xpath', "//span[text()='Price']")
2026-02-18 14:39:37,468 - Clicking element: ('xpath', "//span[text()='Price']")
2026-02-18 14:39:37,499 - Clicking element: ('xpath', "//span[text()='Price']")
2026-02-18 14:39:37,530 - Clicking element: ('xpath', "//span[text()='Price']")
2026-02-18 14:39:37,561 - Clicking element: ('xpath', "//span[text()='Price']")
2026-02-18 14:39:37,608 - Clicking element: ('xpath', "//span[text()='Price']")
2026-02-18 14:39:37,639 - Clicking element: ('xpath', "//span[text()='Price']")
2026-02-18 14:39:37,671 - Clicking element: ('xpath', "//span[text()='Price']")
2026-02-18 14:39:37,717 - Clicking element: ('xpath', "//span[text()='Price']")
2026-02-18 14:39:37,749 - Clicking element: ('xpath', "//span[text()='Price']")
2026-02-18 14:39:37,780 - Clicking element: ('xpath', "//span[text()='Price']")
2026-02-18 14:39:37,811 - Clicking element: ('xpath', "//span[text()='Price']")
2026-02-18 14:39:37,858 - Clicking element: ('xpath', "//span[text()='Price']")
2026-02-18 14:39:37,905 - Clicking element: ('xpath', "//span[text()='Price']")
2026-02-18 14:39:37,936 - Clicking element: ('xpath', "//span[text()='Price']")
2026-02-18 14:39:37,967 - Clicking element: ('xpath', "//span[text()='Price']")
2026-02-18 14:39:38,014 - Clicking element: ('xpath', "//span[text()='Price']")
2026-02-18 14:39:38,046 - Clicking element: ('xpath', "//span[text()='Price']")
2026-02-18 14:39:38,077 - Clicking element: ('xpath', "//span[text()='Price']")
2026-02-18 14:39:38,108 - Clicking element: ('xpath', "//span[text()='Price']")
2026-02-18 14:39:38,155 - Clicking element: ('xpath', "//span[text()='Price']")
2026-02-18 14:39:38,186 - Clicking element: ('xpath', "//span[text()='Price']")
2026-02-18 14:39:38,233 - Clicking element: ('xpath', "//span[text()='Price']")
2026-02-18 14:39:38,264 - Clicking element: ('xpath', "//span[text()='Price']")
2026-02-18 14:39:38,295 - Clicking element: ('xpath', "//span[text()='Price']")
2026-02-18 14:39:38,327 - Clicking element: ('xpath', "//span[text()='Price']")
2026-02-18 14:39:38,374 - Clicking element: ('xpath', "//span[text()='Price']")
2026-02-18 14:39:38,405 - Clicking element: ('xpath', "//span[text()='Price']")
2026-02-18 14:39:38,436 - Clicking element: ('xpath', "//span[text()='Price']")
2026-02-18 14:39:38,467 - Clicking element: ('xpath', "//span[text()='Price']")
2026-02-18 14:39:38,499 - Clicking element: ('xpath', "//span[text()='Price']")
2026-02-18 14:39:38,545 - Clicking element: ('xpath', "//span[text()='Price']")
2026-02-18 14:39:38,577 - Clicking element: ('xpath', "//span[text()='Price']")
2026-02-18 14:39:38,624 - Clicking element: ('xpath', "//span[text()='Price']")
2026-02-18 14:39:38,655 - Clicking element: ('xpath', "//span[text()='Price']")
2026-02-18 14:39:38,702 - Clicking element: ('xpath', "//span[text()='Price']")
2026-02-18 14:39:38,733 - Clicking element: ('xpath', "//span[text()='Price']")
2026-02-18 14:39:38,764 - Clicking element: ('xpath', "//span[text()='Price']")
2026-02-18 14:39:38,795 - Clicking element: ('xpath', "//span[text()='Price']")
2026-02-18 14:39:38,842 - Clicking element: ('xpath', "//span[text()='Price']")
2026-02-18 14:39:38,873 - Clicking element: ('xpath', "//span[text()='Price']")
2026-02-18 14:39:38,920 - Clicking element: ('xpath', "//span[text()='Price']")
2026-02-18 14:39:38,952 - Clicking element: ('xpath', "//span[text()='Price']")
2026-02-18 14:39:38,998 - Clicking element: ('xpath', "//span[text()='Price']")
2026-02-18 14:39:39,030 - Clicking element: ('xpath', "//span[text()='Price']")
2026-02-18 14:39:39,061 - Clicking element: ('xpath', "//span[text()='Price']")
2026-02-18 14:39:39,092 - Clicking element: ('xpath', "//span[text()='Price']")
2026-02-18 14:39:39,139 - Clicking element: ('xpath', "//span[text()='Price']")
2026-02-18 14:39:39,170 - Clicking element: ('xpath', "//span[text()='Price']")
2026-02-18 14:39:39,201 - Clicking element: ('xpath', "//span[text()='Price']")
2026-02-18 14:39:39,233 - Clicking element: ('xpath', "//span[text()='Price']")
2026-02-18 14:39:39,280 - Clicking element: ('xpath', "//span[text()='Price']")
2026-02-18 14:39:39,311 - Clicking element: ('xpath', "//span[text()='Price']")
2026-02-18 14:39:39,342 - Clicking element: ('xpath', "//span[text()='Price']")
2026-02-18 14:39:39,389 - Clicking element: ('xpath', "//span[text()='Price']")
2026-02-18 14:39:39,420 - Clicking element: ('xpath', "//span[text()='Price']")
2026-02-18 14:39:39,451 - Clicking element: ('xpath', "//span[text()='Price']")
2026-02-18 14:39:39,498 - Clicking element: ('xpath', "//span[text()='Price']")
2026-02-18 14:39:39,530 - Clicking element: ('xpath', "//span[text()='Price']")
2026-02-18 14:39:39,561 - Clicking element: ('xpath', "//span[text()='Price']")
2026-02-18 14:39:39,592 - Clicking element: ('xpath', "//span[text()='Price']")
2026-02-18 14:39:39,639 - Clicking element: ('xpath', "//span[text()='Price']")
2026-02-18 14:39:39,670 - Clicking element: ('xpath', "//span[text()='Price']")
2026-02-18 14:39:39,701 - Clicking element: ('xpath', "//span[text()='Price']")
2026-02-18 14:39:39,748 - Clicking element: ('xpath', "//span[text()='Price']")
2026-02-18 14:39:39,779 - Clicking element: ('xpath', "//span[text()='Price']")
2026-02-18 14:39:39,811 - Clicking element: ('xpath', "//span[text()='Price']")
2026-02-18 14:39:39,858 - Clicking element: ('xpath', "//span[text()='Price']")
2026-02-18 14:39:39,889 - Clicking element: ('xpath', "//span[text()='Price']")
2026-02-18 14:39:39,920 - Clicking element: ('xpath', "//span[text()='Price']")
2026-02-18 14:39:39,967 - Clicking element: ('xpath', "//span[text()='Price']")
2026-02-18 14:39:39,998 - Clicking element: ('xpath', "//span[text()='Price']")
2026-02-18 14:39:40,029 - Clicking element: ('xpath', "//span[text()='Price']")
2026-02-18 14:39:40,061 - Clicking element: ('xpath', "//span[text()='Price']")
2026-02-18 14:39:40,108 - Clicking element: ('xpath', "//span[text()='Price']")
2026-02-18 14:39:40,139 - Clicking element: ('xpath', "//span[text()='Price']")
2026-02-18 14:39:40,186 - Clicking element: ('xpath', "//span[text()='Price']")
2026-02-18 14:39:40,217 - Clicking element: ('xpath', "//span[text()='Price']")
2026-02-18 14:39:40,264 - Clicking element: ('xpath', "//span[text()='Price']")
2026-02-18 14:39:40,295 - Clicking element: ('xpath', "//span[text()='Price']")
2026-02-18 14:39:40,326 - Clicking element: ('xpath', "//span[text()='Price']")
2026-02-18 14:39:40,373 - Clicking element: ('xpath', "//span[text()='Price']")
2026-02-18 14:39:40,404 - Clicking element: ('xpath', "//span[text()='Price']")
2026-02-18 14:39:40,436 - Clicking element: ('xpath', "//span[text()='Price']")
2026-02-18 14:39:40,482 - Clicking element: ('xpath', "//span[text()='Price']")
2026-02-18 14:39:40,514 - Clicking element: ('xpath', "//span[text()='Price']")
2026-02-18 14:39:40,561 - Clicking element: ('xpath', "//span[text()='Price']")
2026-02-18 14:39:40,592 - Clicking element: ('xpath', "//span[text()='Price']")
2026-02-18 14:39:40,639 - Clicking element: ('xpath', "//span[text()='Price']")
2026-02-18 14:39:40,670 - Clicking element: ('xpath', "//span[text()='Price']")
2026-02-18 14:39:40,701 - Clicking element: ('xpath', "//span[text()='Price']")
2026-02-18 14:39:40,732 - Clicking element: ('xpath', "//span[text()='Price']")
2026-02-18 14:39:40,779 - Clicking element: ('xpath', "//span[text()='Price']")
2026-02-18 14:39:40,811 - Clicking element: ('xpath', "//span[text()='Price']")
2026-02-18 14:39:40,857 - Clicking element: ('xpath', "//span[text()='Price']")
2026-02-18 14:39:40,904 - Clicking element: ('xpath', "//span[text()='Price']")
2026-02-18 14:39:40,951 - Clicking element: ('xpath', "//span[text()='Price']")
2026-02-18 14:39:40,998 - Clicking element: ('xpath', "//span[text()='Price']")
2026-02-18 14:39:41,045 - Clicking element: ('xpath', "//span[text()='Price']")
2026-02-18 14:39:41,076 - Clicking element: ('xpath', "//span[text()='Price']")
2026-02-18 14:39:41,123 - Clicking element: ('xpath', "//span[text()='Price']")
2026-02-18 14:39:41,170 - Clicking element: ('xpath', "//span[text()='Price']")
2026-02-18 14:39:41,201 - Clicking element: ('xpath', "//span[text()='Price']")
2026-02-18 14:39:41,232 - Clicking element: ('xpath', "//span[text()='Price']")
2026-02-18 14:39:41,279 - Clicking element: ('xpath', "//span[text()='Price']")
2026-02-18 14:39:41,310 - Clicking element: ('xpath', "//span[text()='Price']")
2026-02-18 14:39:41,342 - Clicking element: ('xpath', "//span[text()='Price']")
2026-02-18 14:39:41,373 - Clicking element: ('xpath', "//span[text()='Price']")
2026-02-18 14:39:41,420 - Clicking element: ('xpath', "//span[text()='Price']")
2026-02-18 14:39:41,451 - Clicking element: ('xpath', "//span[text()='Price']")
2026-02-18 14:39:41,498 - Clicking element: ('xpath', "//span[text()='Price']")
2026-02-18 14:39:41,529 - Clicking element: ('xpath', "//span[text()='Price']")
2026-02-18 14:39:41,560 - Clicking element: ('xpath', "//span[text()='Price']")
2026-02-18 14:39:41,607 - Clicking element: ('xpath', "//span[text()='Price']")
2026-02-18 14:39:41,638 - Clicking element: ('xpath', "//span[text()='Price']")
2026-02-18 14:39:41,670 - Clicking element: ('xpath', "//span[text()='Price']")
2026-02-18 14:39:41,717 - Clicking element: ('xpath', "//span[text()='Price']")
2026-02-18 14:39:41,748 - Clicking element: ('xpath', "//span[text()='Price']")
2026-02-18 14:39:41,779 - Clicking element: ('xpath', "//span[text()='Price']")
2026-02-18 14:39:41,810 - Clicking element: ('xpath', "//span[text()='Price']")
2026-02-18 14:39:41,857 - Clicking element: ('xpath', "//span[text()='Price']")
2026-02-18 14:39:41,888 - Clicking element: ('xpath', "//span[text()='Price']")
2026-02-18 14:39:41,920 - Clicking element: ('xpath', "//span[text()='Price']")
2026-02-18 14:39:41,966 - Clicking element: ('xpath', "//span[text()='Price']")
2026-02-18 14:39:41,998 - Clicking element: ('xpath', "//span[text()='Price']")
2026-02-18 14:39:42,045 - Clicking element: ('xpath', "//span[text()='Price']")
2026-02-18 14:39:42,076 - Clicking element: ('xpath', "//span[text()='Price']")
2026-02-18 14:39:42,107 - Clicking element: ('xpath', "//span[text()='Price']")
2026-02-18 14:39:42,138 - Clicking element: ('xpath', "//span[text()='Price']")
2026-02-18 14:39:42,185 - Clicking element: ('xpath', "//span[text()='Price']")
2026-02-18 14:39:42,216 - Clicking element: ('xpath', "//span[text()='Price']")
2026-02-18 14:39:42,248 - Clicking element: ('xpath', "//span[text()='Price']")
2026-02-18 14:39:42,279 - Clicking element: ('xpath', "//span[text()='Price']")
2026-02-18 14:39:42,310 - Clicking element: ('xpath', "//span[text()='Price']")
2026-02-18 14:39:42,357 - Clicking element: ('xpath', "//span[text()='Price']")
2026-02-18 14:39:42,388 - Clicking element: ('xpath', "//span[text()='Price']")
2026-02-18 14:39:42,419 - Clicking element: ('xpath', "//span[text()='Price']")
2026-02-18 14:39:42,451 - Clicking element: ('xpath', "//span[text()='Price']")
2026-02-18 14:39:42,498 - Clicking element: ('xpath', "//span[text()='Price']")
2026-02-18 14:39:42,529 - Clicking element: ('xpath', "//span[text()='Price']")
2026-02-18 14:39:42,560 - Clicking element: ('xpath', "//span[text()='Price']")
2026-02-18 14:39:42,591 - Clicking element: ('xpath', "//span[text()='Price']")
2026-02-18 14:39:42,623 - Clicking element: ('xpath', "//span[text()='Price']")
2026-02-18 14:39:42,669 - Clicking element: ('xpath', "//span[text()='Price']")
2026-02-18 14:39:42,701 - Clicking element: ('xpath', "//span[text()='Price']")
2026-02-18 14:39:42,748 - Clicking element: ('xpath', "//span[text()='Price']")
2026-02-18 14:39:42,779 - Clicking element: ('xpath', "//span[text()='Price']")
2026-02-18 14:39:42,810 - Clicking element: ('xpath', "//span[text()='Price']")
2026-02-18 14:39:42,841 - Clicking element: ('xpath', "//span[text()='Price']")
2026-02-18 14:39:42,873 - Clicking element: ('xpath', "//span[text()='Price']")
2026-02-18 14:39:42,919 - Clicking element: ('xpath', "//span[text()='Price']")
2026-02-18 14:39:42,951 - Clicking element: ('xpath', "//span[text()='Price']")
2026-02-18 14:39:42,982 - Clicking element: ('xpath', "//span[text()='Price']")
2026-02-18 14:39:43,013 - Clicking element: ('xpath', "//span[text()='Price']")
2026-02-18 14:39:43,060 - Clicking element: ('xpath', "//span[text()='Price']")
2026-02-18 14:39:43,091 - Clicking element: ('xpath', "//span[text()='Price']")
2026-02-18 14:39:43,122 - Clicking element: ('xpath', "//span[text()='Price']")
2026-02-18 14:39:43,154 - Clicking element: ('xpath', "//span[text()='Price']")
2026-02-18 14:39:43,185 - Clicking element: ('xpath', "//span[text()='Price']")
2026-02-18 14:39:43,232 - Clicking element: ('xpath', "//span[text()='Price']")
2026-02-18 14:39:43,263 - Clicking element: ('xpath', "//span[text()='Price']")
2026-02-18 14:39:43,294 - Clicking element: ('xpath', "//span[text()='Price']")
2026-02-18 14:39:43,326 - Clicking element: ('xpath', "//span[text()='Price']")
2026-02-18 14:39:43,372 - Clicking element: ('xpath', "//span[text()='Price']")
2026-02-18 14:39:43,404 - Clicking element: ('xpath', "//span[text()='Price']")
2026-02-18 14:39:43,435 - Clicking element: ('xpath', "//span[text()='Price']")
2026-02-18 14:39:43,466 - Clicking element: ('xpath', "//span[text()='Price']")
2026-02-18 14:39:43,513 - Clicking element: ('xpath', "//span[text()='Price']")
2026-02-18 14:39:43,544 - Clicking element: ('xpath', "//span[text()='Price']")
2026-02-18 14:39:43,575 - Clicking element: ('xpath', "//span[text()='Price']")
2026-02-18 14:39:43,607 - Clicking element: ('xpath', "//span[text()='Price']")
2026-02-18 14:39:43,654 - Clicking element: ('xpath', "//span[text()='Price']")
2026-02-18 14:39:43,685 - Clicking element: ('xpath', "//span[text()='Price']")
2026-02-18 14:39:43,716 - Clicking element: ('xpath', "//span[text()='Price']")
2026-02-18 14:39:43,763 - Clicking element: ('xpath', "//span[text()='Price']")
2026-02-18 14:39:43,794 - Clicking element: ('xpath', "//span[text()='Price']")
2026-02-18 14:39:43,825 - Clicking element: ('xpath', "//span[text()='Price']")
2026-02-18 14:39:43,857 - Clicking element: ('xpath', "//span[text()='Price']")
2026-02-18 14:39:43,904 - Clicking element: ('xpath', "//span[text()='Price']")
2026-02-18 14:39:43,935 - Clicking element: ('xpath', "//span[text()='Price']")
2026-02-18 14:39:43,966 - Clicking element: ('xpath', "//span[text()='Price']")
2026-02-18 14:39:44,013 - Clicking element: ('xpath', "//span[text()='Price']")
2026-02-18 14:39:44,044 - Clicking element: ('xpath', "//span[text()='Price']")
2026-02-18 14:39:44,075 - Clicking element: ('xpath', "//span[text()='Price']")
2026-02-18 14:39:44,122 - Clicking element: ('xpath', "//span[text()='Price']")
2026-02-18 14:39:44,153 - Clicking element: ('xpath', "//span[text()='Price']")
2026-02-18 14:39:44,185 - Clicking element: ('xpath', "//span[text()='Price']")
2026-02-18 14:39:44,216 - Clicking element: ('xpath', "//span[text()='Price']")
2026-02-18 14:39:44,247 - Clicking element: ('xpath', "//span[text()='Price']")
2026-02-18 14:39:44,294 - Clicking element: ('xpath', "//span[text()='Price']")
2026-02-18 14:39:44,325 - Clicking element: ('xpath', "//span[text()='Price']")
2026-02-18 14:39:44,357 - Clicking element: ('xpath', "//span[text()='Price']")
2026-02-18 14:39:44,388 - Clicking element: ('xpath', "//span[text()='Price']")
2026-02-18 14:39:44,435 - Clicking element: ('xpath', "//span[text()='Price']")
2026-02-18 14:39:44,466 - Clicking element: ('xpath', "//span[text()='Price']")
2026-02-18 14:39:44,497 - Clicking element: ('xpath', "//span[text()='Price']")
2026-02-18 14:39:44,528 - Clicking element: ('xpath', "//span[text()='Price']")
2026-02-18 14:39:44,575 - Clicking element: ('xpath', "//span[text()='Price']")
2026-02-18 14:39:44,606 - Clicking element: ('xpath', "//span[text()='Price']")
2026-02-18 14:39:44,638 - Clicking element: ('xpath', "//span[text()='Price']")
2026-02-18 14:39:44,669 - Clicking element: ('xpath', "//span[text()='Price']")
2026-02-18 14:39:44,700 - Clicking element: ('xpath', "//span[text()='Price']")
2026-02-18 14:39:44,747 - Clicking element: ('xpath', "//span[text()='Price']")
2026-02-18 14:39:44,794 - Clicking element: ('xpath', "//span[text()='Price']")
2026-02-18 14:39:44,825 - Clicking element: ('xpath', "//span[text()='Price']")
2026-02-18 14:39:44,856 - Clicking element: ('xpath', "//span[text()='Price']")
2026-02-18 14:39:44,903 - Clicking element: ('xpath', "//span[text()='Price']")
2026-02-18 14:39:44,935 - Clicking element: ('xpath', "//span[text()='Price']")
2026-02-18 14:39:44,966 - Clicking element: ('xpath', "//span[text()='Price']")
2026-02-18 14:39:44,997 - Clicking element: ('xpath', "//span[text()='Price']")
2026-02-18 14:39:45,044 - Clicking element: ('xpath', "//span[text()='Price']")
2026-02-18 14:39:45,075 - Clicking element: ('xpath', "//span[text()='Price']")
2026-02-18 14:39:45,106 - Clicking element: ('xpath', "//span[text()='Price']")
2026-02-18 14:39:45,153 - Clicking element: ('xpath', "//span[text()='Price']")
2026-02-18 14:39:45,184 - Clicking element: ('xpath', "//span[text()='Price']")
2026-02-18 14:39:45,216 - Clicking element: ('xpath', "//span[text()='Price']")
2026-02-18 14:39:45,263 - Clicking element: ('xpath', "//span[text()='Price']")
2026-02-18 14:39:45,294 - Clicking element: ('xpath', "//span[text()='Price']")
2026-02-18 14:39:45,325 - Clicking element: ('xpath', "//span[text()='Price']")
2026-02-18 14:39:45,372 - Clicking element: ('xpath', "//span[text()='Price']")
2026-02-18 14:39:45,403 - Clicking element: ('xpath', "//span[text()='Price']")
2026-02-18 14:39:45,434 - Clicking element: ('xpath', "//span[text()='Price']")
2026-02-18 14:39:45,481 - Clicking element: ('xpath', "//span[text()='Price']")
2026-02-18 14:39:45,513 - Clicking element: ('xpath', "//span[text()='Price']")
2026-02-18 14:39:45,544 - Clicking element: ('xpath', "//span[text()='Price']")
2026-02-18 14:39:45,575 - Clicking element: ('xpath', "//span[text()='Price']")
2026-02-18 14:39:45,622 - Clicking element: ('xpath', "//span[text()='Price']")
2026-02-18 14:39:45,653 - Clicking element: ('xpath', "//span[text()='Price']")
2026-02-18 14:39:45,700 - Clicking element: ('xpath', "//span[text()='Price']")
2026-02-18 14:39:45,731 - Clicking element: ('xpath', "//span[text()='Price']")
2026-02-18 14:39:45,762 - Clicking element: ('xpath', "//span[text()='Price']")
2026-02-18 14:39:45,809 - Clicking element: ('xpath', "//span[text()='Price']")
2026-02-18 14:39:45,841 - Clicking element: ('xpath', "//span[text()='Price']")
2026-02-18 14:39:45,872 - Clicking element: ('xpath', "//span[text()='Price']")
2026-02-18 14:39:45,919 - Clicking element: ('xpath', "//span[text()='Price']")
2026-02-18 14:39:45,950 - Clicking element: ('xpath', "//span[text()='Price']")
2026-02-18 14:39:45,997 - Clicking element: ('xpath', "//span[text()='Price']")
2026-02-18 14:39:46,028 - Clicking element: ('xpath', "//span[text()='Price']")
2026-02-18 14:39:46,059 - Clicking element: ('xpath', "//span[text()='Price']")
2026-02-18 14:39:46,090 - Clicking element: ('xpath', "//span[text()='Price']")
2026-02-18 14:39:46,137 - Clicking element: ('xpath', "//span[text()='Price']")
2026-02-18 14:39:46,169 - Clicking element: ('xpath', "//span[text()='Price']")
2026-02-18 14:39:46,215 - Clicking element: ('xpath', "//span[text()='Price']")
2026-02-18 14:39:46,247 - Clicking element: ('xpath', "//span[text()='Price']")
2026-02-18 14:39:46,278 - Clicking element: ('xpath', "//span[text()='Price']")
2026-02-18 14:39:46,309 - Clicking element: ('xpath', "//span[text()='Price']")
2026-02-18 14:39:46,340 - Clicking element: ('xpath', "//span[text()='Price']")
2026-02-18 14:39:46,372 - Clicking element: ('xpath', "//span[text()='Price']")
2026-02-18 14:39:46,419 - Clicking element: ('xpath', "//span[text()='Price']")
2026-02-18 14:39:46,450 - Clicking element: ('xpath', "//span[text()='Price']")
2026-02-18 14:39:46,481 - Clicking element: ('xpath', "//span[text()='Price']")
2026-02-18 14:39:46,512 - Clicking element: ('xpath', "//span[text()='Price']")
2026-02-18 14:39:46,559 - Clicking element: ('xpath', "//span[text()='Price']")
2026-02-18 14:39:46,590 - Clicking element: ('xpath', "//span[text()='Price']")
2026-02-18 14:39:46,622 - Clicking element: ('xpath', "//span[text()='Price']")
2026-02-18 14:39:46,653 - Clicking element: ('xpath', "//span[text()='Price']")
2026-02-18 14:39:46,700 - Clicking element: ('xpath', "//span[text()='Price']")
2026-02-18 14:39:46,731 - Clicking element: ('xpath', "//span[text()='Price']")
2026-02-18 14:39:46,778 - Clicking element: ('xpath', "//span[text()='Price']")
2026-02-18 14:39:46,809 - Clicking element: ('xpath', "//span[text()='Price']")
2026-02-18 14:39:46,840 - Clicking element: ('xpath', "//span[text()='Price']")
2026-02-18 14:39:46,872 - Clicking element: ('xpath', "//span[text()='Price']")
2026-02-18 14:39:46,918 - Clicking element: ('xpath', "//span[text()='Price']")
2026-02-18 14:39:46,950 - Clicking element: ('xpath', "//span[text()='Price']")
2026-02-18 14:39:46,981 - Clicking element: ('xpath', "//span[text()='Price']")
2026-02-18 14:39:47,012 - Clicking element: ('xpath', "//span[text()='Price']")
2026-02-18 14:39:47,043 - Clicking element: ('xpath', "//span[text()='Price']")
2026-02-18 14:39:47,090 - Clicking element: ('xpath', "//span[text()='Price']")
2026-02-18 14:39:47,122 - Clicking element: ('xpath', "//span[text()='Price']")
2026-02-18 14:39:47,153 - Clicking element: ('xpath', "//span[text()='Price']")
2026-02-18 14:39:47,184 - Clicking element: ('xpath', "//span[text()='Price']")
2026-02-18 14:39:47,231 - Clicking element: ('xpath', "//span[text()='Price']")
2026-02-18 14:39:47,262 - Clicking element: ('xpath', "//span[text()='Price']")
2026-02-18 14:39:47,293 - Clicking element: ('xpath', "//span[text()='Price']")
2026-02-18 14:39:47,340 - Clicking element: ('xpath', "//span[text()='Price']")
2026-02-18 14:39:47,371 - Clicking element: ('xpath', "//span[text()='Price']")
2026-02-18 14:39:47,418 - Clicking element: ('xpath', "//span[text()='Price']")
2026-02-18 14:39:47,450 - Clicking element: ('xpath', "//span[text()='Price']")
2026-02-18 14:39:47,496 - Clicking element: ('xpath', "//span[text()='Price']")
2026-02-18 14:39:47,528 - Clicking element: ('xpath', "//span[text()='Price']")
2026-02-18 14:39:47,559 - Clicking element: ('xpath', "//span[text()='Price']")
2026-02-18 14:39:47,590 - Clicking element: ('xpath', "//span[text()='Price']")
2026-02-18 14:39:47,637 - Clicking element: ('xpath', "//span[text()='Price']")
2026-02-18 14:39:47,668 - Clicking element: ('xpath', "//span[text()='Price']")
2026-02-18 14:39:47,793 - Clicking element: ('xpath', "//span[text()='Price']")
2026-02-18 14:39:47,840 - Clicking element: ('xpath', "//span[text()='Price']")
2026-02-18 14:39:47,871 - Clicking element: ('xpath', "//span[text()='Price']")
2026-02-18 14:39:47,918 - Clicking element: ('xpath', "//span[text()='Price']")
2026-02-18 14:39:47,949 - Clicking element: ('xpath', "//span[text()='Price']")
2026-02-18 14:39:47,981 - Clicking element: ('xpath', "//span[text()='Price']")
2026-02-18 14:39:48,028 - Clicking element: ('xpath', "//span[text()='Price']")
2026-02-18 14:39:48,059 - Clicking element: ('xpath', "//span[text()='Price']")
2026-02-18 14:39:48,090 - Clicking element: ('xpath', "//span[text()='Price']")
2026-02-18 14:39:48,121 - Clicking element: ('xpath', "//span[text()='Price']")
2026-02-18 14:39:48,153 - Clicking element: ('xpath', "//span[text()='Price']")
2026-02-18 14:39:48,199 - Clicking element: ('xpath', "//span[text()='Price']")
2026-02-18 14:39:48,231 - Clicking element: ('xpath', "//span[text()='Price']")
2026-02-18 14:39:48,262 - Clicking element: ('xpath', "//span[text()='Price']")
2026-02-18 14:39:48,309 - Clicking element: ('xpath', "//span[text()='Price']")
2026-02-18 14:39:48,340 - Clicking element: ('xpath', "//span[text()='Price']")
2026-02-18 14:39:48,371 - Clicking element: ('xpath', "//span[text()='Price']")
2026-02-18 14:39:48,418 - Clicking element: ('xpath', "//span[text()='Price']")
2026-02-18 14:39:48,449 - Clicking element: ('xpath', "//span[text()='Price']")
2026-02-18 14:39:48,481 - Clicking element: ('xpath', "//span[text()='Price']")
2026-02-18 14:39:48,512 - Clicking element: ('xpath', "//span[text()='Price']")
2026-02-18 14:39:48,543 - Clicking element: ('xpath', "//span[text()='Price']")
2026-02-18 14:39:48,574 - Clicking element: ('xpath', "//span[text()='Price']")
2026-02-18 14:39:48,621 - Clicking element: ('xpath', "//span[text()='Price']")
2026-02-18 14:39:48,652 - Clicking element: ('xpath', "//span[text()='Price']")
2026-02-18 14:39:48,684 - Clicking element: ('xpath', "//span[text()='Price']")
2026-02-18 14:39:48,715 - Clicking element: ('xpath', "//span[text()='Price']")
2026-02-18 14:39:48,762 - Clicking element: ('xpath', "//span[text()='Price']")
2026-02-18 14:39:48,793 - Clicking element: ('xpath', "//span[text()='Price']")
2026-02-18 14:39:48,824 - Clicking element: ('xpath', "//span[text()='Price']")
2026-02-18 14:39:48,855 - Clicking element: ('xpath', "//span[text()='Price']")
2026-02-18 14:39:48,887 - Clicking element: ('xpath', "//span[text()='Price']")
2026-02-18 14:39:48,918 - Clicking element: ('xpath', "//span[text()='Price']")
2026-02-18 14:39:48,949 - Clicking element: ('xpath', "//span[text()='Price']")
2026-02-18 14:39:48,996 - Clicking element: ('xpath', "//span[text()='Price']")
2026-02-18 14:39:49,027 - Clicking element: ('xpath', "//span[text()='Price']")
2026-02-18 14:39:49,059 - Clicking element: ('xpath', "//span[text()='Price']")
2026-02-18 14:39:49,090 - Clicking element: ('xpath', "//span[text()='Price']")
2026-02-18 14:39:49,137 - Clicking element: ('xpath', "//span[text()='Price']")
2026-02-18 14:39:49,168 - Clicking element: ('xpath', "//span[text()='Price']")
2026-02-18 14:39:49,199 - Clicking element: ('xpath', "//span[text()='Price']")
2026-02-18 14:39:49,246 - Clicking element: ('xpath', "//span[text()='Price']")
2026-02-18 14:39:49,277 - Clicking element: ('xpath', "//span[text()='Price']")
2026-02-18 14:39:49,308 - Clicking element: ('xpath', "//span[text()='Price']")
2026-02-18 14:39:49,340 - Clicking element: ('xpath', "//span[text()='Price']")
2026-02-18 14:39:49,387 - Clicking element: ('xpath', "//span[text()='Price']")
2026-02-18 14:39:49,418 - Clicking element: ('xpath', "//span[text()='Price']")
2026-02-18 14:39:49,449 - Clicking element: ('xpath', "//span[text()='Price']")
2026-02-18 14:39:49,480 - Clicking element: ('xpath', "//span[text()='Price']")
2026-02-18 14:39:49,512 - Clicking element: ('xpath', "//span[text()='Price']")
2026-02-18 14:39:49,558 - Clicking element: ('xpath', "//span[text()='Price']")
2026-02-18 14:39:49,590 - Clicking element: ('xpath', "//span[text()='Price']")
2026-02-18 14:39:49,637 - Clicking element: ('xpath', "//span[text()='Price']")
2026-02-18 14:39:49,668 - Clicking element: ('xpath', "//span[text()='Price']")
2026-02-18 14:39:49,699 - Clicking element: ('xpath', "//span[text()='Price']")
2026-02-18 14:39:49,730 - Clicking element: ('xpath', "//span[text()='Price']")
2026-02-18 14:39:49,762 - Clicking element: ('xpath', "//span[text()='Price']")
2026-02-18 14:39:49,793 - Clicking element: ('xpath', "//span[text()='Price']")
2026-02-18 14:39:49,824 - Clicking element: ('xpath', "//span[text()='Price']")
2026-02-18 14:39:49,871 - Clicking element: ('xpath', "//span[text()='Price']")
2026-02-18 14:39:49,902 - Clicking element: ('xpath', "//span[text()='Price']")
2026-02-18 14:39:49,933 - Clicking element: ('xpath', "//span[text()='Price']")
2026-02-18 14:39:49,965 - Clicking element: ('xpath', "//span[text()='Price']")
2026-02-18 14:39:49,996 - Clicking element: ('xpath', "//span[text()='Price']")
2026-02-18 14:39:50,027 - Clicking element: ('xpath', "//span[text()='Price']")
2026-02-18 14:39:50,058 - Clicking element: ('xpath', "//span[text()='Price']")
2026-02-18 14:39:50,090 - Clicking element: ('xpath', "//span[text()='Price']")
2026-02-18 14:39:50,136 - Clicking element: ('xpath', "//span[text()='Price']")
2026-02-18 14:39:50,168 - Clicking element: ('xpath', "//span[text()='Price']")
2026-02-18 14:39:50,215 - Clicking element: ('xpath', "//span[text()='Price']")
2026-02-18 14:39:50,246 - Clicking element: ('xpath', "//span[text()='Price']")
2026-02-18 14:39:50,277 - Clicking element: ('xpath', "//span[text()='Price']")
2026-02-18 14:39:50,324 - Clicking element: ('xpath', "//span[text()='Price']")
2026-02-18 14:39:50,355 - Clicking element: ('xpath', "//span[text()='Price']")
2026-02-18 14:39:50,386 - Clicking element: ('xpath', "//span[text()='Price']")
2026-02-18 14:39:50,433 - Clicking element: ('xpath', "//span[text()='Price']")
2026-02-18 14:39:50,464 - Clicking element: ('xpath', "//span[text()='Price']")
2026-02-18 14:39:50,511 - Clicking element: ('xpath', "//span[text()='Price']")
2026-02-18 14:39:50,558 - Clicking element: ('xpath', "//span[text()='Price']")
2026-02-18 14:39:50,589 - Clicking element: ('xpath', "//span[text()='Price']")
2026-02-18 14:39:50,636 - Clicking element: ('xpath', "//span[text()='Price']")
2026-02-18 14:39:50,668 - Clicking element: ('xpath', "//span[text()='Price']")
2026-02-18 14:39:50,699 - Clicking element: ('xpath', "//span[text()='Price']")
2026-02-18 14:39:50,746 - Clicking element: ('xpath', "//span[text()='Price']")
2026-02-18 14:39:50,777 - Clicking element: ('xpath', "//span[text()='Price']")
2026-02-18 14:39:50,824 - Clicking element: ('xpath', "//span[text()='Price']")
2026-02-18 14:39:50,855 - Clicking element: ('xpath', "//span[text()='Price']")
2026-02-18 14:39:50,902 - Clicking element: ('xpath', "//span[text()='Price']")
2026-02-18 14:39:50,933 - Clicking element: ('xpath', "//span[text()='Price']")
2026-02-18 14:39:50,964 - Clicking element: ('xpath', "//span[text()='Price']")
2026-02-18 14:39:50,996 - Clicking element: ('xpath', "//span[text()='Price']")
2026-02-18 14:39:51,042 - Clicking element: ('xpath', "//span[text()='Price']")
2026-02-18 14:39:51,074 - Clicking element: ('xpath', "//span[text()='Price']")
2026-02-18 14:39:51,105 - Clicking element: ('xpath', "//span[text()='Price']")
2026-02-18 14:39:51,136 - Clicking element: ('xpath', "//span[text()='Price']")
2026-02-18 14:39:51,183 - Clicking element: ('xpath', "//span[text()='Price']")
2026-02-18 14:39:51,214 - Clicking element: ('xpath', "//span[text()='Price']")
2026-02-18 14:39:51,246 - Clicking element: ('xpath', "//span[text()='Price']")
2026-02-18 14:39:51,277 - Clicking element: ('xpath', "//span[text()='Price']")
2026-02-18 14:39:51,324 - Clicking element: ('xpath', "//span[text()='Price']")
2026-02-18 14:39:51,355 - Clicking element: ('xpath', "//span[text()='Price']")
2026-02-18 14:39:51,402 - Clicking element: ('xpath', "//span[text()='Price']")
2026-02-18 14:39:51,433 - Clicking element: ('xpath', "//span[text()='Price']")
2026-02-18 14:39:51,464 - Clicking element: ('xpath', "//span[text()='Price']")
2026-02-18 14:39:51,511 - Clicking element: ('xpath', "//span[text()='Price']")
2026-02-18 14:39:51,542 - Clicking element: ('xpath', "//span[text()='Price']")
2026-02-18 14:39:51,574 - Clicking element: ('xpath', "//span[text()='Price']")
2026-02-18 14:39:51,620 - Clicking element: ('xpath', "//span[text()='Price']")
2026-02-18 14:39:51,652 - Clicking element: ('xpath', "//span[text()='Price']")
2026-02-18 14:39:51,683 - Clicking element: ('xpath', "//span[text()='Price']")
2026-02-18 14:39:51,714 - Clicking element: ('xpath', "//span[text()='Price']")
2026-02-18 14:39:51,745 - Clicking element: ('xpath', "//span[text()='Price']")
2026-02-18 14:39:51,777 - Clicking element: ('xpath', "//span[text()='Price']")
2026-02-18 14:39:51,824 - Clicking element: ('xpath', "//span[text()='Price']")
2026-02-18 14:39:51,855 - Clicking element: ('xpath', "//span[text()='Price']")
2026-02-18 14:39:51,886 - Clicking element: ('xpath', "//span[text()='Price']")
2026-02-18 14:39:51,917 - Clicking element: ('xpath', "//span[text()='Price']")
2026-02-18 14:39:51,948 - Clicking element: ('xpath', "//span[text()='Price']")
2026-02-18 14:39:51,980 - Clicking element: ('xpath', "//span[text()='Price']")
2026-02-18 14:39:52,027 - Clicking element: ('xpath', "//span[text()='Price']")
2026-02-18 14:39:52,058 - Clicking element: ('xpath', "//span[text()='Price']")
2026-02-18 14:39:52,089 - Clicking element: ('xpath', "//span[text()='Price']")
2026-02-18 14:39:52,120 - Clicking element: ('xpath', "//span[text()='Price']")
2026-02-18 14:39:52,152 - Clicking element: ('xpath', "//span[text()='Price']")
2026-02-18 14:39:52,183 - Clicking element: ('xpath', "//span[text()='Price']")
2026-02-18 14:39:52,214 - Clicking element: ('xpath', "//span[text()='Price']")
2026-02-18 14:39:52,261 - Clicking element: ('xpath', "//span[text()='Price']")
2026-02-18 14:39:52,292 - Clicking element: ('xpath', "//span[text()='Price']")
2026-02-18 14:39:52,323 - Clicking element: ('xpath', "//span[text()='Price']")
2026-02-18 14:39:52,355 - Clicking element: ('xpath', "//span[text()='Price']")
2026-02-18 14:39:52,402 - Clicking element: ('xpath', "//span[text()='Price']")
2026-02-18 14:39:52,433 - Clicking element: ('xpath', "//span[text()='Price']")
2026-02-18 14:39:52,464 - Clicking element: ('xpath', "//span[text()='Price']")
2026-02-18 14:39:52,495 - Clicking element: ('xpath', "//span[text()='Price']")
2026-02-18 14:39:52,526 - Clicking element: ('xpath', "//span[text()='Price']")
2026-02-18 14:39:52,573 - Clicking element: ('xpath', "//span[text()='Price']")
2026-02-18 14:39:52,605 - Clicking element: ('xpath', "//span[text()='Price']")
2026-02-18 14:39:52,636 - Clicking element: ('xpath', "//span[text()='Price']")
2026-02-18 14:39:52,667 - Clicking element: ('xpath', "//span[text()='Price']")
2026-02-18 14:39:52,698 - Clicking element: ('xpath', "//span[text()='Price']")
2026-02-18 14:39:52,730 - Clicking element: ('xpath', "//span[text()='Price']")
2026-02-18 14:39:52,776 - Clicking element: ('xpath', "//span[text()='Price']")
2026-02-18 14:39:52,808 - Clicking element: ('xpath', "//span[text()='Price']")
2026-02-18 14:39:52,839 - Clicking element: ('xpath', "//span[text()='Price']")
2026-02-18 14:39:52,886 - Clicking element: ('xpath', "//span[text()='Price']")
2026-02-18 14:39:52,917 - Clicking element: ('xpath', "//span[text()='Price']")
2026-02-18 14:39:52,948 - Clicking element: ('xpath', "//span[text()='Price']")
2026-02-18 14:39:52,995 - Clicking element: ('xpath', "//span[text()='Price']")
2026-02-18 14:39:53,026 - Clicking element: ('xpath', "//span[text()='Price']")
2026-02-18 14:39:53,058 - Clicking element: ('xpath', "//span[text()='Price']")
2026-02-18 14:39:53,089 - Clicking element: ('xpath', "//span[text()='Price']")
2026-02-18 14:39:53,136 - Clicking element: ('xpath', "//span[text()='Price']")
2026-02-18 14:39:53,167 - Clicking element: ('xpath', "//span[text()='Price']")
2026-02-18 14:39:53,198 - Clicking element: ('xpath', "//span[text()='Price']")
2026-02-18 14:39:53,245 - Clicking element: ('xpath', "//span[text()='Price']")
2026-02-18 14:39:53,276 - Clicking element: ('xpath', "//span[text()='Price']")
2026-02-18 14:39:53,308 - Clicking element: ('xpath', "//span[text()='Price']")
2026-02-18 14:39:53,339 - Clicking element: ('xpath', "//span[text()='Price']")
2026-02-18 14:39:53,386 - Clicking element: ('xpath', "//span[text()='Price']")
2026-02-18 14:39:53,417 - Clicking element: ('xpath', "//span[text()='Price']")
2026-02-18 14:39:53,448 - Clicking element: ('xpath', "//span[text()='Price']")
2026-02-18 14:39:53,495 - Clicking element: ('xpath', "//span[text()='Price']")
2026-02-18 14:39:53,526 - Clicking element: ('xpath', "//span[text()='Price']")
2026-02-18 14:39:53,557 - Clicking element: ('xpath', "//span[text()='Price']")
2026-02-18 14:39:53,604 - Clicking element: ('xpath', "//span[text()='Price']")
2026-02-18 14:39:53,636 - Clicking element: ('xpath', "//span[text()='Price']")
2026-02-18 14:39:53,667 - Clicking element: ('xpath', "//span[text()='Price']")
2026-02-18 14:39:53,714 - Clicking element: ('xpath', "//span[text()='Price']")
2026-02-18 14:39:53,745 - Clicking element: ('xpath', "//span[text()='Price']")
2026-02-18 14:39:53,776 - Clicking element: ('xpath', "//span[text()='Price']")
2026-02-18 14:39:53,823 - Clicking element: ('xpath', "//span[text()='Price']")
2026-02-18 14:39:53,854 - Clicking element: ('xpath', "//span[text()='Price']")
2026-02-18 14:39:53,886 - Clicking element: ('xpath', "//span[text()='Price']")
2026-02-18 14:39:53,932 - Clicking element: ('xpath', "//span[text()='Price']")
2026-02-18 14:39:53,964 - Clicking element: ('xpath', "//span[text()='Price']")
2026-02-18 14:39:54,011 - Clicking element: ('xpath', "//span[text()='Price']")
2026-02-18 14:39:54,042 - Clicking element: ('xpath', "//span[text()='Price']")
2026-02-18 14:39:54,073 - Clicking element: ('xpath', "//span[text()='Price']")
2026-02-18 14:39:54,104 - Clicking element: ('xpath', "//span[text()='Price']")
2026-02-18 14:39:54,151 - Clicking element: ('xpath', "//span[text()='Price']")
2026-02-18 14:39:54,198 - Clicking element: ('xpath', "//span[text()='Price']")
2026-02-18 14:39:54,229 - Clicking element: ('xpath', "//span[text()='Price']")
2026-02-18 14:39:54,260 - Clicking element: ('xpath', "//span[text()='Price']")
2026-02-18 14:39:54,307 - Clicking element: ('xpath', "//span[text()='Price']")
2026-02-18 14:39:54,339 - Clicking element: ('xpath', "//span[text()='Price']")
2026-02-18 14:39:54,370 - Clicking element: ('xpath', "//span[text()='Price']")
2026-02-18 14:39:54,417 - Clicking element: ('xpath', "//span[text()='Price']")
2026-02-18 14:39:54,448 - Clicking element: ('xpath', "//span[text()='Price']")
2026-02-18 14:39:54,479 - Clicking element: ('xpath', "//span[text()='Price']")
2026-02-18 14:39:54,510 - Clicking element: ('xpath', "//span[text()='Price']")
2026-02-18 14:39:54,557 - Clicking element: ('xpath', "//span[text()='Price']")
2026-02-18 14:39:54,588 - Clicking element: ('xpath', "//span[text()='Price']")
2026-02-18 14:39:54,635 - Clicking element: ('xpath', "//span[text()='Price']")
2026-02-18 14:39:54,667 - Clicking element: ('xpath', "//span[text()='Price']")
2026-02-18 14:39:54,698 - Clicking element: ('xpath', "//span[text()='Price']")
2026-02-18 14:39:54,729 - Clicking element: ('xpath', "//span[text()='Price']")
2026-02-18 14:39:54,776 - Clicking element: ('xpath', "//span[text()='Price']")
2026-02-18 14:39:54,807 - Clicking element: ('xpath', "//span[text()='Price']")
2026-02-18 14:39:54,838 - Clicking element: ('xpath', "//span[text()='Price']")
2026-02-18 14:39:54,885 - Clicking element: ('xpath', "//span[text()='Price']")
2026-02-18 14:39:54,917 - Clicking element: ('xpath', "//span[text()='Price']")
2026-02-18 14:39:54,948 - Clicking element: ('xpath', "//span[text()='Price']")
2026-02-18 14:39:54,979 - Clicking element: ('xpath', "//span[text()='Price']")
2026-02-18 14:39:55,010 - Clicking element: ('xpath', "//span[text()='Price']")
2026-02-18 14:39:55,057 - Clicking element: ('xpath', "//span[text()='Price']")
2026-02-18 14:39:55,088 - Clicking element: ('xpath', "//span[text()='Price']")
2026-02-18 14:39:55,135 - Clicking element: ('xpath', "//span[text()='Price']")
2026-02-18 14:39:55,166 - Clicking element: ('xpath', "//span[text()='Price']")
2026-02-18 14:39:55,213 - Clicking element: ('xpath', "//span[text()='Price']")
2026-02-18 14:39:55,245 - Clicking element: ('xpath', "//span[text()='Price']")
2026-02-18 14:39:55,276 - Clicking element: ('xpath', "//span[text()='Price']")
2026-02-18 14:39:55,307 - Clicking element: ('xpath', "//span[text()='Price']")
2026-02-18 14:39:55,354 - Clicking element: ('xpath', "//span[text()='Price']")
2026-02-18 14:39:55,385 - Clicking element: ('xpath', "//span[text()='Price']")
2026-02-18 14:39:55,416 - Clicking element: ('xpath', "//span[text()='Price']")
2026-02-18 14:39:55,463 - Clicking element: ('xpath', "//span[text()='Price']")
2026-02-18 14:39:55,495 - Clicking element: ('xpath', "//span[text()='Price']")
2026-02-18 14:39:55,526 - Clicking element: ('xpath', "//span[text()='Price']")
2026-02-18 14:39:55,573 - Clicking element: ('xpath', "//span[text()='Price']")
2026-02-18 14:39:55,604 - Clicking element: ('xpath', "//span[text()='Price']")
2026-02-18 14:39:55,635 - Clicking element: ('xpath', "//span[text()='Price']")
2026-02-18 14:39:55,666 - Clicking element: ('xpath', "//span[text()='Price']")
2026-02-18 14:39:55,713 - Clicking element: ('xpath', "//span[text()='Price']")
2026-02-18 14:39:55,744 - Clicking element: ('xpath', "//span[text()='Price']")
2026-02-18 14:39:55,776 - Clicking element: ('xpath', "//span[text()='Price']")
2026-02-18 14:39:55,823 - Clicking element: ('xpath', "//span[text()='Price']")
2026-02-18 14:39:55,854 - Clicking element: ('xpath', "//span[text()='Price']")
2026-02-18 14:39:55,885 - Clicking element: ('xpath', "//span[text()='Price']")
2026-02-18 14:39:55,932 - Clicking element: ('xpath', "//span[text()='Price']")
2026-02-18 14:39:55,963 - Clicking element: ('xpath', "//span[text()='Price']")
2026-02-18 14:39:55,994 - Clicking element: ('xpath', "//span[text()='Price']")
2026-02-18 14:39:56,041 - Clicking element: ('xpath', "//span[text()='Price']")
2026-02-18 14:39:56,073 - Clicking element: ('xpath', "//span[text()='Price']")
2026-02-18 14:39:56,104 - Clicking element: ('xpath', "//span[text()='Price']")
2026-02-18 14:39:56,135 - Clicking element: ('xpath', "//span[text()='Price']")
2026-02-18 14:39:56,182 - Clicking element: ('xpath', "//span[text()='Price']")
2026-02-18 14:39:56,213 - Clicking element: ('xpath', "//span[text()='Price']")
2026-02-18 14:39:56,244 - Clicking element: ('xpath', "//span[text()='Price']")
2026-02-18 14:39:56,276 - Clicking element: ('xpath', "//span[text()='Price']")
2026-02-18 14:39:56,322 - Clicking element: ('xpath', "//span[text()='Price']")
2026-02-18 14:39:56,354 - Clicking element: ('xpath', "//span[text()='Price']")
2026-02-18 14:39:56,385 - Clicking element: ('xpath', "//span[text()='Price']")
2026-02-18 14:39:56,416 - Clicking element: ('xpath', "//span[text()='Price']")
2026-02-18 14:39:56,447 - Clicking element: ('xpath', "//span[text()='Price']")
2026-02-18 14:39:56,479 - Clicking element: ('xpath', "//span[text()='Price']")
2026-02-18 14:39:56,526 - Clicking element: ('xpath', "//span[text()='Price']")
2026-02-18 14:39:56,557 - Clicking element: ('xpath', "//span[text()='Price']")
2026-02-18 14:39:56,588 - Clicking element: ('xpath', "//span[text()='Price']")
2026-02-18 14:39:56,635 - Clicking element: ('xpath', "//span[text()='Price']")
2026-02-18 14:39:56,666 - Clicking element: ('xpath', "//span[text()='Price']")
2026-02-18 14:39:56,697 - Clicking element: ('xpath', "//span[text()='Price']")
2026-02-18 14:39:56,744 - Clicking element: ('xpath', "//span[text()='Price']")
2026-02-18 14:39:56,775 - Clicking element: ('xpath', "//span[text()='Price']")
2026-02-18 14:39:56,807 - Clicking element: ('xpath', "//span[text()='Price']")
2026-02-18 14:39:56,838 - Clicking element: ('xpath', "//span[text()='Price']")
2026-02-18 14:39:56,869 - Clicking element: ('xpath', "//span[text()='Price']")
2026-02-18 14:39:56,900 - Clicking element: ('xpath', "//span[text()='Price']")
2026-02-18 14:39:56,947 - Clicking element: ('xpath', "//span[text()='Price']")
2026-02-18 14:39:56,979 - Clicking element: ('xpath', "//span[text()='Price']")
2026-02-18 14:39:57,010 - Clicking element: ('xpath', "//span[text()='Price']")
2026-02-18 14:39:57,041 - Clicking element: ('xpath', "//span[text()='Price']")
2026-02-18 14:39:57,088 - Clicking element: ('xpath', "//span[text()='Price']")
2026-02-18 14:39:57,119 - Clicking element: ('xpath', "//span[text()='Price']")
2026-02-18 14:39:57,150 - Clicking element: ('xpath', "//span[text()='Price']")
2026-02-18 14:39:57,182 - Clicking element: ('xpath', "//span[text()='Price']")
2026-02-18 14:39:57,228 - Clicking element: ('xpath', "//span[text()='Price']")
2026-02-18 14:39:57,260 - Clicking element: ('xpath', "//span[text()='Price']")
2026-02-18 14:39:57,291 - Clicking element: ('xpath', "//span[text()='Price']")
2026-02-18 14:39:57,322 - Clicking element: ('xpath', "//span[text()='Price']")
2026-02-18 14:39:57,353 - Clicking element: ('xpath', "//span[text()='Price']")
2026-02-18 14:39:57,400 - Clicking element: ('xpath', "//span[text()='Price']")
2026-02-18 14:39:57,432 - Clicking element: ('xpath', "//span[text()='Price']")
2026-02-18 14:39:57,463 - Clicking element: ('xpath', "//span[text()='Price']")
2026-02-18 14:39:57,494 - Clicking element: ('xpath', "//span[text()='Price']")
2026-02-18 14:39:57,525 - Clicking element: ('xpath', "//span[text()='Price']")
2026-02-18 14:39:57,557 - Clicking element: ('xpath', "//span[text()='Price']")
2026-02-18 14:39:57,603 - Clicking element: ('xpath', "//span[text()='Price']")
2026-02-18 14:39:57,635 - Clicking element: ('xpath', "//span[text()='Price']")
2026-02-18 14:39:57,666 - Clicking element: ('xpath', "//span[text()='Price']")
2026-02-18 14:39:57,697 - Clicking element: ('xpath', "//span[text()='Price']")
2026-02-18 14:39:57,728 - Clicking element: ('xpath', "//span[text()='Price']")
2026-02-18 14:39:57,775 - Clicking element: ('xpath', "//span[text()='Price']")
2026-02-18 14:39:57,806 - Clicking element: ('xpath', "//span[text()='Price']")
2026-02-18 14:39:57,838 - Clicking element: ('xpath', "//span[text()='Price']")
2026-02-18 14:39:57,885 - Clicking element: ('xpath', "//span[text()='Price']")
2026-02-18 14:39:57,916 - Clicking element: ('xpath', "//span[text()='Price']")
2026-02-18 14:39:57,947 - Clicking element: ('xpath', "//span[text()='Price']")
2026-02-18 14:39:57,978 - Clicking element: ('xpath', "//span[text()='Price']")
2026-02-18 14:39:58,010 - Clicking element: ('xpath', "//span[text()='Price']")
2026-02-18 14:39:58,056 - Clicking element: ('xpath', "//span[text()='Price']")
2026-02-18 14:39:58,088 - Clicking element: ('xpath', "//span[text()='Price']")
2026-02-18 14:39:58,119 - Clicking element: ('xpath', "//span[text()='Price']")
2026-02-18 14:39:58,150 - Clicking element: ('xpath', "//span[text()='Price']")
2026-02-18 14:39:58,181 - Clicking element: ('xpath', "//span[text()='Price']")
2026-02-18 14:39:58,213 - Clicking element: ('xpath', "//span[text()='Price']")
2026-02-18 14:39:58,260 - Clicking element: ('xpath', "//span[text()='Price']")
2026-02-18 14:39:58,291 - Clicking element: ('xpath', "//span[text()='Price']")
2026-02-18 14:39:58,322 - Clicking element: ('xpath', "//span[text()='Price']")
2026-02-18 14:39:58,353 - Clicking element: ('xpath', "//span[text()='Price']")
2026-02-18 14:39:58,384 - Clicking element: ('xpath', "//span[text()='Price']")
2026-02-18 14:39:58,431 - Clicking element: ('xpath', "//span[text()='Price']")
2026-02-18 14:39:58,494 - Clicking element: ('xpath', "//span[text()='Price']")
2026-02-18 14:39:58,556 - Clicking element: ('xpath', "//span[text()='Price']")
2026-02-18 14:39:58,603 - Clicking element: ('xpath', "//span[text()='Price']")
2026-02-18 14:39:58,634 - Clicking element: ('xpath', "//span[text()='Price']")
2026-02-18 14:39:58,666 - Clicking element: ('xpath', "//span[text()='Price']")
2026-02-18 14:39:58,697 - Clicking element: ('xpath', "//span[text()='Price']")
2026-02-18 14:39:58,728 - Clicking element: ('xpath', "//span[text()='Price']")
2026-02-18 14:39:58,775 - Clicking element: ('xpath', "//span[text()='Price']")
2026-02-18 14:39:58,806 - Clicking element: ('xpath', "//span[text()='Price']")
2026-02-18 14:39:58,837 - Clicking element: ('xpath', "//span[text()='Price']")
2026-02-18 14:39:58,884 - Clicking element: ('xpath', "//span[text()='Price']")
2026-02-18 14:39:58,916 - Clicking element: ('xpath', "//span[text()='Price']")
2026-02-18 14:39:58,947 - Clicking element: ('xpath', "//span[text()='Price']")
2026-02-18 14:39:58,978 - Clicking element: ('xpath', "//span[text()='Price']")
2026-02-18 14:39:59,009 - Clicking element: ('xpath', "//span[text()='Price']")
2026-02-18 14:39:59,056 - Clicking element: ('xpath', "//span[text()='Price']")
2026-02-18 14:39:59,087 - Clicking element: ('xpath', "//span[text()='Price']")
2026-02-18 14:39:59,134 - Clicking element: ('xpath', "//span[text()='Price']")
2026-02-18 14:39:59,166 - Clicking element: ('xpath', "//span[text()='Price']")
2026-02-18 14:39:59,197 - Clicking element: ('xpath', "//span[text()='Price']")
2026-02-18 14:39:59,228 - Clicking element: ('xpath', "//span[text()='Price']")
2026-02-18 14:39:59,275 - Clicking element: ('xpath', "//span[text()='Price']")
2026-02-18 14:39:59,306 - Clicking element: ('xpath', "//span[text()='Price']")
2026-02-18 14:39:59,337 - Clicking element: ('xpath', "//span[text()='Price']")
2026-02-18 14:39:59,384 - Clicking element: ('xpath', "//span[text()='Price']")
2026-02-18 14:39:59,415 - Clicking element: ('xpath', "//span[text()='Price']")
2026-02-18 14:39:59,447 - Clicking element: ('xpath', "//span[text()='Price']")
2026-02-18 14:39:59,478 - Clicking element: ('xpath', "//span[text()='Price']")
2026-02-18 14:39:59,525 - Clicking element: ('xpath', "//span[text()='Price']")
2026-02-18 14:39:59,556 - Clicking element: ('xpath', "//span[text()='Price']")
2026-02-18 14:39:59,587 - Clicking element: ('xpath', "//span[text()='Price']")
2026-02-18 14:39:59,619 - Clicking element: ('xpath', "//span[text()='Price']")
2026-02-18 14:39:59,665 - Clicking element: ('xpath', "//span[text()='Price']")
2026-02-18 14:39:59,697 - Clicking element: ('xpath', "//span[text()='Price']")
2026-02-18 14:39:59,728 - Clicking element: ('xpath', "//span[text()='Price']")
2026-02-18 14:39:59,759 - Clicking element: ('xpath', "//span[text()='Price']")
2026-02-18 14:39:59,806 - Clicking element: ('xpath', "//span[text()='Price']")
2026-02-18 14:39:59,837 - Clicking element: ('xpath', "//span[text()='Price']")
2026-02-18 14:39:59,869 - Clicking element: ('xpath', "//span[text()='Price']")
2026-02-18 14:39:59,900 - Clicking element: ('xpath', "//span[text()='Price']")
2026-02-18 14:39:59,947 - Clicking element: ('xpath', "//span[text()='Price']")
2026-02-18 14:39:59,978 - Clicking element: ('xpath', "//span[text()='Price']")
2026-02-18 14:40:00,040 - Clicking element: ('xpath', "//span[text()='Price']")
2026-02-18 14:40:00,072 - Clicking element: ('xpath', "//span[text()='Price']")
2026-02-18 14:40:00,103 - Clicking element: ('xpath', "//span[text()='Price']")
2026-02-18 14:40:00,150 - Clicking element: ('xpath', "//span[text()='Price']")
2026-02-18 14:40:00,181 - Clicking element: ('xpath', "//span[text()='Price']")
2026-02-18 14:40:00,212 - Clicking element: ('xpath', "//span[text()='Price']")
2026-02-18 14:40:00,243 - Clicking element: ('xpath', "//span[text()='Price']")
2026-02-18 14:40:00,290 - Clicking element: ('xpath', "//span[text()='Price']")
2026-02-18 14:40:00,322 - Clicking element: ('xpath', "//span[text()='Price']")
2026-02-18 14:40:00,353 - Clicking element: ('xpath', "//span[text()='Price']")
2026-02-18 14:40:00,384 - Clicking element: ('xpath', "//span[text()='Price']")
2026-02-18 14:40:00,431 - Clicking element: ('xpath', "//span[text()='Price']")
2026-02-18 14:40:00,462 - Clicking element: ('xpath', "//span[text()='Price']")
2026-02-18 14:40:00,493 - Clicking element: ('xpath', "//span[text()='Price']")
2026-02-18 14:40:00,525 - Clicking element: ('xpath', "//span[text()='Price']")
2026-02-18 14:40:00,556 - Clicking element: ('xpath', "//span[text()='Price']")
2026-02-18 14:40:00,587 - Clicking element: ('xpath', "//span[text()='Price']")
2026-02-18 14:40:00,634 - Clicking element: ('xpath', "//span[text()='Price']")
2026-02-18 14:40:00,665 - Clicking element: ('xpath', "//span[text()='Price']")
2026-02-18 14:40:00,696 - Clicking element: ('xpath', "//span[text()='Price']")
2026-02-18 14:40:00,728 - Clicking element: ('xpath', "//span[text()='Price']")
2026-02-18 14:40:00,775 - Clicking element: ('xpath', "//span[text()='Price']")
2026-02-18 14:40:00,806 - Clicking element: ('xpath', "//span[text()='Price']")
2026-02-18 14:40:00,837 - Clicking element: ('xpath', "//span[text()='Price']")
2026-02-18 14:40:00,868 - Clicking element: ('xpath', "//span[text()='Price']")
2026-02-18 14:40:00,915 - Clicking element: ('xpath', "//span[text()='Price']")
2026-02-18 14:40:00,946 - Clicking element: ('xpath', "//span[text()='Price']")
2026-02-18 14:40:00,978 - Clicking element: ('xpath', "//span[text()='Price']")
2026-02-18 14:40:01,024 - Clicking element: ('xpath', "//span[text()='Price']")
2026-02-18 14:40:01,056 - Clicking element: ('xpath', "//span[text()='Price']")
2026-02-18 14:40:01,087 - Clicking element: ('xpath', "//span[text()='Price']")
2026-02-18 14:40:01,118 - Clicking element: ('xpath', "//span[text()='Price']")
2026-02-18 14:40:01,149 - Clicking element: ('xpath', "//span[text()='Price']")
2026-02-18 14:40:01,181 - Clicking element: ('xpath', "//span[text()='Price']")
2026-02-18 14:40:01,212 - Clicking element: ('xpath', "//span[text()='Price']")
2026-02-18 14:40:01,259 - Clicking element: ('xpath', "//span[text()='Price']")
2026-02-18 14:40:01,290 - Clicking element: ('xpath', "//span[text()='Price']")
2026-02-18 14:40:01,337 - Clicking element: ('xpath', "//span[text()='Price']")
2026-02-18 14:40:01,368 - Clicking element: ('xpath', "//span[text()='Price']")
2026-02-18 14:40:01,399 - Clicking element: ('xpath', "//span[text()='Price']")
2026-02-18 14:40:01,431 - Clicking element: ('xpath', "//span[text()='Price']")
2026-02-18 14:40:01,477 - Clicking element: ('xpath', "//span[text()='Price']")
2026-02-18 14:40:01,509 - Clicking element: ('xpath', "//span[text()='Price']")
2026-02-18 14:40:01,540 - Clicking element: ('xpath', "//span[text()='Price']")
2026-02-18 14:40:01,571 - Clicking element: ('xpath', "//span[text()='Price']")
2026-02-18 14:40:01,618 - Clicking element: ('xpath', "//span[text()='Price']")
2026-02-18 14:40:01,649 - Clicking element: ('xpath', "//span[text()='Price']")
2026-02-18 14:40:01,681 - Clicking element: ('xpath', "//span[text()='Price']")
2026-02-18 14:40:01,712 - Clicking element: ('xpath', "//span[text()='Price']")
2026-02-18 14:40:01,743 - Clicking element: ('xpath', "//span[text()='Price']")
2026-02-18 14:40:01,774 - Clicking element: ('xpath', "//span[text()='Price']")
2026-02-18 14:40:01,821 - Clicking element: ('xpath', "//span[text()='Price']")
2026-02-18 14:40:01,852 - Clicking element: ('xpath', "//span[text()='Price']")
2026-02-18 14:40:01,884 - Clicking element: ('xpath', "//span[text()='Price']")
2026-02-18 14:40:01,915 - Clicking element: ('xpath', "//span[text()='Price']")
2026-02-18 14:40:01,946 - Clicking element: ('xpath', "//span[text()='Price']")
2026-02-18 14:40:01,993 - Clicking element: ('xpath', "//span[text()='Price']")
2026-02-18 14:40:02,024 - Clicking element: ('xpath', "//span[text()='Price']")
2026-02-18 14:40:02,055 - Clicking element: ('xpath', "//span[text()='Price']")
2026-02-18 14:40:02,102 - Clicking element: ('xpath', "//span[text()='Price']")
2026-02-18 14:40:02,134 - Clicking element: ('xpath', "//span[text()='Price']")
2026-02-18 14:40:02,165 - Clicking element: ('xpath', "//span[text()='Price']")
2026-02-18 14:40:02,196 - Clicking element: ('xpath', "//span[text()='Price']")
2026-02-18 14:40:02,227 - Clicking element: ('xpath', "//span[text()='Price']")
2026-02-18 14:40:02,259 - Clicking element: ('xpath', "//span[text()='Price']")
2026-02-18 14:40:02,290 - Clicking element: ('xpath', "//span[text()='Price']")
2026-02-18 14:40:02,337 - Clicking element: ('xpath', "//span[text()='Price']")
2026-02-18 14:40:02,368 - Clicking element: ('xpath', "//span[text()='Price']")
2026-02-18 14:40:02,399 - Clicking element: ('xpath', "//span[text()='Price']")
2026-02-18 14:40:02,430 - Clicking element: ('xpath', "//span[text()='Price']")
2026-02-18 14:40:02,462 - Clicking element: ('xpath', "//span[text()='Price']")
2026-02-18 14:40:02,509 - Clicking element: ('xpath', "//span[text()='Price']")
2026-02-18 14:40:02,540 - Clicking element: ('xpath', "//span[text()='Price']")
2026-02-18 14:40:02,587 - Clicking element: ('xpath', "//span[text()='Price']")
2026-02-18 14:40:02,618 - Clicking element: ('xpath', "//span[text()='Price']")
2026-02-18 14:40:02,649 - Clicking element: ('xpath', "//span[text()='Price']")
2026-02-18 14:40:02,696 - Clicking element: ('xpath', "//span[text()='Price']")
2026-02-18 14:40:02,727 - Clicking element: ('xpath', "//span[text()='Price']")
2026-02-18 14:40:02,758 - Clicking element: ('xpath', "//span[text()='Price']")
2026-02-18 14:40:02,805 - Clicking element: ('xpath', "//span[text()='Price']")
2026-02-18 14:40:02,837 - Clicking element: ('xpath', "//span[text()='Price']")
2026-02-18 14:40:02,868 - Clicking element: ('xpath', "//span[text()='Price']")
2026-02-18 14:40:02,899 - Clicking element: ('xpath', "//span[text()='Price']")
2026-02-18 14:40:02,930 - Clicking element: ('xpath', "//span[text()='Price']")
2026-02-18 14:40:02,977 - Clicking element: ('xpath', "//span[text()='Price']")
2026-02-18 14:40:03,008 - Clicking element: ('xpath', "//span[text()='Price']")
2026-02-18 14:40:03,040 - Clicking element: ('xpath', "//span[text()='Price']")
2026-02-18 14:40:03,071 - Clicking element: ('xpath', "//span[text()='Price']")
2026-02-18 14:40:03,102 - Clicking element: ('xpath', "//span[text()='Price']")
2026-02-18 14:40:03,149 - Clicking element: ('xpath', "//span[text()='Price']")
2026-02-18 14:40:03,180 - Clicking element: ('xpath', "//span[text()='Price']")
2026-02-18 14:40:03,211 - Clicking element: ('xpath', "//span[text()='Price']")
2026-02-18 14:40:03,243 - Clicking element: ('xpath', "//span[text()='Price']")
2026-02-18 14:40:03,290 - Clicking element: ('xpath', "//span[text()='Price']")
2026-02-18 14:40:03,321 - Clicking element: ('xpath', "//span[text()='Price']")
2026-02-18 14:40:03,352 - Clicking element: ('xpath', "//span[text()='Price']")
2026-02-18 14:40:03,383 - Clicking element: ('xpath', "//span[text()='Price']")
2026-02-18 14:40:03,415 - Clicking element: ('xpath', "//span[text()='Price']")
2026-02-18 14:40:03,446 - Clicking element: ('xpath', "//span[text()='Price']")
2026-02-18 14:40:03,493 - Clicking element: ('xpath', "//span[text()='Price']")
2026-02-18 14:40:03,524 - Clicking element: ('xpath', "//span[text()='Price']")
2026-02-18 14:40:03,555 - Clicking element: ('xpath', "//span[text()='Price']")
2026-02-18 14:40:03,586 - Clicking element: ('xpath', "//span[text()='Price']")
2026-02-18 14:40:03,633 - Clicking element: ('xpath', "//span[text()='Price']")
2026-02-18 14:40:03,664 - Clicking element: ('xpath', "//span[text()='Price']")
2026-02-18 14:40:03,696 - Clicking element: ('xpath', "//span[text()='Price']")
2026-02-18 14:40:03,727 - Clicking element: ('xpath', "//span[text()='Price']")
2026-02-18 14:40:03,774 - Clicking element: ('xpath', "//span[text()='Price']")
2026-02-18 14:44:36,370 - Waiting for element: ('xpath', "//input[contains(@placeholder,'From')]")
2026-02-18 14:44:36,894 - Waiting for element: ('xpath', "//input[contains(@placeholder,'To')]")
2026-02-18 14:44:59,831 - Waiting for element: ('xpath', "//input[contains(@placeholder,'From')]")
2026-02-18 14:45:00,493 - Waiting for element: ('xpath', "//input[contains(@placeholder,'To')]")
2026-02-18 14:45:24,751 - Waiting for element: ('xpath', "//input[contains(@placeholder,'From')]")
2026-02-18 14:45:25,416 - Waiting for element: ('xpath', "//input[contains(@placeholder,'To')]")
2026-02-18 14:45:27,141 - Waiting for clickable element: ('xpath', "//span[text()='Price']")
2026-02-18 14:45:29,895 - Clicking element: ('xpath', "//span[text()='Price']")
2026-02-18 14:45:49,230 - Waiting for element: ('xpath', "//input[contains(@placeholder,'From')]")
2026-02-18 14:45:49,842 - Waiting for element: ('xpath', "//input[contains(@placeholder,'To')]")
2026-02-18 14:45:51,448 - Waiting for clickable element: ('xpath', "//span[text()='Departure Time']")
2026-02-18 14:45:55,187 - Clicking element: ('xpath', "//span[text()='Departure Time']")
2026-02-18 14:46:14,539 - Waiting for element: ('xpath', "//input[contains(@placeholder,'From')]")
2026-02-18 14:46:15,394 - Waiting for element: ('xpath', "//input[contains(@placeholder,'To')]")
2026-02-18 14:46:16,973 - Waiting for clickable element: ('xpath', "//span[text()='AC']")
2026-02-18 14:46:19,023 - Clicking element: ('xpath', "//span[text()='AC']")
2026-02-18 14:46:38,507 - Waiting for element: ('xpath', "//input[contains(@placeholder,'From')]")
2026-02-18 14:46:39,178 - Waiting for element: ('xpath', "//input[contains(@placeholder,'To')]")
2026-02-18 14:46:40,810 - Waiting for clickable element: ('xpath', "//span[text()='Price']")
2026-02-18 14:46:43,206 - Clicking element: ('xpath', "//span[text()='Price']")
2026-02-18 14:46:43,932 - Waiting for clickable element: ('xpath', "//span[text()='AC']")
2026-02-18 14:46:44,011 - Clicking element: ('xpath', "//span[text()='AC']")
2026-02-18 14:47:05,466 - Waiting for element: ('xpath', "//input[contains(@placeholder,'From')]")
2026-02-18 14:47:05,935 - Waiting for element: ('xpath', "//input[contains(@placeholder,'To')]")
2026-02-18 14:47:07,474 - Waiting for clickable element: ('xpath', "//span[text()='Price']")
2026-02-18 14:47:09,754 - Clicking element: ('xpath', "//span[text()='Price']")
2026-02-18 14:47:11,875 - Waiting for element: ('xpath', "//button[contains(@class,'seat')]")
2026-02-18 14:47:31,047 - Waiting for element: ('xpath', "//input[contains(@placeholder,'From')]")
2026-02-18 14:47:31,946 - Waiting for element: ('xpath', "//input[contains(@placeholder,'To')]")
2026-02-18 14:47:33,828 - Waiting for clickable element: ('xpath', "//span[text()='Price']")
2026-02-18 14:47:36,075 - Clicking element: ('xpath', "//span[text()='Price']")
2026-02-18 14:47:58,079 - Waiting for element: ('xpath', "//input[contains(@placeholder,'From')]")
2026-02-18 14:47:58,842 - Waiting for element: ('xpath', "//input[contains(@placeholder,'To')]")
2026-02-18 14:48:00,362 - Waiting for clickable element: ('xpath', "//span[text()='Price']")
2026-02-18 14:48:03,341 - Clicking element: ('xpath', "//span[text()='Price']")
2026-02-18 14:48:24,334 - Waiting for element: ('xpath', "//input[contains(@placeholder,'From')]")
2026-02-18 14:48:24,889 - Waiting for element: ('xpath', "//input[contains(@placeholder,'To')]")
2026-02-18 14:48:26,584 - Waiting for clickable element: ('xpath', "//span[text()='Price']")
2026-02-18 14:48:28,751 - Clicking element: ('xpath', "//span[text()='Price']")
2026-02-18 14:48:49,177 - Waiting for element: ('xpath', "//input[contains(@placeholder,'From')]")
2026-02-18 14:48:49,786 - Waiting for element: ('xpath', "//input[contains(@placeholder,'To')]")
2026-02-18 14:48:51,778 - Waiting for clickable element: ('xpath', "//span[text()='Price']")
2026-02-18 14:48:54,305 - Clicking element: ('xpath', "//span[text()='Price']")
2026-02-18 14:48:55,068 - Waiting for clickable element: ('xpath', "//span[text()='Departure Time']")
2026-02-18 14:48:55,160 - Clicking element: ('xpath', "//span[text()='Departure Time']")
2026-02-18 14:49:15,004 - Waiting for element: ('xpath', "//input[contains(@placeholder,'From')]")
2026-02-18 14:49:15,482 - Waiting for element: ('xpath', "//input[contains(@placeholder,'To')]")
2026-02-18 14:49:17,662 - Waiting for clickable element: ('xpath', "//span[text()='AC']")
2026-02-18 14:49:20,232 - Clicking element: ('xpath', "//span[text()='AC']")
2026-02-18 14:49:20,599 - Waiting for clickable element: ('xpath', "//span[text()='AC']")
2026-02-18 14:49:20,653 - Clicking element: ('xpath', "//span[text()='AC']")
2026-02-18 14:49:41,332 - Waiting for element: ('xpath', "//input[contains(@placeholder,'From')]")
2026-02-18 14:49:41,854 - Waiting for element: ('xpath', "//input[contains(@placeholder,'To')]")
2026-02-18 14:49:43,214 - Waiting for clickable element: ('xpath', "//span[text()='AC']")
2026-02-18 14:49:45,731 - Clicking element: ('xpath', "//span[text()='AC']")
2026-02-18 14:50:04,838 - Waiting for element: ('xpath', "//input[contains(@placeholder,'From')]")
2026-02-18 14:50:05,309 - Waiting for element: ('xpath', "//input[contains(@placeholder,'To')]")
2026-02-18 14:50:07,209 - Waiting for clickable element: ('xpath', "//span[text()='Price']")
2026-02-18 14:50:09,624 - Clicking element: ('xpath', "//span[text()='Price']")
2026-02-18 14:50:10,501 - Waiting for element: ('xpath', "//button[contains(@class,'seat')]")
2026-02-18 14:50:29,034 - Waiting for element: ('xpath', "//input[contains(@placeholder,'From')]")
2026-02-18 14:50:29,621 - Waiting for element: ('xpath', "//input[contains(@placeholder,'To')]")
2026-02-18 14:50:31,196 - Waiting for clickable element: ('xpath', "//span[text()='Price']")
2026-02-18 14:50:33,442 - Clicking element: ('xpath', "//span[text()='Price']")
2026-02-18 14:50:54,626 - Waiting for element: ('xpath', "//input[contains(@placeholder,'From')]")
2026-02-18 14:50:55,298 - Waiting for element: ('xpath', "//input[contains(@placeholder,'To')]")
2026-02-18 14:50:57,103 - Waiting for clickable element: ('xpath', "//span[text()='Price']")
2026-02-18 14:50:59,728 - Clicking element: ('xpath', "//span[text()='Price']")
2026-02-18 14:51:21,737 - Waiting for element: ('xpath', "//input[contains(@placeholder,'From')]")
2026-02-18 14:51:22,343 - Waiting for element: ('xpath', "//input[contains(@placeholder,'To')]")
2026-02-18 14:51:24,008 - Waiting for clickable element: ('xpath', "//span[text()='Price']")
2026-02-18 14:51:26,394 - Clicking element: ('xpath', "//span[text()='Price']")
2026-02-18 14:51:51,055 - Waiting for element: ('xpath', "//input[contains(@placeholder,'From')]")
2026-02-18 14:51:51,574 - Waiting for element: ('xpath', "//input[contains(@placeholder,'To')]")
2026-02-18 14:51:52,982 - Waiting for clickable element: ('xpath', "//span[text()='Price']")
2026-02-18 14:51:54,871 - Clicking element: ('xpath', "//span[text()='Price']")
2026-02-18 14:52:18,917 - Waiting for element: ('xpath', "//input[contains(@placeholder,'From')]")
2026-02-18 14:52:19,326 - Waiting for element: ('xpath', "//input[contains(@placeholder,'To')]")
2026-02-18 14:52:20,621 - Waiting for clickable element: ('xpath', "//span[text()='AC']")
2026-02-18 14:52:22,866 - Clicking element: ('xpath', "//span[text()='AC']")
2026-02-18 14:52:23,105 - Waiting for clickable element: ('xpath', "//span[text()='Price']")
2026-02-18 14:52:23,156 - Clicking element: ('xpath', "//span[text()='Price']")
2026-02-18 14:52:45,235 - Waiting for element: ('xpath', "//input[contains(@placeholder,'From')]")
2026-02-18 14:52:46,039 - Waiting for element: ('xpath', "//input[contains(@placeholder,'To')]")
2026-02-18 14:52:47,904 - Waiting for clickable element: ('xpath', "//span[text()='Price']")
2026-02-18 14:52:50,242 - Clicking element: ('xpath', "//span[text()='Price']")
2026-02-18 14:53:15,842 - Waiting for element: ('xpath', "//input[contains(@placeholder,'From')]")
2026-02-18 14:53:16,348 - Waiting for element: ('xpath', "//input[contains(@placeholder,'To')]")
2026-02-18 14:53:17,818 - Waiting for clickable element: ('xpath', "//span[text()='Price']")
2026-02-18 14:53:19,866 - Clicking element: ('xpath', "//span[text()='Price']")
2026-02-18 14:53:46,427 - Waiting for element: ('xpath', "//input[contains(@placeholder,'From')]")
2026-02-18 14:53:46,974 - Waiting for element: ('xpath', "//input[contains(@placeholder,'To')]")
2026-02-18 14:53:48,717 - Waiting for clickable element: ('xpath', "//span[text()='Price']")
2026-02-18 14:53:51,328 - Clicking element: ('xpath', "//span[text()='Price']")
2026-02-18 14:53:51,959 - Waiting for clickable element: ('xpath', "//span[text()='AC']")
2026-02-18 14:53:52,016 - Clicking element: ('xpath', "//span[text()='AC']")
